In file included from src/main.c:29:
/usr/include/X11/X.h: In function ‘asset_cleanup’:
/usr/include/X11/X.h:66:23: error: storage class specified for parameter ‘XID’
   66 | typedef unsigned long XID;
      |                       ^~~
/usr/include/X11/X.h:70:23: error: storage class specified for parameter ‘Mask’
   70 | typedef unsigned long Mask;
      |                       ^~~~
/usr/include/X11/X.h:74:23: error: storage class specified for parameter ‘Atom’
   74 | typedef unsigned long Atom;             /* Also in Xdefs.h */
      |                       ^~~~
/usr/include/X11/X.h:76:23: error: storage class specified for parameter ‘VisualID’
   76 | typedef unsigned long VisualID;
      |                       ^~~~~~~~
/usr/include/X11/X.h:77:23: error: storage class specified for parameter ‘Time’
   77 | typedef unsigned long Time;
      |                       ^~~~
/usr/include/X11/X.h:96:13: error: expected ‘=’, ‘,’, ‘;’, ‘asm’ or ‘__attribute__’ before ‘Window’
   96 | typedef XID Window;
      |             ^~~~~~
/usr/include/X11/X.h:97:13: error: expected ‘=’, ‘,’, ‘;’, ‘asm’ or ‘__attribute__’ before ‘Drawable’
   97 | typedef XID Drawable;
      |             ^~~~~~~~
/usr/include/X11/X.h:100:13: error: expected ‘=’, ‘,’, ‘;’, ‘asm’ or ‘__attribute__’ before ‘Font’
  100 | typedef XID Font;
      |             ^~~~
/usr/include/X11/X.h:102:13: error: expected ‘=’, ‘,’, ‘;’, ‘asm’ or ‘__attribute__’ before ‘Pixmap’
  102 | typedef XID Pixmap;
      |             ^~~~~~
/usr/include/X11/X.h:103:13: error: expected ‘=’, ‘,’, ‘;’, ‘asm’ or ‘__attribute__’ before ‘Cursor’
  103 | typedef XID Cursor;
      |             ^~~~~~
/usr/include/X11/X.h:104:13: error: expected ‘=’, ‘,’, ‘;’, ‘asm’ or ‘__attribute__’ before ‘Colormap’
  104 | typedef XID Colormap;
      |             ^~~~~~~~
/usr/include/X11/X.h:105:13: error: expected ‘=’, ‘,’, ‘;’, ‘asm’ or ‘__attribute__’ before ‘GContext’
  105 | typedef XID GContext;
      |             ^~~~~~~~
/usr/include/X11/X.h:106:13: error: expected ‘=’, ‘,’, ‘;’, ‘asm’ or ‘__attribute__’ before ‘KeySym’
  106 | typedef XID KeySym;
      |             ^~~~~~
/usr/include/X11/X.h:108:23: error: storage class specified for parameter ‘KeyCode’
  108 | typedef unsigned char KeyCode;
      |                       ^~~~~~~
In file included from /usr/include/gtk-4.0/gdk/x11/gdkx.h:33,
                 from src/main.c:30:
/usr/include/X11/Xlib.h:59:1: error: storage class specified for parameter ‘_Xmblen’
   59 | _Xmblen(
      | ^~~~~~~
/usr/include/X11/Xlib.h:76:15: error: storage class specified for parameter ‘XPointer’
   76 | typedef char *XPointer;
      |               ^~~~~~~~
/usr/include/X11/Xlib.h:150:9: error: expected specifier-qualifier-list before ‘XPointer’
  150 |         XPointer private_data;  /* data private to this extension. */
      |         ^~~~~~~~
/usr/include/X11/Xlib.h:151:3: error: storage class specified for parameter ‘XExtData’
  151 | } XExtData;
      |   ^~~~~~~~
/usr/include/X11/Xlib.h:161:3: error: storage class specified for parameter ‘XExtCodes’
  161 | } XExtCodes;
      |   ^~~~~~~~~
/usr/include/X11/Xlib.h:171:3: error: storage class specified for parameter ‘XPixmapFormatValues’
  171 | } XPixmapFormatValues;
      |   ^~~~~~~~~~~~~~~~~~~
/usr/include/X11/Xlib.h:191:9: error: unknown type name ‘Pixmap’; did you mean ‘ZPixmap’?
  191 |         Pixmap tile;            /* tile pixmap for tiling operations */
      |         ^~~~~~
      |         ZPixmap
/usr/include/X11/Xlib.h:192:9: error: unknown type name ‘Pixmap’; did you mean ‘ZPixmap’?
  192 |         Pixmap stipple;         /* stipple 1 plane pixmap for stippling */
      |         ^~~~~~
      |         ZPixmap
/usr/include/X11/Xlib.h:195:9: error: unknown type name ‘Font’
  195 |         Font font;              /* default text font for text operations */
      |         ^~~~
/usr/include/X11/Xlib.h:200:9: error: unknown type name ‘Pixmap’; did you mean ‘ZPixmap’?
  200 |         Pixmap clip_mask;       /* bitmap clipping; other calls for rects */
      |         ^~~~~~
      |         ZPixmap
/usr/include/X11/Xlib.h:203:3: error: storage class specified for parameter ‘XGCValues’
  203 | } XGCValues;
      |   ^~~~~~~~~
/usr/include/X11/Xlib.h:218:2: error: storage class specified for parameter ‘GC’
  218 | *GC;
      |  ^~
/usr/include/X11/Xlib.h:224:9: error: expected specifier-qualifier-list before ‘XExtData’
  224 |         XExtData *ext_data;     /* hook for extension to hang data */
      |         ^~~~~~~~
/usr/include/X11/Xlib.h:234:3: error: storage class specified for parameter ‘Visual’
  234 | } Visual;
      |   ^~~~~~
/usr/include/X11/Xlib.h:242:9: error: expected specifier-qualifier-list before ‘Visual’
  242 |         Visual *visuals;        /* list of visuals possible at this depth */
      |         ^~~~~~
/usr/include/X11/Xlib.h:243:3: error: storage class specified for parameter ‘Depth’
  243 | } Depth;
      |   ^~~~~
/usr/include/X11/Xlib.h:254:9: error: expected specifier-qualifier-list before ‘XExtData’
  254 |         XExtData *ext_data;     /* hook for extension to hang data */
      |         ^~~~~~~~
/usr/include/X11/Xlib.h:271:3: error: storage class specified for parameter ‘Screen’
  271 | } Screen;
      |   ^~~~~~
/usr/include/X11/Xlib.h:277:9: error: expected specifier-qualifier-list before ‘XExtData’
  277 |         XExtData *ext_data;     /* hook for extension to hang data */
      |         ^~~~~~~~
/usr/include/X11/Xlib.h:281:3: error: storage class specified for parameter ‘ScreenFormat’
  281 | } ScreenFormat;
      |   ^~~~~~~~~~~~
/usr/include/X11/Xlib.h:287:5: error: unknown type name ‘Pixmap’; did you mean ‘ZPixmap’?
  287 |     Pixmap background_pixmap;   /* background or None or ParentRelative */
      |     ^~~~~~
      |     ZPixmap
/usr/include/X11/Xlib.h:289:5: error: unknown type name ‘Pixmap’; did you mean ‘ZPixmap’?
  289 |     Pixmap border_pixmap;       /* border of the window */
      |     ^~~~~~
      |     ZPixmap
/usr/include/X11/Xlib.h:300:5: error: unknown type name ‘Colormap’; did you mean ‘CWColormap’?
  300 |     Colormap colormap;          /* color map to be associated with window */
      |     ^~~~~~~~
      |     CWColormap
/usr/include/X11/Xlib.h:301:5: error: unknown type name ‘Cursor’; did you mean ‘CWCursor’?
  301 |     Cursor cursor;              /* cursor to be displayed (or None) */
      |     ^~~~~~
      |     CWCursor
/usr/include/X11/Xlib.h:302:3: error: storage class specified for parameter ‘XSetWindowAttributes’
  302 | } XSetWindowAttributes;
      |   ^~~~~~~~~~~~~~~~~~~~
/usr/include/X11/Xlib.h:309:5: error: expected specifier-qualifier-list before ‘Visual’
  309 |     Visual *visual;             /* the associated visual structure */
      |     ^~~~~~
/usr/include/X11/Xlib.h:330:3: error: storage class specified for parameter ‘XWindowAttributes’
  330 | } XWindowAttributes;
      |   ^~~~~~~~~~~~~~~~~
/usr/include/X11/Xlib.h:341:3: error: storage class specified for parameter ‘XHostAddress’
  341 | } XHostAddress;
      |   ^~~~~~~~~~~~
/usr/include/X11/Xlib.h:351:3: error: storage class specified for parameter ‘XServerInterpretedAddress’
  351 | } XServerInterpretedAddress;
      |   ^~~~~~~~~~~~~~~~~~~~~~~~~
/usr/include/X11/Xlib.h:371:5: error: expected specifier-qualifier-list before ‘XPointer’
  371 |     XPointer obdata;            /* hook for the object routines to hang on */
      |     ^~~~~~~~
/usr/include/X11/Xlib.h:390:3: error: storage class specified for parameter ‘XImage’
  390 | } XImage;
      |   ^~~~~~
/usr/include/X11/Xlib.h:399:5: error: unknown type name ‘Window’; did you mean ‘GtkWindow’?
  399 |     Window sibling;
      |     ^~~~~~
      |     GtkWindow
/usr/include/X11/Xlib.h:401:3: error: storage class specified for parameter ‘XWindowChanges’
  401 | } XWindowChanges;
      |   ^~~~~~~~~~~~~~
/usr/include/X11/Xlib.h:411:3: error: storage class specified for parameter ‘XColor’
  411 | } XColor;
      |   ^~~~~~
/usr/include/X11/Xlib.h:420:3: error: storage class specified for parameter ‘XSegment’
  420 | } XSegment;
      |   ^~~~~~~~
/usr/include/X11/Xlib.h:424:3: error: storage class specified for parameter ‘XPoint’
  424 | } XPoint;
      |   ^~~~~~
/usr/include/X11/Xlib.h:429:3: error: storage class specified for parameter ‘XRectangle’
  429 | } XRectangle;
      |   ^~~~~~~~~~
/usr/include/X11/Xlib.h:435:3: error: storage class specified for parameter ‘XArc’
  435 | } XArc;
      |   ^~~~
/usr/include/X11/Xlib.h:449:3: error: storage class specified for parameter ‘XKeyboardControl’
  449 | } XKeyboardControl;
      |   ^~~~~~~~~~~~~~~~
/usr/include/X11/Xlib.h:460:3: error: storage class specified for parameter ‘XKeyboardState’
  460 | } XKeyboardState;
      |   ^~~~~~~~~~~~~~
/usr/include/X11/Xlib.h:465:9: error: expected specifier-qualifier-list before ‘Time’
  465 |         Time time;
      |         ^~~~
/usr/include/X11/Xlib.h:467:3: error: storage class specified for parameter ‘XTimeCoord’
  467 | } XTimeCoord;
      |   ^~~~~~~~~~
/usr/include/X11/Xlib.h:473:9: error: expected specifier-qualifier-list before ‘KeyCode’
  473 |         KeyCode *modifiermap;   /* An 8 by max_keypermod array of modifiers */
      |         ^~~~~~~
/usr/include/X11/Xlib.h:474:3: error: storage class specified for parameter ‘XModifierKeymap’
  474 | } XModifierKeymap;
      |   ^~~~~~~~~~~~~~~
/usr/include/X11/Xlib.h:483:26: error: storage class specified for parameter ‘Display’
  483 | typedef struct _XDisplay Display;
      |                          ^~~~~~~
/usr/include/X11/Xlib.h:494:9: error: expected specifier-qualifier-list before ‘XExtData’
  494 |         XExtData *ext_data;     /* hook for extension to hang data */
      |         ^~~~~~~~
/usr/include/X11/Xlib.h:546:2: error: storage class specified for parameter ‘_XPrivDisplay’
  546 | *_XPrivDisplay;
      |  ^~~~~~~~~~~~~
/usr/include/X11/Xlib.h:557:9: error: expected specifier-qualifier-list before ‘Display’
  557 |         Display *display;       /* Display the event was read from */
      |         ^~~~~~~
/usr/include/X11/Xlib.h:567:3: error: storage class specified for parameter ‘XKeyEvent’
  567 | } XKeyEvent;
      |   ^~~~~~~~~
/usr/include/X11/Xlib.h:568:19: error: expected ‘=’, ‘,’, ‘;’, ‘asm’ or ‘__attribute__’ before ‘XKeyPressedEvent’
  568 | typedef XKeyEvent XKeyPressedEvent;
      |                   ^~~~~~~~~~~~~~~~
/usr/include/X11/Xlib.h:569:19: error: expected ‘=’, ‘,’, ‘;’, ‘asm’ or ‘__attribute__’ before ‘XKeyReleasedEvent’
  569 | typedef XKeyEvent XKeyReleasedEvent;
      |                   ^~~~~~~~~~~~~~~~~
/usr/include/X11/Xlib.h:575:9: error: expected specifier-qualifier-list before ‘Display’
  575 |         Display *display;       /* Display the event was read from */
      |         ^~~~~~~
/usr/include/X11/Xlib.h:585:3: error: storage class specified for parameter ‘XButtonEvent’
  585 | } XButtonEvent;
      |   ^~~~~~~~~~~~
/usr/include/X11/Xlib.h:586:22: error: expected ‘=’, ‘,’, ‘;’, ‘asm’ or ‘__attribute__’ before ‘XButtonPressedEvent’
  586 | typedef XButtonEvent XButtonPressedEvent;
      |                      ^~~~~~~~~~~~~~~~~~~
/usr/include/X11/Xlib.h:587:22: error: expected ‘=’, ‘,’, ‘;’, ‘asm’ or ‘__attribute__’ before ‘XButtonReleasedEvent’
  587 | typedef XButtonEvent XButtonReleasedEvent;
      |                      ^~~~~~~~~~~~~~~~~~~~
/usr/include/X11/Xlib.h:593:9: error: expected specifier-qualifier-list before ‘Display’
  593 |         Display *display;       /* Display the event was read from */
      |         ^~~~~~~
/usr/include/X11/Xlib.h:603:3: error: storage class specified for parameter ‘XMotionEvent’
  603 | } XMotionEvent;
      |   ^~~~~~~~~~~~
/usr/include/X11/Xlib.h:604:22: error: expected ‘=’, ‘,’, ‘;’, ‘asm’ or ‘__attribute__’ before ‘XPointerMovedEvent’
  604 | typedef XMotionEvent XPointerMovedEvent;
      |                      ^~~~~~~~~~~~~~~~~~
/usr/include/X11/Xlib.h:610:9: error: expected specifier-qualifier-list before ‘Display’
  610 |         Display *display;       /* Display the event was read from */
      |         ^~~~~~~
/usr/include/X11/Xlib.h:626:3: error: storage class specified for parameter ‘XCrossingEvent’
  626 | } XCrossingEvent;
      |   ^~~~~~~~~~~~~~
/usr/include/X11/Xlib.h:627:24: error: expected ‘=’, ‘,’, ‘;’, ‘asm’ or ‘__attribute__’ before ‘XEnterWindowEvent’
  627 | typedef XCrossingEvent XEnterWindowEvent;
      |                        ^~~~~~~~~~~~~~~~~
/usr/include/X11/Xlib.h:628:24: error: expected ‘=’, ‘,’, ‘;’, ‘asm’ or ‘__attribute__’ before ‘XLeaveWindowEvent’
  628 | typedef XCrossingEvent XLeaveWindowEvent;
      |                        ^~~~~~~~~~~~~~~~~
/usr/include/X11/Xlib.h:634:9: error: expected specifier-qualifier-list before ‘Display’
  634 |         Display *display;       /* Display the event was read from */
      |         ^~~~~~~
/usr/include/X11/Xlib.h:644:3: error: storage class specified for parameter ‘XFocusChangeEvent’
  644 | } XFocusChangeEvent;
      |   ^~~~~~~~~~~~~~~~~
/usr/include/X11/Xlib.h:645:27: error: expected ‘=’, ‘,’, ‘;’, ‘asm’ or ‘__attribute__’ before ‘XFocusInEvent’
  645 | typedef XFocusChangeEvent XFocusInEvent;
      |                           ^~~~~~~~~~~~~
/usr/include/X11/Xlib.h:646:27: error: expected ‘=’, ‘,’, ‘;’, ‘asm’ or ‘__attribute__’ before ‘XFocusOutEvent’
  646 | typedef XFocusChangeEvent XFocusOutEvent;
      |                           ^~~~~~~~~~~~~~
/usr/include/X11/Xlib.h:653:9: error: expected specifier-qualifier-list before ‘Display’
  653 |         Display *display;       /* Display the event was read from */
      |         ^~~~~~~
/usr/include/X11/Xlib.h:656:3: error: storage class specified for parameter ‘XKeymapEvent’
  656 | } XKeymapEvent;
      |   ^~~~~~~~~~~~
/usr/include/X11/Xlib.h:662:9: error: expected specifier-qualifier-list before ‘Display’
  662 |         Display *display;       /* Display the event was read from */
      |         ^~~~~~~
/usr/include/X11/Xlib.h:667:3: error: storage class specified for parameter ‘XExposeEvent’
  667 | } XExposeEvent;
      |   ^~~~~~~~~~~~
/usr/include/X11/Xlib.h:673:9: error: expected specifier-qualifier-list before ‘Display’
  673 |         Display *display;       /* Display the event was read from */
      |         ^~~~~~~
/usr/include/X11/Xlib.h:680:3: error: storage class specified for parameter ‘XGraphicsExposeEvent’
  680 | } XGraphicsExposeEvent;
      |   ^~~~~~~~~~~~~~~~~~~~
/usr/include/X11/Xlib.h:686:9: error: expected specifier-qualifier-list before ‘Display’
  686 |         Display *display;       /* Display the event was read from */
      |         ^~~~~~~
/usr/include/X11/Xlib.h:690:3: error: storage class specified for parameter ‘XNoExposeEvent’
  690 | } XNoExposeEvent;
      |   ^~~~~~~~~~~~~~
/usr/include/X11/Xlib.h:696:9: error: expected specifier-qualifier-list before ‘Display’
  696 |         Display *display;       /* Display the event was read from */
      |         ^~~~~~~
/usr/include/X11/Xlib.h:699:3: error: storage class specified for parameter ‘XVisibilityEvent’
  699 | } XVisibilityEvent;
      |   ^~~~~~~~~~~~~~~~
/usr/include/X11/Xlib.h:705:9: error: expected specifier-qualifier-list before ‘Display’
  705 |         Display *display;       /* Display the event was read from */
      |         ^~~~~~~
/usr/include/X11/Xlib.h:712:3: error: storage class specified for parameter ‘XCreateWindowEvent’
  712 | } XCreateWindowEvent;
      |   ^~~~~~~~~~~~~~~~~~
/usr/include/X11/Xlib.h:718:9: error: expected specifier-qualifier-list before ‘Display’
  718 |         Display *display;       /* Display the event was read from */
      |         ^~~~~~~
/usr/include/X11/Xlib.h:721:3: error: storage class specified for parameter ‘XDestroyWindowEvent’
  721 | } XDestroyWindowEvent;
      |   ^~~~~~~~~~~~~~~~~~~
/usr/include/X11/Xlib.h:727:9: error: expected specifier-qualifier-list before ‘Display’
  727 |         Display *display;       /* Display the event was read from */
      |         ^~~~~~~
/usr/include/X11/Xlib.h:731:3: error: storage class specified for parameter ‘XUnmapEvent’
  731 | } XUnmapEvent;
      |   ^~~~~~~~~~~
/usr/include/X11/Xlib.h:737:9: error: expected specifier-qualifier-list before ‘Display’
  737 |         Display *display;       /* Display the event was read from */
      |         ^~~~~~~
/usr/include/X11/Xlib.h:741:3: error: storage class specified for parameter ‘XMapEvent’
  741 | } XMapEvent;
      |   ^~~~~~~~~
/usr/include/X11/Xlib.h:747:9: error: expected specifier-qualifier-list before ‘Display’
  747 |         Display *display;       /* Display the event was read from */
      |         ^~~~~~~
/usr/include/X11/Xlib.h:750:3: error: storage class specified for parameter ‘XMapRequestEvent’
  750 | } XMapRequestEvent;
      |   ^~~~~~~~~~~~~~~~
/usr/include/X11/Xlib.h:756:9: error: expected specifier-qualifier-list before ‘Display’
  756 |         Display *display;       /* Display the event was read from */
      |         ^~~~~~~
/usr/include/X11/Xlib.h:762:3: error: storage class specified for parameter ‘XReparentEvent’
  762 | } XReparentEvent;
      |   ^~~~~~~~~~~~~~
/usr/include/X11/Xlib.h:768:9: error: expected specifier-qualifier-list before ‘Display’
  768 |         Display *display;       /* Display the event was read from */
      |         ^~~~~~~
/usr/include/X11/Xlib.h:776:3: error: storage class specified for parameter ‘XConfigureEvent’
  776 | } XConfigureEvent;
      |   ^~~~~~~~~~~~~~~
/usr/include/X11/Xlib.h:782:9: error: expected specifier-qualifier-list before ‘Display’
  782 |         Display *display;       /* Display the event was read from */
      |         ^~~~~~~
/usr/include/X11/Xlib.h:786:3: error: storage class specified for parameter ‘XGravityEvent’
  786 | } XGravityEvent;
      |   ^~~~~~~~~~~~~
/usr/include/X11/Xlib.h:792:9: error: expected specifier-qualifier-list before ‘Display’
  792 |         Display *display;       /* Display the event was read from */
      |         ^~~~~~~
/usr/include/X11/Xlib.h:795:3: error: storage class specified for parameter ‘XResizeRequestEvent’
  795 | } XResizeRequestEvent;
      |   ^~~~~~~~~~~~~~~~~~~
/usr/include/X11/Xlib.h:801:9: error: expected specifier-qualifier-list before ‘Display’
  801 |         Display *display;       /* Display the event was read from */
      |         ^~~~~~~
/usr/include/X11/Xlib.h:810:3: error: storage class specified for parameter ‘XConfigureRequestEvent’
  810 | } XConfigureRequestEvent;
      |   ^~~~~~~~~~~~~~~~~~~~~~
/usr/include/X11/Xlib.h:816:9: error: expected specifier-qualifier-list before ‘Display’
  816 |         Display *display;       /* Display the event was read from */
      |         ^~~~~~~
/usr/include/X11/Xlib.h:820:3: error: storage class specified for parameter ‘XCirculateEvent’
  820 | } XCirculateEvent;
      |   ^~~~~~~~~~~~~~~
/usr/include/X11/Xlib.h:826:9: error: expected specifier-qualifier-list before ‘Display’
  826 |         Display *display;       /* Display the event was read from */
      |         ^~~~~~~
/usr/include/X11/Xlib.h:830:3: error: storage class specified for parameter ‘XCirculateRequestEvent’
  830 | } XCirculateRequestEvent;
      |   ^~~~~~~~~~~~~~~~~~~~~~
/usr/include/X11/Xlib.h:836:9: error: expected specifier-qualifier-list before ‘Display’
  836 |         Display *display;       /* Display the event was read from */
      |         ^~~~~~~
/usr/include/X11/Xlib.h:841:3: error: storage class specified for parameter ‘XPropertyEvent’
  841 | } XPropertyEvent;
      |   ^~~~~~~~~~~~~~
/usr/include/X11/Xlib.h:847:9: error: expected specifier-qualifier-list before ‘Display’
  847 |         Display *display;       /* Display the event was read from */
      |         ^~~~~~~
/usr/include/X11/Xlib.h:851:3: error: storage class specified for parameter ‘XSelectionClearEvent’
  851 | } XSelectionClearEvent;
      |   ^~~~~~~~~~~~~~~~~~~~
/usr/include/X11/Xlib.h:857:9: error: expected specifier-qualifier-list before ‘Display’
  857 |         Display *display;       /* Display the event was read from */
      |         ^~~~~~~
/usr/include/X11/Xlib.h:864:3: error: storage class specified for parameter ‘XSelectionRequestEvent’
  864 | } XSelectionRequestEvent;
      |   ^~~~~~~~~~~~~~~~~~~~~~
/usr/include/X11/Xlib.h:870:9: error: expected specifier-qualifier-list before ‘Display’
  870 |         Display *display;       /* Display the event was read from */
      |         ^~~~~~~
/usr/include/X11/Xlib.h:876:3: error: storage class specified for parameter ‘XSelectionEvent’
  876 | } XSelectionEvent;
      |   ^~~~~~~~~~~~~~~
/usr/include/X11/Xlib.h:882:9: error: expected specifier-qualifier-list before ‘Display’
  882 |         Display *display;       /* Display the event was read from */
      |         ^~~~~~~
/usr/include/X11/Xlib.h:891:3: error: storage class specified for parameter ‘XColormapEvent’
  891 | } XColormapEvent;
      |   ^~~~~~~~~~~~~~
/usr/include/X11/Xlib.h:897:9: error: expected specifier-qualifier-list before ‘Display’
  897 |         Display *display;       /* Display the event was read from */
      |         ^~~~~~~
/usr/include/X11/Xlib.h:906:3: error: storage class specified for parameter ‘XClientMessageEvent’
  906 | } XClientMessageEvent;
      |   ^~~~~~~~~~~~~~~~~~~
/usr/include/X11/Xlib.h:912:9: error: expected specifier-qualifier-list before ‘Display’
  912 |         Display *display;       /* Display the event was read from */
      |         ^~~~~~~
/usr/include/X11/Xlib.h:918:3: error: storage class specified for parameter ‘XMappingEvent’
  918 | } XMappingEvent;
      |   ^~~~~~~~~~~~~
/usr/include/X11/Xlib.h:922:9: error: expected specifier-qualifier-list before ‘Display’
  922 |         Display *display;       /* Display the event was read from */
      |         ^~~~~~~
/usr/include/X11/Xlib.h:928:3: error: storage class specified for parameter ‘XErrorEvent’
  928 | } XErrorEvent;
      |   ^~~~~~~~~~~
/usr/include/X11/Xlib.h:934:9: error: expected specifier-qualifier-list before ‘Display’
  934 |         Display *display;/* Display the event was read from */
      |         ^~~~~~~
/usr/include/X11/Xlib.h:936:3: error: storage class specified for parameter ‘XAnyEvent’
  936 | } XAnyEvent;
      |   ^~~~~~~~~
/usr/include/X11/Xlib.h:949:5: error: expected specifier-qualifier-list before ‘Display’
  949 |     Display        *display;     /* Display the event was read from */
      |     ^~~~~~~
/usr/include/X11/Xlib.h:952:7: error: storage class specified for parameter ‘XGenericEvent’
  952 |     } XGenericEvent;
      |       ^~~~~~~~~~~~~
/usr/include/X11/Xlib.h:958:5: error: expected specifier-qualifier-list before ‘Display’
  958 |     Display        *display;     /* Display the event was read from */
      |     ^~~~~~~
/usr/include/X11/Xlib.h:963:3: error: storage class specified for parameter ‘XGenericEventCookie’
  963 | } XGenericEventCookie;
      |   ^~~~~~~~~~~~~~~~~~~
/usr/include/X11/Xlib.h:971:9: error: expected specifier-qualifier-list before ‘XAnyEvent’
  971 |         XAnyEvent xany;
      |         ^~~~~~~~~
/usr/include/X11/Xlib.h:1005:3: error: storage class specified for parameter ‘XEvent’
 1005 | } XEvent;
      |   ^~~~~~
/usr/include/X11/Xlib.h:1020:3: error: storage class specified for parameter ‘XCharStruct’
 1020 | } XCharStruct;
      |   ^~~~~~~~~~~
/usr/include/X11/Xlib.h:1027:5: error: expected specifier-qualifier-list before ‘Atom’
 1027 |     Atom name;
      |     ^~~~
/usr/include/X11/Xlib.h:1029:3: error: storage class specified for parameter ‘XFontProp’
 1029 | } XFontProp;
      |   ^~~~~~~~~
/usr/include/X11/Xlib.h:1032:5: error: expected specifier-qualifier-list before ‘XExtData’
 1032 |     XExtData    *ext_data;      /* hook for extension to hang data */
      |     ^~~~~~~~
/usr/include/X11/Xlib.h:1048:3: error: storage class specified for parameter ‘XFontStruct’
 1048 | } XFontStruct;
      |   ^~~~~~~~~~~
/usr/include/X11/Xlib.h:1057:5: error: unknown type name ‘Font’
 1057 |     Font font;                  /* font to print it in, None don't change */
      |     ^~~~
/usr/include/X11/Xlib.h:1058:3: error: storage class specified for parameter ‘XTextItem’
 1058 | } XTextItem;
      |   ^~~~~~~~~
/usr/include/X11/Xlib.h:1063:3: error: storage class specified for parameter ‘XChar2b’
 1063 | } XChar2b;
      |   ^~~~~~~
/usr/include/X11/Xlib.h:1066:5: error: expected specifier-qualifier-list before ‘XChar2b’
 1066 |     XChar2b *chars;             /* two byte characters */
      |     ^~~~~~~
/usr/include/X11/Xlib.h:1070:3: error: storage class specified for parameter ‘XTextItem16’
 1070 | } XTextItem16;
      |   ^~~~~~~~~~~
/usr/include/X11/Xlib.h:1073:17: error: expected specifier-qualifier-list before ‘Display’
 1073 | typedef union { Display *display;
      |                 ^~~~~~~
/usr/include/X11/Xlib.h:1078:38: error: storage class specified for parameter ‘XEDataObject’
 1078 |                 XFontStruct *font; } XEDataObject;
      |                                      ^~~~~~~~~~~~
/usr/include/X11/Xlib.h:1081:5: error: expected specifier-qualifier-list before ‘XRectangle’
 1081 |     XRectangle      max_ink_extent;
      |     ^~~~~~~~~~
/usr/include/X11/Xlib.h:1083:3: error: storage class specified for parameter ‘XFontSetExtents’
 1083 | } XFontSetExtents;
      |   ^~~~~~~~~~~~~~~
/usr/include/X11/Xlib.h:1089:22: error: storage class specified for parameter ‘XOM’
 1089 | typedef struct _XOM *XOM;
      |                      ^~~
/usr/include/X11/Xlib.h:1090:22: error: storage class specified for parameter ‘XOC’
 1090 | typedef struct _XOC *XOC, *XFontSet;
      |                      ^~~
/usr/include/X11/Xlib.h:1090:28: error: storage class specified for parameter ‘XFontSet’
 1090 | typedef struct _XOC *XOC, *XFontSet;
      |                            ^~~~~~~~
/usr/include/X11/Xlib.h:1096:5: error: expected specifier-qualifier-list before ‘XFontSet’
 1096 |     XFontSet        font_set;
      |     ^~~~~~~~
/usr/include/X11/Xlib.h:1097:3: error: storage class specified for parameter ‘XmbTextItem’
 1097 | } XmbTextItem;
      |   ^~~~~~~~~~~
/usr/include/X11/Xlib.h:1103:5: error: expected specifier-qualifier-list before ‘XFontSet’
 1103 |     XFontSet        font_set;
      |     ^~~~~~~~
/usr/include/X11/Xlib.h:1104:3: error: storage class specified for parameter ‘XwcTextItem’
 1104 | } XwcTextItem;
      |   ^~~~~~~~~~~
/usr/include/X11/Xlib.h:1120:3: error: storage class specified for parameter ‘XOMCharSetList’
 1120 | } XOMCharSetList;
      |   ^~~~~~~~~~~~~~
/usr/include/X11/Xlib.h:1128:3: error: storage class specified for parameter ‘XOrientation’
 1128 | } XOrientation;
      |   ^~~~~~~~~~~~
/usr/include/X11/Xlib.h:1132:5: error: expected specifier-qualifier-list before ‘XOrientation’
 1132 |     XOrientation *orientation;  /* Input Text description */
      |     ^~~~~~~~~~~~
/usr/include/X11/Xlib.h:1133:3: error: storage class specified for parameter ‘XOMOrientation’
 1133 | } XOMOrientation;
      |   ^~~~~~~~~~~~~~
/usr/include/X11/Xlib.h:1137:5: error: expected specifier-qualifier-list before ‘XFontStruct’
 1137 |     XFontStruct **font_struct_list;
      |     ^~~~~~~~~~~
/usr/include/X11/Xlib.h:1139:3: error: storage class specified for parameter ‘XOMFontInfo’
 1139 | } XOMFontInfo;
      |   ^~~~~~~~~~~
/usr/include/X11/Xlib.h:1141:22: error: storage class specified for parameter ‘XIM’
 1141 | typedef struct _XIM *XIM;
      |                      ^~~
/usr/include/X11/Xlib.h:1142:22: error: storage class specified for parameter ‘XIC’
 1142 | typedef struct _XIC *XIC;
      |                      ^~~
/usr/include/X11/Xlib.h:1144:16: error: storage class specified for parameter ‘XIMProc’
 1144 | typedef void (*XIMProc)(
      |                ^~~~~~~
/usr/include/X11/Xlib.h:1148:1: error: parameter names (without types) in function declaration [-Wdeclaration-missing-parameter-type]
 1148 | );
      | ^
/usr/include/X11/Xlib.h:1150:16: error: storage class specified for parameter ‘XICProc’
 1150 | typedef Bool (*XICProc)(
      |                ^~~~~~~
/usr/include/X11/Xlib.h:1154:1: error: parameter names (without types) in function declaration [-Wdeclaration-missing-parameter-type]
 1154 | );
      | ^
/usr/include/X11/Xlib.h:1157:5: error: expected declaration specifiers or ‘...’ before ‘Display’
 1157 |     Display*,
      |     ^~~~~~~
/usr/include/X11/Xlib.h:1158:5: error: expected declaration specifiers or ‘...’ before ‘XPointer’
 1158 |     XPointer,
      |     ^~~~~~~~
/usr/include/X11/Xlib.h:1159:5: error: expected declaration specifiers or ‘...’ before ‘XPointer’
 1159 |     XPointer
      |     ^~~~~~~~
/usr/include/X11/Xlib.h:1162:23: error: storage class specified for parameter ‘XIMStyle’
 1162 | typedef unsigned long XIMStyle;
      |                       ^~~~~~~~
/usr/include/X11/Xlib.h:1166:5: error: expected specifier-qualifier-list before ‘XIMStyle’
 1166 |     XIMStyle *supported_styles;
      |     ^~~~~~~~
/usr/include/X11/Xlib.h:1167:3: error: storage class specified for parameter ‘XIMStyles’
 1167 | } XIMStyles;
      |   ^~~~~~~~~
/usr/include/X11/Xlib.h:1229:15: error: storage class specified for parameter ‘XVaNestedList’
 1229 | typedef void *XVaNestedList;
      |               ^~~~~~~~~~~~~
/usr/include/X11/Xlib.h:1232:5: error: expected specifier-qualifier-list before ‘XPointer’
 1232 |     XPointer client_data;
      |     ^~~~~~~~
/usr/include/X11/Xlib.h:1234:3: error: storage class specified for parameter ‘XIMCallback’
 1234 | } XIMCallback;
      |   ^~~~~~~~~~~
/usr/include/X11/Xlib.h:1237:5: error: expected specifier-qualifier-list before ‘XPointer’
 1237 |     XPointer client_data;
      |     ^~~~~~~~
/usr/include/X11/Xlib.h:1239:3: error: storage class specified for parameter ‘XICCallback’
 1239 | } XICCallback;
      |   ^~~~~~~~~~~
/usr/include/X11/Xlib.h:1241:23: error: storage class specified for parameter ‘XIMFeedback’
 1241 | typedef unsigned long XIMFeedback;
      |                       ^~~~~~~~~~~
/usr/include/X11/Xlib.h:1255:5: error: expected specifier-qualifier-list before ‘XIMFeedback’
 1255 |     XIMFeedback *feedback;
      |     ^~~~~~~~~~~
/usr/include/X11/Xlib.h:1261:3: error: storage class specified for parameter ‘XIMText’
 1261 | } XIMText;
      |   ^~~~~~~
/usr/include/X11/Xlib.h:1263:26: error: storage class specified for parameter ‘XIMPreeditState’
 1263 | typedef unsigned long    XIMPreeditState;
      |                          ^~~~~~~~~~~~~~~
/usr/include/X11/Xlib.h:1270:5: error: expected specifier-qualifier-list before ‘XIMPreeditState’
 1270 |     XIMPreeditState state;
      |     ^~~~~~~~~~~~~~~
/usr/include/X11/Xlib.h:1271:3: error: storage class specified for parameter ‘XIMPreeditStateNotifyCallbackStruct’
 1271 | } XIMPreeditStateNotifyCallbackStruct;
      |   ^~~~~~~~~~~~~~~~~~~~~~~~~~~~~~~~~~~
/usr/include/X11/Xlib.h:1273:26: error: storage class specified for parameter ‘XIMResetState’
 1273 | typedef unsigned long    XIMResetState;
      |                          ^~~~~~~~~~~~~
/usr/include/X11/Xlib.h:1278:23: error: storage class specified for parameter ‘XIMStringConversionFeedback’
 1278 | typedef unsigned long XIMStringConversionFeedback;
      |                       ^~~~~~~~~~~~~~~~~~~~~~~~~~~
/usr/include/X11/Xlib.h:1289:5: error: expected specifier-qualifier-list before ‘XIMStringConversionFeedback’
 1289 |     XIMStringConversionFeedback *feedback;
      |     ^~~~~~~~~~~~~~~~~~~~~~~~~~~
/usr/include/X11/Xlib.h:1295:3: error: storage class specified for parameter ‘XIMStringConversionText’
 1295 | } XIMStringConversionText;
      |   ^~~~~~~~~~~~~~~~~~~~~~~
/usr/include/X11/Xlib.h:1297:25: error: storage class specified for parameter ‘XIMStringConversionPosition’
 1297 | typedef unsigned short  XIMStringConversionPosition;
      |                         ^~~~~~~~~~~~~~~~~~~~~~~~~~~
/usr/include/X11/Xlib.h:1299:25: error: storage class specified for parameter ‘XIMStringConversionType’
 1299 | typedef unsigned short  XIMStringConversionType;
      |                         ^~~~~~~~~~~~~~~~~~~~~~~
/usr/include/X11/Xlib.h:1306:25: error: storage class specified for parameter ‘XIMStringConversionOperation’
 1306 | typedef unsigned short  XIMStringConversionOperation;
      |                         ^~~~~~~~~~~~~~~~~~~~~~~~~~~~
/usr/include/X11/Xlib.h:1319:3: error: storage class specified for parameter ‘XIMCaretDirection’
 1319 | } XIMCaretDirection;
      |   ^~~~~~~~~~~~~~~~~
/usr/include/X11/Xlib.h:1322:5: error: expected specifier-qualifier-list before ‘XIMStringConversionPosition’
 1322 |     XIMStringConversionPosition position;
      |     ^~~~~~~~~~~~~~~~~~~~~~~~~~~
/usr/include/X11/Xlib.h:1327:3: error: storage class specified for parameter ‘XIMStringConversionCallbackStruct’
 1327 | } XIMStringConversionCallbackStruct;
      |   ^~~~~~~~~~~~~~~~~~~~~~~~~~~~~~~~~
/usr/include/X11/Xlib.h:1333:5: error: expected specifier-qualifier-list before ‘XIMText’
 1333 |     XIMText *text;
      |     ^~~~~~~
/usr/include/X11/Xlib.h:1334:3: error: storage class specified for parameter ‘XIMPreeditDrawCallbackStruct’
 1334 | } XIMPreeditDrawCallbackStruct;
      |   ^~~~~~~~~~~~~~~~~~~~~~~~~~~~
/usr/include/X11/Xlib.h:1340:3: error: storage class specified for parameter ‘XIMCaretStyle’
 1340 | } XIMCaretStyle;
      |   ^~~~~~~~~~~~~
/usr/include/X11/Xlib.h:1344:5: error: expected specifier-qualifier-list before ‘XIMCaretDirection’
 1344 |     XIMCaretDirection direction; /* Caret moves direction */
      |     ^~~~~~~~~~~~~~~~~
/usr/include/X11/Xlib.h:1346:3: error: storage class specified for parameter ‘XIMPreeditCaretCallbackStruct’
 1346 | } XIMPreeditCaretCallbackStruct;
      |   ^~~~~~~~~~~~~~~~~~~~~~~~~~~~~
/usr/include/X11/Xlib.h:1351:3: error: storage class specified for parameter ‘XIMStatusDataType’
 1351 | } XIMStatusDataType;
      |   ^~~~~~~~~~~~~~~~~
/usr/include/X11/Xlib.h:1354:5: error: expected specifier-qualifier-list before ‘XIMStatusDataType’
 1354 |     XIMStatusDataType type;
      |     ^~~~~~~~~~~~~~~~~
/usr/include/X11/Xlib.h:1359:3: error: storage class specified for parameter ‘XIMStatusDrawCallbackStruct’
 1359 | } XIMStatusDrawCallbackStruct;
      |   ^~~~~~~~~~~~~~~~~~~~~~~~~~~
/usr/include/X11/Xlib.h:1362:5: error: unknown type name ‘KeySym’
 1362 |     KeySym       keysym;
      |     ^~~~~~
/usr/include/X11/Xlib.h:1365:3: error: storage class specified for parameter ‘XIMHotKeyTrigger’
 1365 | } XIMHotKeyTrigger;
      |   ^~~~~~~~~~~~~~~~
/usr/include/X11/Xlib.h:1369:5: error: expected specifier-qualifier-list before ‘XIMHotKeyTrigger’
 1369 |     XIMHotKeyTrigger    *key;
      |     ^~~~~~~~~~~~~~~~
/usr/include/X11/Xlib.h:1370:3: error: storage class specified for parameter ‘XIMHotKeyTriggers’
 1370 | } XIMHotKeyTriggers;
      |   ^~~~~~~~~~~~~~~~~
/usr/include/X11/Xlib.h:1372:26: error: storage class specified for parameter ‘XIMHotKeyState’
 1372 | typedef unsigned long    XIMHotKeyState;
      |                          ^~~~~~~~~~~~~~
/usr/include/X11/Xlib.h:1380:3: error: storage class specified for parameter ‘XIMValuesList’
 1380 | } XIMValuesList;
      |   ^~~~~~~~~~~~~
/usr/include/X11/Xlib.h:1388:12: error: storage class specified for parameter ‘_Xdebug’
 1388 | extern int _Xdebug;
      |            ^~~~~~~
/usr/include/X11/Xlib.h:1390:20: error: expected ‘=’, ‘,’, ‘;’, ‘asm’ or ‘__attribute__’ before ‘*’ token
 1390 | extern XFontStruct *XLoadQueryFont(
      |                    ^
/usr/include/X11/Xlib.h:1395:20: error: expected ‘=’, ‘,’, ‘;’, ‘asm’ or ‘__attribute__’ before ‘*’ token
 1395 | extern XFontStruct *XQueryFont(
      |                    ^
/usr/include/X11/Xlib.h:1401:19: error: expected ‘=’, ‘,’, ‘;’, ‘asm’ or ‘__attribute__’ before ‘*’ token
 1401 | extern XTimeCoord *XGetMotionEvents(
      |                   ^
/usr/include/X11/Xlib.h:1409:24: error: expected ‘=’, ‘,’, ‘;’, ‘asm’ or ‘__attribute__’ before ‘*’ token
 1409 | extern XModifierKeymap *XDeleteModifiermapEntry(
      |                        ^
/usr/include/X11/Xlib.h:1419:25: error: expected ‘=’, ‘,’, ‘;’, ‘asm’ or ‘__attribute__’ before ‘*’ token
 1419 | extern XModifierKeymap  *XGetModifierMapping(
      |                         ^
/usr/include/X11/Xlib.h:1423:25: error: expected ‘=’, ‘,’, ‘;’, ‘asm’ or ‘__attribute__’ before ‘*’ token
 1423 | extern XModifierKeymap  *XInsertModifiermapEntry(
      |                         ^
/usr/include/X11/Xlib.h:1433:24: error: expected ‘=’, ‘,’, ‘;’, ‘asm’ or ‘__attribute__’ before ‘*’ token
 1433 | extern XModifierKeymap *XNewModifiermap(
      |                        ^
/usr/include/X11/Xlib.h:1437:15: error: expected ‘=’, ‘,’, ‘;’, ‘asm’ or ‘__attribute__’ before ‘*’ token
 1437 | extern XImage *XCreateImage(
      |               ^
/usr/include/X11/Xlib.h:1450:5: error: expected declaration specifiers or ‘...’ before ‘XImage’
 1450 |     XImage*             /* image */
      |     ^~~~~~
/usr/include/X11/Xlib.h:1452:15: error: expected ‘=’, ‘,’, ‘;’, ‘asm’ or ‘__attribute__’ before ‘*’ token
 1452 | extern XImage *XGetImage(
      |               ^
/usr/include/X11/Xlib.h:1462:15: error: expected ‘=’, ‘,’, ‘;’, ‘asm’ or ‘__attribute__’ before ‘*’ token
 1462 | extern XImage *XGetSubImage(
      |               ^
/usr/include/X11/Xlib.h:1479:16: error: expected ‘=’, ‘,’, ‘;’, ‘asm’ or ‘__attribute__’ before ‘*’ token
 1479 | extern Display *XOpenDisplay(
      |                ^
/usr/include/X11/Xlib.h:1483:13: error: storage class specified for parameter ‘XrmInitialize’
 1483 | extern void XrmInitialize(
      |             ^~~~~~~~~~~~~
/usr/include/X11/Xlib.h:1488:5: error: expected declaration specifiers or ‘...’ before ‘Display’
 1488 |     Display*            /* display */,
      |     ^~~~~~~
/usr/include/X11/Xlib.h:1492:5: error: expected declaration specifiers or ‘...’ before ‘Display’
 1492 |     Display*            /* display */,
      |     ^~~~~~~
/usr/include/X11/Xlib.h:1497:5: error: expected declaration specifiers or ‘...’ before ‘Display’
 1497 |     Display*            /* display */,
      |     ^~~~~~~
/usr/include/X11/Xlib.h:1498:5: error: expected declaration specifiers or ‘...’ before ‘Atom’
 1498 |     Atom                /* atom */
      |     ^~~~
/usr/include/X11/Xlib.h:1501:5: error: expected declaration specifiers or ‘...’ before ‘Display’
 1501 |     Display*            /* dpy */,
      |     ^~~~~~~
/usr/include/X11/Xlib.h:1502:5: error: expected declaration specifiers or ‘...’ before ‘Atom’
 1502 |     Atom*               /* atoms */,
      |     ^~~~
/usr/include/X11/Xlib.h:1507:5: error: expected declaration specifiers or ‘...’ before ‘Display’
 1507 |     Display*            /* display */,
      |     ^~~~~~~
/usr/include/X11/Xlib.h:1511:14: error: storage class specified for parameter ‘XDisplayName’
 1511 | extern char *XDisplayName(
      |              ^~~~~~~~~~~~
/usr/include/X11/Xlib.h:1514:14: error: storage class specified for parameter ‘XKeysymToString’
 1514 | extern char *XKeysymToString(
      |              ^~~~~~~~~~~~~~~
/usr/include/X11/Xlib.h:1516:1: error: parameter names (without types) in function declaration [-Wdeclaration-missing-parameter-type]
 1516 | );
      | ^
/usr/include/X11/Xlib.h:1519:5: error: expected declaration specifiers or ‘...’ before ‘Display’
 1519 |     Display*            /* display */,
      |     ^~~~~~~
/usr/include/X11/Xlib.h:1525:5: error: expected declaration specifiers or ‘...’ before ‘Display’
 1525 |     Display*            /* display */,
      |     ^~~~~~~
/usr/include/X11/Xlib.h:1527:14: error: expected declaration specifiers or ‘...’ before ‘Display’
 1527 |              Display*   /* display */
      |              ^~~~~~~
/usr/include/X11/Xlib.h:1532:13: error: expected ‘=’, ‘,’, ‘;’, ‘asm’ or ‘__attribute__’ before ‘XInternAtom’
 1532 | extern Atom XInternAtom(
      |             ^~~~~~~~~~~
/usr/include/X11/Xlib.h:1538:5: error: expected declaration specifiers or ‘...’ before ‘Display’
 1538 |     Display*            /* dpy */,
      |     ^~~~~~~
/usr/include/X11/Xlib.h:1542:5: error: expected declaration specifiers or ‘...’ before ‘Atom’
 1542 |     Atom*               /* atoms_return */
      |     ^~~~
/usr/include/X11/Xlib.h:1544:8: error: unknown type name ‘Colormap’; did you mean ‘XNColormap’?
 1544 | extern Colormap XCopyColormapAndFree(
      |        ^~~~~~~~
      |        XNColormap
/usr/include/X11/Xlib.h:1545:5: error: expected declaration specifiers or ‘...’ before ‘Display’
 1545 |     Display*            /* display */,
      |     ^~~~~~~
/usr/include/X11/Xlib.h:1546:5: error: unknown type name ‘Colormap’; did you mean ‘XNColormap’?
 1546 |     Colormap            /* colormap */
      |     ^~~~~~~~
      |     XNColormap
/usr/include/X11/Xlib.h:1548:8: error: unknown type name ‘Colormap’; did you mean ‘XNColormap’?
 1548 | extern Colormap XCreateColormap(
      |        ^~~~~~~~
      |        XNColormap
/usr/include/X11/Xlib.h:1549:5: error: expected declaration specifiers or ‘...’ before ‘Display’
 1549 |     Display*            /* display */,
      |     ^~~~~~~
/usr/include/X11/Xlib.h:1550:5: error: unknown type name ‘Window’; did you mean ‘GtkWindow’?
 1550 |     Window              /* w */,
      |     ^~~~~~
      |     GtkWindow
/usr/include/X11/Xlib.h:1551:5: error: expected declaration specifiers or ‘...’ before ‘Visual’
 1551 |     Visual*             /* visual */,
      |     ^~~~~~
/usr/include/X11/Xlib.h:1554:8: error: unknown type name ‘Cursor’; did you mean ‘CWCursor’?
 1554 | extern Cursor XCreatePixmapCursor(
      |        ^~~~~~
      |        CWCursor
/usr/include/X11/Xlib.h:1555:5: error: expected declaration specifiers or ‘...’ before ‘Display’
 1555 |     Display*            /* display */,
      |     ^~~~~~~
/usr/include/X11/Xlib.h:1556:5: error: unknown type name ‘Pixmap’; did you mean ‘ZPixmap’?
 1556 |     Pixmap              /* source */,
      |     ^~~~~~
      |     ZPixmap
/usr/include/X11/Xlib.h:1557:5: error: unknown type name ‘Pixmap’; did you mean ‘ZPixmap’?
 1557 |     Pixmap              /* mask */,
      |     ^~~~~~
      |     ZPixmap
/usr/include/X11/Xlib.h:1558:5: error: expected declaration specifiers or ‘...’ before ‘XColor’
 1558 |     XColor*             /* foreground_color */,
      |     ^~~~~~
/usr/include/X11/Xlib.h:1559:5: error: expected declaration specifiers or ‘...’ before ‘XColor’
 1559 |     XColor*             /* background_color */,
      |     ^~~~~~
/usr/include/X11/Xlib.h:1563:8: error: unknown type name ‘Cursor’; did you mean ‘CWCursor’?
 1563 | extern Cursor XCreateGlyphCursor(
      |        ^~~~~~
      |        CWCursor
/usr/include/X11/Xlib.h:1564:5: error: expected declaration specifiers or ‘...’ before ‘Display’
 1564 |     Display*            /* display */,
      |     ^~~~~~~
/usr/include/X11/Xlib.h:1565:5: error: unknown type name ‘Font’
 1565 |     Font                /* source_font */,
      |     ^~~~
/usr/include/X11/Xlib.h:1566:5: error: unknown type name ‘Font’
 1566 |     Font                /* mask_font */,
      |     ^~~~
/usr/include/X11/Xlib.h:1569:5: error: expected declaration specifiers or ‘...’ before ‘XColor’
 1569 |     XColor _Xconst *    /* foreground_color */,
      |     ^~~~~~
/usr/include/X11/Xlib.h:1570:5: error: expected declaration specifiers or ‘...’ before ‘XColor’
 1570 |     XColor _Xconst *    /* background_color */
      |     ^~~~~~
/usr/include/X11/Xlib.h:1572:8: error: unknown type name ‘Cursor’; did you mean ‘CWCursor’?
 1572 | extern Cursor XCreateFontCursor(
      |        ^~~~~~
      |        CWCursor
/usr/include/X11/Xlib.h:1573:5: error: expected declaration specifiers or ‘...’ before ‘Display’
 1573 |     Display*            /* display */,
      |     ^~~~~~~
/usr/include/X11/Xlib.h:1576:8: error: unknown type name ‘Font’
 1576 | extern Font XLoadFont(
      |        ^~~~
/usr/include/X11/Xlib.h:1577:5: error: expected declaration specifiers or ‘...’ before ‘Display’
 1577 |     Display*            /* display */,
      |     ^~~~~~~
/usr/include/X11/Xlib.h:1580:11: error: expected ‘=’, ‘,’, ‘;’, ‘asm’ or ‘__attribute__’ before ‘XCreateGC’
 1580 | extern GC XCreateGC(
      |           ^~~~~~~~~
/usr/include/X11/Xlib.h:1586:8: error: unknown type name ‘GContext’; did you mean ‘Convex’?
 1586 | extern GContext XGContextFromGC(
      |        ^~~~~~~~
      |        Convex
/usr/include/X11/Xlib.h:1586:17: error: storage class specified for parameter ‘XGContextFromGC’
 1586 | extern GContext XGContextFromGC(
      |                 ^~~~~~~~~~~~~~~
/usr/include/X11/Xlib.h:1588:1: error: parameter names (without types) in function declaration [-Wdeclaration-missing-parameter-type]
 1588 | );
      | ^
/usr/include/X11/Xlib.h:1590:5: error: expected declaration specifiers or ‘...’ before ‘Display’
 1590 |     Display*            /* display */,
      |     ^~~~~~~
/usr/include/X11/Xlib.h:1591:5: error: expected declaration specifiers or ‘...’ before ‘GC’
 1591 |     GC                  /* gc */
      |     ^~
/usr/include/X11/Xlib.h:1593:8: error: unknown type name ‘Pixmap’; did you mean ‘ZPixmap’?
 1593 | extern Pixmap XCreatePixmap(
      |        ^~~~~~
      |        ZPixmap
/usr/include/X11/Xlib.h:1594:5: error: expected declaration specifiers or ‘...’ before ‘Display’
 1594 |     Display*            /* display */,
      |     ^~~~~~~
/usr/include/X11/Xlib.h:1595:5: error: unknown type name ‘Drawable’; did you mean ‘BadDrawable’?
 1595 |     Drawable            /* d */,
      |     ^~~~~~~~
      |     BadDrawable
/usr/include/X11/Xlib.h:1600:8: error: unknown type name ‘Pixmap’; did you mean ‘ZPixmap’?
 1600 | extern Pixmap XCreateBitmapFromData(
      |        ^~~~~~
      |        ZPixmap
/usr/include/X11/Xlib.h:1601:5: error: expected declaration specifiers or ‘...’ before ‘Display’
 1601 |     Display*            /* display */,
      |     ^~~~~~~
/usr/include/X11/Xlib.h:1602:5: error: unknown type name ‘Drawable’; did you mean ‘BadDrawable’?
 1602 |     Drawable            /* d */,
      |     ^~~~~~~~
      |     BadDrawable
/usr/include/X11/Xlib.h:1607:8: error: unknown type name ‘Pixmap’; did you mean ‘ZPixmap’?
 1607 | extern Pixmap XCreatePixmapFromBitmapData(
      |        ^~~~~~
      |        ZPixmap
/usr/include/X11/Xlib.h:1608:5: error: expected declaration specifiers or ‘...’ before ‘Display’
 1608 |     Display*            /* display */,
      |     ^~~~~~~
/usr/include/X11/Xlib.h:1609:5: error: unknown type name ‘Drawable’; did you mean ‘BadDrawable’?
 1609 |     Drawable            /* d */,
      |     ^~~~~~~~
      |     BadDrawable
/usr/include/X11/Xlib.h:1617:8: error: unknown type name ‘Window’; did you mean ‘GtkWindow’?
 1617 | extern Window XCreateSimpleWindow(
      |        ^~~~~~
      |        GtkWindow
/usr/include/X11/Xlib.h:1618:5: error: expected declaration specifiers or ‘...’ before ‘Display’
 1618 |     Display*            /* display */,
      |     ^~~~~~~
/usr/include/X11/Xlib.h:1619:5: error: unknown type name ‘Window’; did you mean ‘GtkWindow’?
 1619 |     Window              /* parent */,
      |     ^~~~~~
      |     GtkWindow
/usr/include/X11/Xlib.h:1628:8: error: unknown type name ‘Window’; did you mean ‘GtkWindow’?
 1628 | extern Window XGetSelectionOwner(
      |        ^~~~~~
      |        GtkWindow
/usr/include/X11/Xlib.h:1629:5: error: expected declaration specifiers or ‘...’ before ‘Display’
 1629 |     Display*            /* display */,
      |     ^~~~~~~
/usr/include/X11/Xlib.h:1630:5: error: expected declaration specifiers or ‘...’ before ‘Atom’
 1630 |     Atom                /* selection */
      |     ^~~~
/usr/include/X11/Xlib.h:1632:8: error: unknown type name ‘Window’; did you mean ‘GtkWindow’?
 1632 | extern Window XCreateWindow(
      |        ^~~~~~
      |        GtkWindow
/usr/include/X11/Xlib.h:1633:5: error: expected declaration specifiers or ‘...’ before ‘Display’
 1633 |     Display*            /* display */,
      |     ^~~~~~~
/usr/include/X11/Xlib.h:1634:5: error: unknown type name ‘Window’; did you mean ‘GtkWindow’?
 1634 |     Window              /* parent */,
      |     ^~~~~~
      |     GtkWindow
/usr/include/X11/Xlib.h:1642:5: error: expected declaration specifiers or ‘...’ before ‘Visual’
 1642 |     Visual*             /* visual */,
      |     ^~~~~~
/usr/include/X11/Xlib.h:1644:5: error: expected declaration specifiers or ‘...’ before ‘XSetWindowAttributes’
 1644 |     XSetWindowAttributes*       /* attributes */
      |     ^~~~~~~~~~~~~~~~~~~~
/usr/include/X11/Xlib.h:1646:8: error: unknown type name ‘Colormap’; did you mean ‘XNColormap’?
 1646 | extern Colormap *XListInstalledColormaps(
      |        ^~~~~~~~
      |        XNColormap
/usr/include/X11/Xlib.h:1647:5: error: expected declaration specifiers or ‘...’ before ‘Display’
 1647 |     Display*            /* display */,
      |     ^~~~~~~
/usr/include/X11/Xlib.h:1648:5: error: unknown type name ‘Window’; did you mean ‘GtkWindow’?
 1648 |     Window              /* w */,
      |     ^~~~~~
      |     GtkWindow
/usr/include/X11/Xlib.h:1652:5: error: expected declaration specifiers or ‘...’ before ‘Display’
 1652 |     Display*            /* display */,
      |     ^~~~~~~
/usr/include/X11/Xlib.h:1658:5: error: expected declaration specifiers or ‘...’ before ‘Display’
 1658 |     Display*            /* display */,
      |     ^~~~~~~
/usr/include/X11/Xlib.h:1662:5: error: expected declaration specifiers or ‘...’ before ‘XFontStruct’
 1662 |     XFontStruct**       /* info_return */
      |     ^~~~~~~~~~~
/usr/include/X11/Xlib.h:1665:5: error: expected declaration specifiers or ‘...’ before ‘Display’
 1665 |     Display*            /* display */,
      |     ^~~~~~~
/usr/include/X11/Xlib.h:1669:5: error: expected declaration specifiers or ‘...’ before ‘Display’
 1669 |     Display*            /* display */,
      |     ^~~~~~~
/usr/include/X11/Xlib.h:1672:13: error: expected ‘=’, ‘,’, ‘;’, ‘asm’ or ‘__attribute__’ before ‘*’ token
 1672 | extern Atom *XListProperties(
      |             ^
/usr/include/X11/Xlib.h:1677:21: error: expected ‘=’, ‘,’, ‘;’, ‘asm’ or ‘__attribute__’ before ‘*’ token
 1677 | extern XHostAddress *XListHosts(
      |                     ^
In file included from /usr/include/X11/Xlib.h:47:
/usr/include/X11/Xlib.h:1682:1: error: expected declaration specifiers before ‘__attribute__’
 1682 | _X_DEPRECATED
      | ^~~~~~~~~~~~~
/usr/include/X11/Xlib.h:1692:8: error: unknown type name ‘KeySym’
 1692 | extern KeySym XLookupKeysym(
      |        ^~~~~~
/usr/include/X11/Xlib.h:1693:5: error: expected declaration specifiers or ‘...’ before ‘XKeyEvent’
 1693 |     XKeyEvent*          /* key_event */,
      |     ^~~~~~~~~
/usr/include/X11/Xlib.h:1696:8: error: unknown type name ‘KeySym’
 1696 | extern KeySym *XGetKeyboardMapping(
      |        ^~~~~~
/usr/include/X11/Xlib.h:1697:5: error: expected declaration specifiers or ‘...’ before ‘Display’
 1697 |     Display*            /* display */,
      |     ^~~~~~~
/usr/include/X11/Xlib.h:1701:5: error: expected declaration specifiers or ‘...’ before ‘KeyCode’
 1701 |     KeyCode             /* first_keycode */,
      |     ^~~~~~~
/usr/include/X11/Xlib.h:1706:8: error: unknown type name ‘KeySym’
 1706 | extern KeySym XStringToKeysym(
      |        ^~~~~~
/usr/include/X11/Xlib.h:1706:15: error: storage class specified for parameter ‘XStringToKeysym’
 1706 | extern KeySym XStringToKeysym(
      |               ^~~~~~~~~~~~~~~
/usr/include/X11/Xlib.h:1710:5: error: expected declaration specifiers or ‘...’ before ‘Display’
 1710 |     Display*            /* display */
      |     ^~~~~~~
/usr/include/X11/Xlib.h:1713:5: error: expected declaration specifiers or ‘...’ before ‘Display’
 1713 |     Display*            /* display */
      |     ^~~~~~~
/usr/include/X11/Xlib.h:1716:5: error: expected declaration specifiers or ‘...’ before ‘Display’
 1716 |     Display*            /* display */
      |     ^~~~~~~
/usr/include/X11/Xlib.h:1719:9: error: expected declaration specifiers or ‘...’ before ‘Screen’
 1719 |         Screen*         /* screen */
      |         ^~~~~~
/usr/include/X11/Xlib.h:1722:5: error: expected declaration specifiers or ‘...’ before ‘Display’
 1722 |     Display*            /* display */
      |     ^~~~~~~
/usr/include/X11/Xlib.h:1724:17: error: expected ‘=’, ‘,’, ‘;’, ‘asm’ or ‘__attribute__’ before ‘XVisualIDFromVisual’
 1724 | extern VisualID XVisualIDFromVisual(
      |                 ^~~~~~~~~~~~~~~~~~~
/usr/include/X11/Xlib.h:1730:15: error: storage class specified for parameter ‘XInitThreads’
 1730 | extern Status XInitThreads(
      |               ^~~~~~~~~~~~
/usr/include/X11/Xlib.h:1734:15: error: storage class specified for parameter ‘XFreeThreads’
 1734 | extern Status XFreeThreads(
      |               ^~~~~~~~~~~~
/usr/include/X11/Xlib.h:1739:5: error: expected declaration specifiers or ‘...’ before ‘Display’
 1739 |     Display*            /* display */
      |     ^~~~~~~
/usr/include/X11/Xlib.h:1743:5: error: expected declaration specifiers or ‘...’ before ‘Display’
 1743 |     Display*            /* display */
      |     ^~~~~~~
/usr/include/X11/Xlib.h:1748:18: error: expected ‘=’, ‘,’, ‘;’, ‘asm’ or ‘__attribute__’ before ‘*’ token
 1748 | extern XExtCodes *XInitExtension(
      |                  ^
/usr/include/X11/Xlib.h:1753:18: error: expected ‘=’, ‘,’, ‘;’, ‘asm’ or ‘__attribute__’ before ‘*’ token
 1753 | extern XExtCodes *XAddExtension(
      |                  ^
/usr/include/X11/Xlib.h:1756:17: error: expected ‘=’, ‘,’, ‘;’, ‘asm’ or ‘__attribute__’ before ‘*’ token
 1756 | extern XExtData *XFindOnExtensionList(
      |                 ^
/usr/include/X11/Xlib.h:1760:17: error: expected ‘=’, ‘,’, ‘;’, ‘asm’ or ‘__attribute__’ before ‘*’ token
 1760 | extern XExtData **XEHeadOfExtensionList(
      |                 ^
/usr/include/X11/Xlib.h:1765:8: error: unknown type name ‘Window’; did you mean ‘GtkWindow’?
 1765 | extern Window XRootWindow(
      |        ^~~~~~
      |        GtkWindow
/usr/include/X11/Xlib.h:1766:5: error: expected declaration specifiers or ‘...’ before ‘Display’
 1766 |     Display*            /* display */,
      |     ^~~~~~~
/usr/include/X11/Xlib.h:1769:8: error: unknown type name ‘Window’; did you mean ‘GtkWindow’?
 1769 | extern Window XDefaultRootWindow(
      |        ^~~~~~
      |        GtkWindow
/usr/include/X11/Xlib.h:1770:5: error: expected declaration specifiers or ‘...’ before ‘Display’
 1770 |     Display*            /* display */
      |     ^~~~~~~
/usr/include/X11/Xlib.h:1772:8: error: unknown type name ‘Window’; did you mean ‘GtkWindow’?
 1772 | extern Window XRootWindowOfScreen(
      |        ^~~~~~
      |        GtkWindow
/usr/include/X11/Xlib.h:1773:5: error: expected declaration specifiers or ‘...’ before ‘Screen’
 1773 |     Screen*             /* screen */
      |     ^~~~~~
/usr/include/X11/Xlib.h:1775:15: error: expected ‘=’, ‘,’, ‘;’, ‘asm’ or ‘__attribute__’ before ‘*’ token
 1775 | extern Visual *XDefaultVisual(
      |               ^
/usr/include/X11/Xlib.h:1779:15: error: expected ‘=’, ‘,’, ‘;’, ‘asm’ or ‘__attribute__’ before ‘*’ token
 1779 | extern Visual *XDefaultVisualOfScreen(
      |               ^
/usr/include/X11/Xlib.h:1782:11: error: expected ‘=’, ‘,’, ‘;’, ‘asm’ or ‘__attribute__’ before ‘XDefaultGC’
 1782 | extern GC XDefaultGC(
      |           ^~~~~~~~~~
/usr/include/X11/Xlib.h:1786:11: error: expected ‘=’, ‘,’, ‘;’, ‘asm’ or ‘__attribute__’ before ‘XDefaultGCOfScreen’
 1786 | extern GC XDefaultGCOfScreen(
      |           ^~~~~~~~~~~~~~~~~~
/usr/include/X11/Xlib.h:1790:5: error: expected declaration specifiers or ‘...’ before ‘Display’
 1790 |     Display*            /* display */,
      |     ^~~~~~~
/usr/include/X11/Xlib.h:1794:5: error: expected declaration specifiers or ‘...’ before ‘Display’
 1794 |     Display*            /* display */,
      |     ^~~~~~~
/usr/include/X11/Xlib.h:1797:22: error: storage class specified for parameter ‘XAllPlanes’
 1797 | extern unsigned long XAllPlanes(
      |                      ^~~~~~~~~~
/usr/include/X11/Xlib.h:1801:5: error: expected declaration specifiers or ‘...’ before ‘Screen’
 1801 |     Screen*             /* screen */
      |     ^~~~~~
/usr/include/X11/Xlib.h:1804:5: error: expected declaration specifiers or ‘...’ before ‘Screen’
 1804 |     Screen*             /* screen */
      |     ^~~~~~
/usr/include/X11/Xlib.h:1807:5: error: expected declaration specifiers or ‘...’ before ‘Display’
 1807 |     Display*            /* display */
      |     ^~~~~~~
/usr/include/X11/Xlib.h:1810:5: error: expected declaration specifiers or ‘...’ before ‘Display’
 1810 |     Display*            /* display */
      |     ^~~~~~~
/usr/include/X11/Xlib.h:1813:5: error: expected declaration specifiers or ‘...’ before ‘Display’
 1813 |     Display*            /* display */
      |     ^~~~~~~
/usr/include/X11/Xlib.h:1816:5: error: expected declaration specifiers or ‘...’ before ‘Display’
 1816 |     Display*            /* display */
      |     ^~~~~~~
/usr/include/X11/Xlib.h:1818:8: error: unknown type name ‘Colormap’; did you mean ‘XNColormap’?
 1818 | extern Colormap XDefaultColormap(
      |        ^~~~~~~~
      |        XNColormap
/usr/include/X11/Xlib.h:1819:5: error: expected declaration specifiers or ‘...’ before ‘Display’
 1819 |     Display*            /* display */,
      |     ^~~~~~~
/usr/include/X11/Xlib.h:1822:8: error: unknown type name ‘Colormap’; did you mean ‘XNColormap’?
 1822 | extern Colormap XDefaultColormapOfScreen(
      |        ^~~~~~~~
      |        XNColormap
/usr/include/X11/Xlib.h:1823:5: error: expected declaration specifiers or ‘...’ before ‘Screen’
 1823 |     Screen*             /* screen */
      |     ^~~~~~
/usr/include/X11/Xlib.h:1825:16: error: expected ‘=’, ‘,’, ‘;’, ‘asm’ or ‘__attribute__’ before ‘*’ token
 1825 | extern Display *XDisplayOfScreen(
      |                ^
/usr/include/X11/Xlib.h:1828:15: error: expected ‘=’, ‘,’, ‘;’, ‘asm’ or ‘__attribute__’ before ‘*’ token
 1828 | extern Screen *XScreenOfDisplay(
      |               ^
/usr/include/X11/Xlib.h:1832:15: error: expected ‘=’, ‘,’, ‘;’, ‘asm’ or ‘__attribute__’ before ‘*’ token
 1832 | extern Screen *XDefaultScreenOfDisplay(
      |               ^
/usr/include/X11/Xlib.h:1836:5: error: expected declaration specifiers or ‘...’ before ‘Screen’
 1836 |     Screen*             /* screen */
      |     ^~~~~~
/usr/include/X11/Xlib.h:1840:5: error: expected declaration specifiers or ‘...’ before ‘Screen’
 1840 |     Screen*             /* screen */
      |     ^~~~~~
/usr/include/X11/Xlib.h:1844:5: error: expected declaration specifiers or ‘...’ before ‘Display’
 1844 |     Display*            /* display */,
      |     ^~~~~~~
/usr/include/X11/Xlib.h:1845:5: error: expected declaration specifiers or ‘...’ before ‘XErrorEvent’
 1845 |     XErrorEvent*        /* error_event */
      |     ^~~~~~~~~~~
/usr/include/X11/Xlib.h:1848:8: error: unknown type name ‘XErrorHandler’
 1848 | extern XErrorHandler XSetErrorHandler (
      |        ^~~~~~~~~~~~~
/usr/include/X11/Xlib.h:1848:22: error: storage class specified for parameter ‘XSetErrorHandler’
 1848 | extern XErrorHandler XSetErrorHandler (
      |                      ^~~~~~~~~~~~~~~~
/usr/include/X11/Xlib.h:1850:1: error: parameter names (without types) in function declaration [-Wdeclaration-missing-parameter-type]
 1850 | );
      | ^
/usr/include/X11/Xlib.h:1854:5: error: expected declaration specifiers or ‘...’ before ‘Display’
 1854 |     Display*            /* display */
      |     ^~~~~~~
/usr/include/X11/Xlib.h:1857:8: error: unknown type name ‘XIOErrorHandler’
 1857 | extern XIOErrorHandler XSetIOErrorHandler (
      |        ^~~~~~~~~~~~~~~
/usr/include/X11/Xlib.h:1857:24: error: storage class specified for parameter ‘XSetIOErrorHandler’
 1857 | extern XIOErrorHandler XSetIOErrorHandler (
      |                        ^~~~~~~~~~~~~~~~~~
/usr/include/X11/Xlib.h:1859:1: error: parameter names (without types) in function declaration [-Wdeclaration-missing-parameter-type]
 1859 | );
      | ^
/usr/include/X11/Xlib.h:1862:5: error: expected declaration specifiers or ‘...’ before ‘Display’
 1862 |     Display*,           /* display */
      |     ^~~~~~~
/usr/include/X11/Xlib.h:1867:5: error: expected declaration specifiers or ‘...’ before ‘Display’
 1867 |     Display*,                   /* display */
      |     ^~~~~~~
/usr/include/X11/Xlib.h:1868:5: error: unknown type name ‘XIOErrorExitHandler’
 1868 |     XIOErrorExitHandler,        /* handler */
      |     ^~~~~~~~~~~~~~~~~~~
/usr/include/X11/Xlib.h:1872:28: error: expected ‘=’, ‘,’, ‘;’, ‘asm’ or ‘__attribute__’ before ‘*’ token
 1872 | extern XPixmapFormatValues *XListPixmapFormats(
      |                            ^
/usr/include/X11/Xlib.h:1877:5: error: expected declaration specifiers or ‘...’ before ‘Display’
 1877 |     Display*            /* display */,
      |     ^~~~~~~
/usr/include/X11/Xlib.h:1885:5: error: expected declaration specifiers or ‘...’ before ‘Display’
 1885 |     Display*            /* display */,
      |     ^~~~~~~
/usr/include/X11/Xlib.h:1886:5: error: unknown type name ‘Window’; did you mean ‘GtkWindow’?
 1886 |     Window              /* w */,
      |     ^~~~~~
      |     GtkWindow
/usr/include/X11/Xlib.h:1889:5: error: expected declaration specifiers or ‘...’ before ‘XWindowChanges’
 1889 |     XWindowChanges*     /* changes */
      |     ^~~~~~~~~~~~~~
/usr/include/X11/Xlib.h:1893:5: error: expected declaration specifiers or ‘...’ before ‘Display’
 1893 |     Display*            /* display */,
      |     ^~~~~~~
/usr/include/X11/Xlib.h:1894:5: error: unknown type name ‘Window’; did you mean ‘GtkWindow’?
 1894 |     Window              /* w */,
      |     ^~~~~~
      |     GtkWindow
/usr/include/X11/Xlib.h:1895:5: error: expected declaration specifiers or ‘...’ before ‘Atom’
 1895 |     Atom**              /* protocols_return */,
      |     ^~~~
/usr/include/X11/Xlib.h:1899:5: error: expected declaration specifiers or ‘...’ before ‘Display’
 1899 |     Display*            /* display */,
      |     ^~~~~~~
/usr/include/X11/Xlib.h:1900:5: error: unknown type name ‘Window’; did you mean ‘GtkWindow’?
 1900 |     Window              /* w */,
      |     ^~~~~~
      |     GtkWindow
/usr/include/X11/Xlib.h:1901:5: error: expected declaration specifiers or ‘...’ before ‘Atom’
 1901 |     Atom*               /* protocols */,
      |     ^~~~
/usr/include/X11/Xlib.h:1905:5: error: expected declaration specifiers or ‘...’ before ‘Display’
 1905 |     Display*            /* display */,
      |     ^~~~~~~
/usr/include/X11/Xlib.h:1906:5: error: unknown type name ‘Window’; did you mean ‘GtkWindow’?
 1906 |     Window              /* w */,
      |     ^~~~~~
      |     GtkWindow
/usr/include/X11/Xlib.h:1910:5: error: expected declaration specifiers or ‘...’ before ‘Display’
 1910 |     Display*            /* display */,
      |     ^~~~~~~
/usr/include/X11/Xlib.h:1911:5: error: unknown type name ‘Window’; did you mean ‘GtkWindow’?
 1911 |     Window              /* w */,
      |     ^~~~~~
      |     GtkWindow
/usr/include/X11/Xlib.h:1915:5: error: expected declaration specifiers or ‘...’ before ‘Display’
 1915 |     Display*            /* display */,
      |     ^~~~~~~
/usr/include/X11/Xlib.h:1916:5: error: unknown type name ‘Window’; did you mean ‘GtkWindow’?
 1916 |     Window              /* w */,
      |     ^~~~~~
      |     GtkWindow
/usr/include/X11/Xlib.h:1921:5: error: expected declaration specifiers or ‘...’ before ‘Display’
 1921 |     Display*            /* display */,
      |     ^~~~~~~
/usr/include/X11/Xlib.h:1922:5: error: unknown type name ‘Window’; did you mean ‘GtkWindow’?
 1922 |     Window              /* w */,
      |     ^~~~~~
      |     GtkWindow
/usr/include/X11/Xlib.h:1923:5: error: unknown type name ‘Window’; did you mean ‘GtkWindow’?
 1923 |     Window**            /* windows_return */,
      |     ^~~~~~
      |     GtkWindow
/usr/include/X11/Xlib.h:1927:5: error: expected declaration specifiers or ‘...’ before ‘Display’
 1927 |     Display*            /* display */,
      |     ^~~~~~~
/usr/include/X11/Xlib.h:1928:5: error: unknown type name ‘Window’; did you mean ‘GtkWindow’?
 1928 |     Window              /* w */,
      |     ^~~~~~
      |     GtkWindow
/usr/include/X11/Xlib.h:1929:5: error: unknown type name ‘Window’; did you mean ‘GtkWindow’?
 1929 |     Window*             /* colormap_windows */,
      |     ^~~~~~
      |     GtkWindow
/usr/include/X11/Xlib.h:1932:13: error: storage class specified for parameter ‘XFreeStringList’
 1932 | extern void XFreeStringList(
      |             ^~~~~~~~~~~~~~~
/usr/include/X11/Xlib.h:1936:5: error: expected declaration specifiers or ‘...’ before ‘Display’
 1936 |     Display*            /* display */,
      |     ^~~~~~~
/usr/include/X11/Xlib.h:1937:5: error: unknown type name ‘Window’; did you mean ‘GtkWindow’?
 1937 |     Window              /* w */,
      |     ^~~~~~
      |     GtkWindow
/usr/include/X11/Xlib.h:1938:5: error: unknown type name ‘Window’; did you mean ‘GtkWindow’?
 1938 |     Window              /* prop_window */
      |     ^~~~~~
      |     GtkWindow
/usr/include/X11/Xlib.h:1944:5: error: expected declaration specifiers or ‘...’ before ‘Display’
 1944 |     Display*            /* display */
      |     ^~~~~~~
/usr/include/X11/Xlib.h:1948:5: error: expected declaration specifiers or ‘...’ before ‘Display’
 1948 |     Display*            /* display */,
      |     ^~~~~~~
/usr/include/X11/Xlib.h:1949:5: error: expected declaration specifiers or ‘...’ before ‘XHostAddress’
 1949 |     XHostAddress*       /* host */
      |     ^~~~~~~~~~~~
/usr/include/X11/Xlib.h:1953:5: error: expected declaration specifiers or ‘...’ before ‘Display’
 1953 |     Display*            /* display */,
      |     ^~~~~~~
/usr/include/X11/Xlib.h:1954:5: error: expected declaration specifiers or ‘...’ before ‘XHostAddress’
 1954 |     XHostAddress*       /* hosts */,
      |     ^~~~~~~~~~~~
/usr/include/X11/Xlib.h:1960:5: error: expected declaration specifiers or ‘...’ before ‘XExtData’
 1960 |     XExtData*           /* ext_data */
      |     ^~~~~~~~
/usr/include/X11/Xlib.h:1964:5: error: expected declaration specifiers or ‘...’ before ‘Display’
 1964 |     Display*            /* display */,
      |     ^~~~~~~
/usr/include/X11/Xlib.h:1965:5: error: unknown type name ‘Window’; did you mean ‘GtkWindow’?
 1965 |     Window              /* w */
      |     ^~~~~~
      |     GtkWindow
/usr/include/X11/Xlib.h:1969:5: error: expected declaration specifiers or ‘...’ before ‘Display’
 1969 |     Display*            /* display */,
      |     ^~~~~~~
/usr/include/X11/Xlib.h:1970:5: error: unknown type name ‘Colormap’; did you mean ‘XNColormap’?
 1970 |     Colormap            /* colormap */,
      |     ^~~~~~~~
      |     XNColormap
/usr/include/X11/Xlib.h:1971:5: error: expected declaration specifiers or ‘...’ before ‘XColor’
 1971 |     XColor*             /* screen_in_out */
      |     ^~~~~~
/usr/include/X11/Xlib.h:1975:5: error: expected declaration specifiers or ‘...’ before ‘Display’
 1975 |     Display*            /* display */,
      |     ^~~~~~~
/usr/include/X11/Xlib.h:1976:5: error: unknown type name ‘Colormap’; did you mean ‘XNColormap’?
 1976 |     Colormap            /* colormap */,
      |     ^~~~~~~~
      |     XNColormap
/usr/include/X11/Xlib.h:1985:5: error: expected declaration specifiers or ‘...’ before ‘Display’
 1985 |     Display*            /* display */,
      |     ^~~~~~~
/usr/include/X11/Xlib.h:1986:5: error: unknown type name ‘Colormap’; did you mean ‘XNColormap’?
 1986 |     Colormap            /* colormap */,
      |     ^~~~~~~~
      |     XNColormap
/usr/include/X11/Xlib.h:1999:5: error: expected declaration specifiers or ‘...’ before ‘Display’
 1999 |     Display*            /* display */,
      |     ^~~~~~~
/usr/include/X11/Xlib.h:2000:5: error: unknown type name ‘Colormap’; did you mean ‘XNColormap’?
 2000 |     Colormap            /* colormap */,
      |     ^~~~~~~~
      |     XNColormap
/usr/include/X11/Xlib.h:2002:5: error: expected declaration specifiers or ‘...’ before ‘XColor’
 2002 |     XColor*             /* screen_def_return */,
      |     ^~~~~~
/usr/include/X11/Xlib.h:2003:5: error: expected declaration specifiers or ‘...’ before ‘XColor’
 2003 |     XColor*             /* exact_def_return */
      |     ^~~~~~
/usr/include/X11/Xlib.h:2007:5: error: expected declaration specifiers or ‘...’ before ‘Display’
 2007 |     Display*            /* display */,
      |     ^~~~~~~
/usr/include/X11/Xlib.h:2009:5: error: expected declaration specifiers or ‘...’ before ‘Time’
 2009 |     Time                /* time */
      |     ^~~~
/usr/include/X11/Xlib.h:2013:5: error: expected declaration specifiers or ‘...’ before ‘Display’
 2013 |     Display*            /* display */
      |     ^~~~~~~
/usr/include/X11/Xlib.h:2017:5: error: expected declaration specifiers or ‘...’ before ‘Display’
 2017 |     Display*            /* display */
      |     ^~~~~~~
/usr/include/X11/Xlib.h:2021:5: error: expected declaration specifiers or ‘...’ before ‘Display’
 2021 |     Display*            /* display */,
      |     ^~~~~~~
/usr/include/X11/Xlib.h:2026:5: error: expected declaration specifiers or ‘...’ before ‘Display’
 2026 |     Display*            /* display */
      |     ^~~~~~~
/usr/include/X11/Xlib.h:2030:5: error: expected declaration specifiers or ‘...’ before ‘Display’
 2030 |     Display*            /* display */
      |     ^~~~~~~
/usr/include/X11/Xlib.h:2034:5: error: expected declaration specifiers or ‘...’ before ‘Display’
 2034 |     Display*            /* display */
      |     ^~~~~~~
/usr/include/X11/Xlib.h:2038:5: error: expected declaration specifiers or ‘...’ before ‘Screen’
 2038 |     Screen*             /* screen */
      |     ^~~~~~
/usr/include/X11/Xlib.h:2042:5: error: expected declaration specifiers or ‘...’ before ‘Display’
 2042 |     Display*            /* display */,
      |     ^~~~~~~
/usr/include/X11/Xlib.h:2044:5: error: unknown type name ‘Cursor’; did you mean ‘CWCursor’?
 2044 |     Cursor              /* cursor */,
      |     ^~~~~~
      |     CWCursor
/usr/include/X11/Xlib.h:2045:5: error: expected declaration specifiers or ‘...’ before ‘Time’
 2045 |     Time                /* time */
      |     ^~~~
/usr/include/X11/Xlib.h:2049:5: error: expected declaration specifiers or ‘...’ before ‘Display’
 2049 |     Display*            /* display */,
      |     ^~~~~~~
/usr/include/X11/Xlib.h:2050:5: error: expected declaration specifiers or ‘...’ before ‘GC’
 2050 |     GC                  /* gc */,
      |     ^~
/usr/include/X11/Xlib.h:2052:5: error: expected declaration specifiers or ‘...’ before ‘XGCValues’
 2052 |     XGCValues*          /* values */
      |     ^~~~~~~~~
/usr/include/X11/Xlib.h:2056:5: error: expected declaration specifiers or ‘...’ before ‘Display’
 2056 |     Display*            /* display */,
      |     ^~~~~~~
/usr/include/X11/Xlib.h:2058:5: error: expected declaration specifiers or ‘...’ before ‘XKeyboardControl’
 2058 |     XKeyboardControl*   /* values */
      |     ^~~~~~~~~~~~~~~~
/usr/include/X11/Xlib.h:2062:5: error: expected declaration specifiers or ‘...’ before ‘Display’
 2062 |     Display*            /* display */,
      |     ^~~~~~~
/usr/include/X11/Xlib.h:2065:5: error: unknown type name ‘KeySym’
 2065 |     KeySym*             /* keysyms */,
      |     ^~~~~~
/usr/include/X11/Xlib.h:2070:5: error: expected declaration specifiers or ‘...’ before ‘Display’
 2070 |     Display*            /* display */,
      |     ^~~~~~~
/usr/include/X11/Xlib.h:2079:5: error: expected declaration specifiers or ‘...’ before ‘Display’
 2079 |     Display*            /* display */,
      |     ^~~~~~~
/usr/include/X11/Xlib.h:2080:5: error: unknown type name ‘Window’; did you mean ‘GtkWindow’?
 2080 |     Window              /* w */,
      |     ^~~~~~
      |     GtkWindow
/usr/include/X11/Xlib.h:2081:5: error: expected declaration specifiers or ‘...’ before ‘Atom’
 2081 |     Atom                /* property */,
      |     ^~~~
/usr/include/X11/Xlib.h:2082:5: error: expected declaration specifiers or ‘...’ before ‘Atom’
 2082 |     Atom                /* type */,
      |     ^~~~
/usr/include/X11/Xlib.h:2090:5: error: expected declaration specifiers or ‘...’ before ‘Display’
 2090 |     Display*            /* display */,
      |     ^~~~~~~
/usr/include/X11/Xlib.h:2091:5: error: unknown type name ‘Window’; did you mean ‘GtkWindow’?
 2091 |     Window              /* w */,
      |     ^~~~~~
      |     GtkWindow
/usr/include/X11/Xlib.h:2096:5: error: expected declaration specifiers or ‘...’ before ‘Display’
 2096 |     Display*            /* display */,
      |     ^~~~~~~
/usr/include/X11/Xlib.h:2097:5: error: unknown type name ‘Window’; did you mean ‘GtkWindow’?
 2097 |     Window              /* w */,
      |     ^~~~~~
      |     GtkWindow
/usr/include/X11/Xlib.h:2099:5: error: expected declaration specifiers or ‘...’ before ‘XSetWindowAttributes’
 2099 |     XSetWindowAttributes* /* attributes */
      |     ^~~~~~~~~~~~~~~~~~~~
/usr/include/X11/Xlib.h:2103:5: error: expected declaration specifiers or ‘...’ before ‘Display’
 2103 |     Display*            /* display */,
      |     ^~~~~~~
/usr/include/X11/Xlib.h:2104:5: error: expected declaration specifiers or ‘...’ before ‘XEvent’
 2104 |     XEvent*             /* event_return */,
      |     ^~~~~~
/usr/include/X11/Xlib.h:2106:16: error: expected declaration specifiers or ‘...’ before ‘Display’
 2106 |                Display*                 /* display */,
      |                ^~~~~~~
/usr/include/X11/Xlib.h:2107:16: error: expected declaration specifiers or ‘...’ before ‘XEvent’
 2107 |                XEvent*                  /* event */,
      |                ^~~~~~
/usr/include/X11/Xlib.h:2108:16: error: expected declaration specifiers or ‘...’ before ‘XPointer’
 2108 |                XPointer                 /* arg */
      |                ^~~~~~~~
/usr/include/X11/Xlib.h:2110:5: error: expected ‘;’, ‘,’ or ‘)’ before ‘XPointer’
 2110 |     XPointer            /* arg */
      |     ^~~~~~~~
/usr/include/X11/Xlib.h:2114:5: error: expected declaration specifiers or ‘...’ before ‘Display’
 2114 |     Display*            /* display */,
      |     ^~~~~~~
/usr/include/X11/Xlib.h:2116:5: error: expected declaration specifiers or ‘...’ before ‘XEvent’
 2116 |     XEvent*             /* event_return */
      |     ^~~~~~
/usr/include/X11/Xlib.h:2120:5: error: expected declaration specifiers or ‘...’ before ‘Display’
 2120 |     Display*            /* display */,
      |     ^~~~~~~
/usr/include/X11/Xlib.h:2122:5: error: expected declaration specifiers or ‘...’ before ‘XEvent’
 2122 |     XEvent*             /* event_return */
      |     ^~~~~~
/usr/include/X11/Xlib.h:2126:5: error: expected declaration specifiers or ‘...’ before ‘Display’
 2126 |     Display*            /* display */,
      |     ^~~~~~~
/usr/include/X11/Xlib.h:2127:5: error: unknown type name ‘Window’; did you mean ‘GtkWindow’?
 2127 |     Window              /* w */,
      |     ^~~~~~
      |     GtkWindow
/usr/include/X11/Xlib.h:2129:5: error: expected declaration specifiers or ‘...’ before ‘XEvent’
 2129 |     XEvent*             /* event_return */
      |     ^~~~~~
/usr/include/X11/Xlib.h:2133:5: error: expected declaration specifiers or ‘...’ before ‘Display’
 2133 |     Display*            /* display */,
      |     ^~~~~~~
/usr/include/X11/Xlib.h:2134:5: error: unknown type name ‘Window’; did you mean ‘GtkWindow’?
 2134 |     Window              /* w */,
      |     ^~~~~~
      |     GtkWindow
/usr/include/X11/Xlib.h:2136:5: error: expected declaration specifiers or ‘...’ before ‘XEvent’
 2136 |     XEvent*             /* event_return */
      |     ^~~~~~
/usr/include/X11/Xlib.h:2140:5: error: expected declaration specifiers or ‘...’ before ‘Display’
 2140 |     Display*            /* display */,
      |     ^~~~~~~
/usr/include/X11/Xlib.h:2141:5: error: unknown type name ‘Window’; did you mean ‘GtkWindow’?
 2141 |     Window              /* w */,
      |     ^~~~~~
      |     GtkWindow
/usr/include/X11/Xlib.h:2146:5: error: expected declaration specifiers or ‘...’ before ‘Display’
 2146 |     Display*            /* display */,
      |     ^~~~~~~
/usr/include/X11/Xlib.h:2147:5: error: unknown type name ‘Window’; did you mean ‘GtkWindow’?
 2147 |     Window              /* w */
      |     ^~~~~~
      |     GtkWindow
/usr/include/X11/Xlib.h:2151:5: error: expected declaration specifiers or ‘...’ before ‘Display’
 2151 |     Display*            /* display */,
      |     ^~~~~~~
/usr/include/X11/Xlib.h:2152:5: error: unknown type name ‘Window’; did you mean ‘GtkWindow’?
 2152 |     Window              /* w */
      |     ^~~~~~
      |     GtkWindow
/usr/include/X11/Xlib.h:2156:5: error: expected declaration specifiers or ‘...’ before ‘Display’
 2156 |     Display*            /* display */,
      |     ^~~~~~~
/usr/include/X11/Xlib.h:2157:5: error: unknown type name ‘Window’; did you mean ‘GtkWindow’?
 2157 |     Window              /* w */,
      |     ^~~~~~
      |     GtkWindow
/usr/include/X11/Xlib.h:2166:5: error: expected declaration specifiers or ‘...’ before ‘Display’
 2166 |     Display*            /* display */,
      |     ^~~~~~~
/usr/include/X11/Xlib.h:2167:5: error: unknown type name ‘Window’; did you mean ‘GtkWindow’?
 2167 |     Window              /* w */
      |     ^~~~~~
      |     GtkWindow
/usr/include/X11/Xlib.h:2171:5: error: expected declaration specifiers or ‘...’ before ‘Display’
 2171 |     Display*            /* display */
      |     ^~~~~~~
/usr/include/X11/Xlib.h:2175:5: error: expected declaration specifiers or ‘...’ before ‘Display’
 2175 |     Display*            /* display */,
      |     ^~~~~~~
/usr/include/X11/Xlib.h:2176:5: error: unknown type name ‘Window’; did you mean ‘GtkWindow’?
 2176 |     Window              /* w */,
      |     ^~~~~~
      |     GtkWindow
/usr/include/X11/Xlib.h:2178:5: error: expected declaration specifiers or ‘...’ before ‘XWindowChanges’
 2178 |     XWindowChanges*     /* values */
      |     ^~~~~~~~~~~~~~
/usr/include/X11/Xlib.h:2182:5: error: expected declaration specifiers or ‘...’ before ‘Display’
 2182 |     Display*            /* display */
      |     ^~~~~~~
/usr/include/X11/Xlib.h:2186:5: error: expected declaration specifiers or ‘...’ before ‘Display’
 2186 |     Display*            /* display */,
      |     ^~~~~~~
/usr/include/X11/Xlib.h:2187:5: error: expected declaration specifiers or ‘...’ before ‘Atom’
 2187 |     Atom                /* selection */,
      |     ^~~~
/usr/include/X11/Xlib.h:2188:5: error: expected declaration specifiers or ‘...’ before ‘Atom’
 2188 |     Atom                /* target */,
      |     ^~~~
/usr/include/X11/Xlib.h:2189:5: error: expected declaration specifiers or ‘...’ before ‘Atom’
 2189 |     Atom                /* property */,
      |     ^~~~
/usr/include/X11/Xlib.h:2190:5: error: unknown type name ‘Window’; did you mean ‘GtkWindow’?
 2190 |     Window              /* requestor */,
      |     ^~~~~~
      |     GtkWindow
/usr/include/X11/Xlib.h:2191:5: error: expected declaration specifiers or ‘...’ before ‘Time’
 2191 |     Time                /* time */
      |     ^~~~
/usr/include/X11/Xlib.h:2195:5: error: expected declaration specifiers or ‘...’ before ‘Display’
 2195 |     Display*            /* display */,
      |     ^~~~~~~
/usr/include/X11/Xlib.h:2196:5: error: unknown type name ‘Drawable’; did you mean ‘BadDrawable’?
 2196 |     Drawable            /* src */,
      |     ^~~~~~~~
      |     BadDrawable
/usr/include/X11/Xlib.h:2197:5: error: unknown type name ‘Drawable’; did you mean ‘BadDrawable’?
 2197 |     Drawable            /* dest */,
      |     ^~~~~~~~
      |     BadDrawable
/usr/include/X11/Xlib.h:2198:5: error: expected declaration specifiers or ‘...’ before ‘GC’
 2198 |     GC                  /* gc */,
      |     ^~
/usr/include/X11/Xlib.h:2208:5: error: expected declaration specifiers or ‘...’ before ‘Display’
 2208 |     Display*            /* display */,
      |     ^~~~~~~
/usr/include/X11/Xlib.h:2209:5: error: expected declaration specifiers or ‘...’ before ‘GC’
 2209 |     GC                  /* src */,
      |     ^~
/usr/include/X11/Xlib.h:2211:5: error: expected declaration specifiers or ‘...’ before ‘GC’
 2211 |     GC                  /* dest */
      |     ^~
/usr/include/X11/Xlib.h:2215:5: error: expected declaration specifiers or ‘...’ before ‘Display’
 2215 |     Display*            /* display */,
      |     ^~~~~~~
/usr/include/X11/Xlib.h:2216:5: error: unknown type name ‘Drawable’; did you mean ‘BadDrawable’?
 2216 |     Drawable            /* src */,
      |     ^~~~~~~~
      |     BadDrawable
/usr/include/X11/Xlib.h:2217:5: error: unknown type name ‘Drawable’; did you mean ‘BadDrawable’?
 2217 |     Drawable            /* dest */,
      |     ^~~~~~~~
      |     BadDrawable
/usr/include/X11/Xlib.h:2218:5: error: expected declaration specifiers or ‘...’ before ‘GC’
 2218 |     GC                  /* gc */,
      |     ^~
/usr/include/X11/Xlib.h:2229:5: error: expected declaration specifiers or ‘...’ before ‘Display’
 2229 |     Display*            /* display */,
      |     ^~~~~~~
/usr/include/X11/Xlib.h:2234:5: error: expected declaration specifiers or ‘...’ before ‘Screen’
 2234 |     Screen*             /* screen */
      |     ^~~~~~
/usr/include/X11/Xlib.h:2238:5: error: expected declaration specifiers or ‘...’ before ‘Display’
 2238 |     Display*            /* display */
      |     ^~~~~~~
/usr/include/X11/Xlib.h:2242:5: error: expected declaration specifiers or ‘...’ before ‘Display’
 2242 |     Display*            /* display */,
      |     ^~~~~~~
/usr/include/X11/Xlib.h:2243:5: error: unknown type name ‘Window’; did you mean ‘GtkWindow’?
 2243 |     Window              /* w */,
      |     ^~~~~~
      |     GtkWindow
/usr/include/X11/Xlib.h:2244:5: error: unknown type name ‘Cursor’; did you mean ‘CWCursor’?
 2244 |     Cursor              /* cursor */
      |     ^~~~~~
      |     CWCursor
/usr/include/X11/Xlib.h:2248:5: error: expected declaration specifiers or ‘...’ before ‘Display’
 2248 |     Display*            /* display */,
      |     ^~~~~~~
/usr/include/X11/Xlib.h:2249:5: error: unknown type name ‘Window’; did you mean ‘GtkWindow’?
 2249 |     Window              /* w */,
      |     ^~~~~~
      |     GtkWindow
/usr/include/X11/Xlib.h:2250:5: error: expected declaration specifiers or ‘...’ before ‘Atom’
 2250 |     Atom                /* property */
      |     ^~~~
/usr/include/X11/Xlib.h:2254:5: error: expected declaration specifiers or ‘...’ before ‘Display’
 2254 |     Display*            /* display */,
      |     ^~~~~~~
/usr/include/X11/Xlib.h:2255:5: error: unknown type name ‘Window’; did you mean ‘GtkWindow’?
 2255 |     Window              /* w */
      |     ^~~~~~
      |     GtkWindow
/usr/include/X11/Xlib.h:2259:5: error: expected declaration specifiers or ‘...’ before ‘Display’
 2259 |     Display*            /* display */,
      |     ^~~~~~~
/usr/include/X11/Xlib.h:2260:5: error: unknown type name ‘Window’; did you mean ‘GtkWindow’?
 2260 |     Window              /* w */
      |     ^~~~~~
      |     GtkWindow
/usr/include/X11/Xlib.h:2264:5: error: expected declaration specifiers or ‘...’ before ‘Screen’
 2264 |     Screen*             /* screen */
      |     ^~~~~~
/usr/include/X11/Xlib.h:2268:5: error: expected declaration specifiers or ‘...’ before ‘Screen’
 2268 |     Screen*             /* screen */
      |     ^~~~~~
/usr/include/X11/Xlib.h:2272:5: error: expected declaration specifiers or ‘...’ before ‘Display’
 2272 |     Display*            /* display */
      |     ^~~~~~~
/usr/include/X11/Xlib.h:2277:5: error: expected declaration specifiers or ‘...’ before ‘Display’
 2277 |     Display*            /* display */,
      |     ^~~~~~~
/usr/include/X11/Xlib.h:2282:5: error: expected declaration specifiers or ‘...’ before ‘Display’
 2282 |     Display*            /* display */,
      |     ^~~~~~~
/usr/include/X11/Xlib.h:2287:5: error: expected declaration specifiers or ‘...’ before ‘Display’
 2287 |     Display*            /* display */,
      |     ^~~~~~~
/usr/include/X11/Xlib.h:2292:5: error: expected declaration specifiers or ‘...’ before ‘Display’
 2292 |     Display*            /* display */,
      |     ^~~~~~~
/usr/include/X11/Xlib.h:2298:5: error: expected declaration specifiers or ‘...’ before ‘Display’
 2298 |     Display*            /* display */,
      |     ^~~~~~~
/usr/include/X11/Xlib.h:2303:5: error: expected declaration specifiers or ‘...’ before ‘Display’
 2303 |     Display*            /* display */,
      |     ^~~~~~~
/usr/include/X11/Xlib.h:2308:5: error: expected declaration specifiers or ‘...’ before ‘Display’
 2308 |     Display*            /* display */,
      |     ^~~~~~~
/usr/include/X11/Xlib.h:2313:5: error: expected declaration specifiers or ‘...’ before ‘Display’
 2313 |     Display*            /* display */,
      |     ^~~~~~~
/usr/include/X11/Xlib.h:2314:5: error: unknown type name ‘Drawable’; did you mean ‘BadDrawable’?
 2314 |     Drawable            /* d */,
      |     ^~~~~~~~
      |     BadDrawable
/usr/include/X11/Xlib.h:2315:5: error: expected declaration specifiers or ‘...’ before ‘GC’
 2315 |     GC                  /* gc */,
      |     ^~
/usr/include/X11/Xlib.h:2325:5: error: expected declaration specifiers or ‘...’ before ‘Display’
 2325 |     Display*            /* display */,
      |     ^~~~~~~
/usr/include/X11/Xlib.h:2326:5: error: unknown type name ‘Drawable’; did you mean ‘BadDrawable’?
 2326 |     Drawable            /* d */,
      |     ^~~~~~~~
      |     BadDrawable
/usr/include/X11/Xlib.h:2327:5: error: expected declaration specifiers or ‘...’ before ‘GC’
 2327 |     GC                  /* gc */,
      |     ^~
/usr/include/X11/Xlib.h:2328:5: error: expected declaration specifiers or ‘...’ before ‘XArc’
 2328 |     XArc*               /* arcs */,
      |     ^~~~
/usr/include/X11/Xlib.h:2333:5: error: expected declaration specifiers or ‘...’ before ‘Display’
 2333 |     Display*            /* display */,
      |     ^~~~~~~
/usr/include/X11/Xlib.h:2334:5: error: unknown type name ‘Drawable’; did you mean ‘BadDrawable’?
 2334 |     Drawable            /* d */,
      |     ^~~~~~~~
      |     BadDrawable
/usr/include/X11/Xlib.h:2335:5: error: expected declaration specifiers or ‘...’ before ‘GC’
 2335 |     GC                  /* gc */,
      |     ^~
/usr/include/X11/Xlib.h:2343:5: error: expected declaration specifiers or ‘...’ before ‘Display’
 2343 |     Display*            /* display */,
      |     ^~~~~~~
/usr/include/X11/Xlib.h:2344:5: error: unknown type name ‘Drawable’; did you mean ‘BadDrawable’?
 2344 |     Drawable            /* d */,
      |     ^~~~~~~~
      |     BadDrawable
/usr/include/X11/Xlib.h:2345:5: error: expected declaration specifiers or ‘...’ before ‘GC’
 2345 |     GC                  /* gc */,
      |     ^~
/usr/include/X11/Xlib.h:2348:13: error: type defaults to ‘int’ in declaration of ‘XChar2b’ [-Wimplicit-int]
 2348 |     _Xconst XChar2b*    /* string */,
      |             ^~~~~~~
/usr/include/X11/Xlib.h:2348:20: error: expected ‘;’, ‘,’ or ‘)’ before ‘*’ token
 2348 |     _Xconst XChar2b*    /* string */,
      |                    ^
/usr/include/X11/Xlib.h:2353:5: error: expected declaration specifiers or ‘...’ before ‘Display’
 2353 |     Display*            /* display */,
      |     ^~~~~~~
/usr/include/X11/Xlib.h:2354:5: error: unknown type name ‘Drawable’; did you mean ‘BadDrawable’?
 2354 |     Drawable            /* d */,
      |     ^~~~~~~~
      |     BadDrawable
/usr/include/X11/Xlib.h:2355:5: error: expected declaration specifiers or ‘...’ before ‘GC’
 2355 |     GC                  /* gc */,
      |     ^~
/usr/include/X11/Xlib.h:2363:5: error: expected declaration specifiers or ‘...’ before ‘Display’
 2363 |     Display*            /* display */,
      |     ^~~~~~~
/usr/include/X11/Xlib.h:2364:5: error: unknown type name ‘Drawable’; did you mean ‘BadDrawable’?
 2364 |     Drawable            /* d */,
      |     ^~~~~~~~
      |     BadDrawable
/usr/include/X11/Xlib.h:2365:5: error: expected declaration specifiers or ‘...’ before ‘GC’
 2365 |     GC                  /* gc */,
      |     ^~
/usr/include/X11/Xlib.h:2366:5: error: expected declaration specifiers or ‘...’ before ‘XPoint’
 2366 |     XPoint*             /* points */,
      |     ^~~~~~
/usr/include/X11/Xlib.h:2372:5: error: expected declaration specifiers or ‘...’ before ‘Display’
 2372 |     Display*            /* display */,
      |     ^~~~~~~
/usr/include/X11/Xlib.h:2373:5: error: unknown type name ‘Drawable’; did you mean ‘BadDrawable’?
 2373 |     Drawable            /* d */,
      |     ^~~~~~~~
      |     BadDrawable
/usr/include/X11/Xlib.h:2374:5: error: expected declaration specifiers or ‘...’ before ‘GC’
 2374 |     GC                  /* gc */,
      |     ^~
/usr/include/X11/Xlib.h:2380:5: error: expected declaration specifiers or ‘...’ before ‘Display’
 2380 |     Display*            /* display */,
      |     ^~~~~~~
/usr/include/X11/Xlib.h:2381:5: error: unknown type name ‘Drawable’; did you mean ‘BadDrawable’?
 2381 |     Drawable            /* d */,
      |     ^~~~~~~~
      |     BadDrawable
/usr/include/X11/Xlib.h:2382:5: error: expected declaration specifiers or ‘...’ before ‘GC’
 2382 |     GC                  /* gc */,
      |     ^~
/usr/include/X11/Xlib.h:2383:5: error: expected declaration specifiers or ‘...’ before ‘XPoint’
 2383 |     XPoint*             /* points */,
      |     ^~~~~~
/usr/include/X11/Xlib.h:2389:5: error: expected declaration specifiers or ‘...’ before ‘Display’
 2389 |     Display*            /* display */,
      |     ^~~~~~~
/usr/include/X11/Xlib.h:2390:5: error: unknown type name ‘Drawable’; did you mean ‘BadDrawable’?
 2390 |     Drawable            /* d */,
      |     ^~~~~~~~
      |     BadDrawable
/usr/include/X11/Xlib.h:2391:5: error: expected declaration specifiers or ‘...’ before ‘GC’
 2391 |     GC                  /* gc */,
      |     ^~
/usr/include/X11/Xlib.h:2399:5: error: expected declaration specifiers or ‘...’ before ‘Display’
 2399 |     Display*            /* display */,
      |     ^~~~~~~
/usr/include/X11/Xlib.h:2400:5: error: unknown type name ‘Drawable’; did you mean ‘BadDrawable’?
 2400 |     Drawable            /* d */,
      |     ^~~~~~~~
      |     BadDrawable
/usr/include/X11/Xlib.h:2401:5: error: expected declaration specifiers or ‘...’ before ‘GC’
 2401 |     GC                  /* gc */,
      |     ^~
/usr/include/X11/Xlib.h:2402:5: error: expected declaration specifiers or ‘...’ before ‘XRectangle’
 2402 |     XRectangle*         /* rectangles */,
      |     ^~~~~~~~~~
/usr/include/X11/Xlib.h:2407:5: error: expected declaration specifiers or ‘...’ before ‘Display’
 2407 |     Display*            /* display */,
      |     ^~~~~~~
/usr/include/X11/Xlib.h:2408:5: error: unknown type name ‘Drawable’; did you mean ‘BadDrawable’?
 2408 |     Drawable            /* d */,
      |     ^~~~~~~~
      |     BadDrawable
/usr/include/X11/Xlib.h:2409:5: error: expected declaration specifiers or ‘...’ before ‘GC’
 2409 |     GC                  /* gc */,
      |     ^~
/usr/include/X11/Xlib.h:2410:5: error: expected declaration specifiers or ‘...’ before ‘XSegment’
 2410 |     XSegment*           /* segments */,
      |     ^~~~~~~~
/usr/include/X11/Xlib.h:2415:5: error: expected declaration specifiers or ‘...’ before ‘Display’
 2415 |     Display*            /* display */,
      |     ^~~~~~~
/usr/include/X11/Xlib.h:2416:5: error: unknown type name ‘Drawable’; did you mean ‘BadDrawable’?
 2416 |     Drawable            /* d */,
      |     ^~~~~~~~
      |     BadDrawable
/usr/include/X11/Xlib.h:2417:5: error: expected declaration specifiers or ‘...’ before ‘GC’
 2417 |     GC                  /* gc */,
      |     ^~
/usr/include/X11/Xlib.h:2425:5: error: expected declaration specifiers or ‘...’ before ‘Display’
 2425 |     Display*            /* display */,
      |     ^~~~~~~
/usr/include/X11/Xlib.h:2426:5: error: unknown type name ‘Drawable’; did you mean ‘BadDrawable’?
 2426 |     Drawable            /* d */,
      |     ^~~~~~~~
      |     BadDrawable
/usr/include/X11/Xlib.h:2427:5: error: expected declaration specifiers or ‘...’ before ‘GC’
 2427 |     GC                  /* gc */,
      |     ^~
/usr/include/X11/Xlib.h:2430:13: error: type defaults to ‘int’ in declaration of ‘XChar2b’ [-Wimplicit-int]
 2430 |     _Xconst XChar2b*    /* string */,
      |             ^~~~~~~
/usr/include/X11/Xlib.h:2430:20: error: expected ‘;’, ‘,’ or ‘)’ before ‘*’ token
 2430 |     _Xconst XChar2b*    /* string */,
      |                    ^
/usr/include/X11/Xlib.h:2435:5: error: expected declaration specifiers or ‘...’ before ‘Display’
 2435 |     Display*            /* display */,
      |     ^~~~~~~
/usr/include/X11/Xlib.h:2436:5: error: unknown type name ‘Drawable’; did you mean ‘BadDrawable’?
 2436 |     Drawable            /* d */,
      |     ^~~~~~~~
      |     BadDrawable
/usr/include/X11/Xlib.h:2437:5: error: expected declaration specifiers or ‘...’ before ‘GC’
 2437 |     GC                  /* gc */,
      |     ^~
/usr/include/X11/Xlib.h:2440:5: error: expected declaration specifiers or ‘...’ before ‘XTextItem’
 2440 |     XTextItem*          /* items */,
      |     ^~~~~~~~~
/usr/include/X11/Xlib.h:2445:5: error: expected declaration specifiers or ‘...’ before ‘Display’
 2445 |     Display*            /* display */,
      |     ^~~~~~~
/usr/include/X11/Xlib.h:2446:5: error: unknown type name ‘Drawable’; did you mean ‘BadDrawable’?
 2446 |     Drawable            /* d */,
      |     ^~~~~~~~
      |     BadDrawable
/usr/include/X11/Xlib.h:2447:5: error: expected declaration specifiers or ‘...’ before ‘GC’
 2447 |     GC                  /* gc */,
      |     ^~
/usr/include/X11/Xlib.h:2450:5: error: expected declaration specifiers or ‘...’ before ‘XTextItem16’
 2450 |     XTextItem16*        /* items */,
      |     ^~~~~~~~~~~
/usr/include/X11/Xlib.h:2455:5: error: expected declaration specifiers or ‘...’ before ‘Display’
 2455 |     Display*            /* display */
      |     ^~~~~~~
/usr/include/X11/Xlib.h:2459:5: error: expected declaration specifiers or ‘...’ before ‘Display’
 2459 |     Display*            /* display */,
      |     ^~~~~~~
/usr/include/X11/Xlib.h:2464:5: error: expected declaration specifiers or ‘...’ before ‘Display’
 2464 |     Display*            /* display */,
      |     ^~~~~~~
/usr/include/X11/Xlib.h:2465:5: error: unknown type name ‘Window’; did you mean ‘GtkWindow’?
 2465 |     Window              /* w */,
      |     ^~~~~~
      |     GtkWindow
/usr/include/X11/Xlib.h:2470:5: error: expected declaration specifiers or ‘...’ before ‘Display’
 2470 |     Display*            /* display */,
      |     ^~~~~~~
/usr/include/X11/Xlib.h:2471:5: error: unknown type name ‘Drawable’; did you mean ‘BadDrawable’?
 2471 |     Drawable            /* d */,
      |     ^~~~~~~~
      |     BadDrawable
/usr/include/X11/Xlib.h:2472:5: error: expected declaration specifiers or ‘...’ before ‘GC’
 2472 |     GC                  /* gc */,
      |     ^~
/usr/include/X11/Xlib.h:2482:5: error: expected declaration specifiers or ‘...’ before ‘Display’
 2482 |     Display*            /* display */,
      |     ^~~~~~~
/usr/include/X11/Xlib.h:2483:5: error: unknown type name ‘Drawable’; did you mean ‘BadDrawable’?
 2483 |     Drawable            /* d */,
      |     ^~~~~~~~
      |     BadDrawable
/usr/include/X11/Xlib.h:2484:5: error: expected declaration specifiers or ‘...’ before ‘GC’
 2484 |     GC                  /* gc */,
      |     ^~
/usr/include/X11/Xlib.h:2485:5: error: expected declaration specifiers or ‘...’ before ‘XArc’
 2485 |     XArc*               /* arcs */,
      |     ^~~~
/usr/include/X11/Xlib.h:2490:5: error: expected declaration specifiers or ‘...’ before ‘Display’
 2490 |     Display*            /* display */,
      |     ^~~~~~~
/usr/include/X11/Xlib.h:2491:5: error: unknown type name ‘Drawable’; did you mean ‘BadDrawable’?
 2491 |     Drawable            /* d */,
      |     ^~~~~~~~
      |     BadDrawable
/usr/include/X11/Xlib.h:2492:5: error: expected declaration specifiers or ‘...’ before ‘GC’
 2492 |     GC                  /* gc */,
      |     ^~
/usr/include/X11/Xlib.h:2493:5: error: expected declaration specifiers or ‘...’ before ‘XPoint’
 2493 |     XPoint*             /* points */,
      |     ^~~~~~
/usr/include/X11/Xlib.h:2500:5: error: expected declaration specifiers or ‘...’ before ‘Display’
 2500 |     Display*            /* display */,
      |     ^~~~~~~
/usr/include/X11/Xlib.h:2501:5: error: unknown type name ‘Drawable’; did you mean ‘BadDrawable’?
 2501 |     Drawable            /* d */,
      |     ^~~~~~~~
      |     BadDrawable
/usr/include/X11/Xlib.h:2502:5: error: expected declaration specifiers or ‘...’ before ‘GC’
 2502 |     GC                  /* gc */,
      |     ^~
/usr/include/X11/Xlib.h:2510:5: error: expected declaration specifiers or ‘...’ before ‘Display’
 2510 |     Display*            /* display */,
      |     ^~~~~~~
/usr/include/X11/Xlib.h:2511:5: error: unknown type name ‘Drawable’; did you mean ‘BadDrawable’?
 2511 |     Drawable            /* d */,
      |     ^~~~~~~~
      |     BadDrawable
/usr/include/X11/Xlib.h:2512:5: error: expected declaration specifiers or ‘...’ before ‘GC’
 2512 |     GC                  /* gc */,
      |     ^~
/usr/include/X11/Xlib.h:2513:5: error: expected declaration specifiers or ‘...’ before ‘XRectangle’
 2513 |     XRectangle*         /* rectangles */,
      |     ^~~~~~~~~~
/usr/include/X11/Xlib.h:2518:5: error: expected declaration specifiers or ‘...’ before ‘Display’
 2518 |     Display*            /* display */
      |     ^~~~~~~
/usr/include/X11/Xlib.h:2522:5: error: expected declaration specifiers or ‘...’ before ‘Display’
 2522 |     Display*            /* display */,
      |     ^~~~~~~
/usr/include/X11/Xlib.h:2526:12: error: storage class specified for parameter ‘XFree’
 2526 | extern int XFree(
      |            ^~~~~
/usr/include/X11/Xlib.h:2531:5: error: expected declaration specifiers or ‘...’ before ‘Display’
 2531 |     Display*            /* display */,
      |     ^~~~~~~
/usr/include/X11/Xlib.h:2532:5: error: unknown type name ‘Colormap’; did you mean ‘XNColormap’?
 2532 |     Colormap            /* colormap */
      |     ^~~~~~~~
      |     XNColormap
/usr/include/X11/Xlib.h:2536:5: error: expected declaration specifiers or ‘...’ before ‘Display’
 2536 |     Display*            /* display */,
      |     ^~~~~~~
/usr/include/X11/Xlib.h:2537:5: error: unknown type name ‘Colormap’; did you mean ‘XNColormap’?
 2537 |     Colormap            /* colormap */,
      |     ^~~~~~~~
      |     XNColormap
/usr/include/X11/Xlib.h:2544:5: error: expected declaration specifiers or ‘...’ before ‘Display’
 2544 |     Display*            /* display */,
      |     ^~~~~~~
/usr/include/X11/Xlib.h:2545:5: error: unknown type name ‘Cursor’; did you mean ‘CWCursor’?
 2545 |     Cursor              /* cursor */
      |     ^~~~~~
      |     CWCursor
/usr/include/X11/Xlib.h:2548:12: error: storage class specified for parameter ‘XFreeExtensionList’
 2548 | extern int XFreeExtensionList(
      |            ^~~~~~~~~~~~~~~~~~
/usr/include/X11/Xlib.h:2553:5: error: expected declaration specifiers or ‘...’ before ‘Display’
 2553 |     Display*            /* display */,
      |     ^~~~~~~
/usr/include/X11/Xlib.h:2554:5: error: expected declaration specifiers or ‘...’ before ‘XFontStruct’
 2554 |     XFontStruct*        /* font_struct */
      |     ^~~~~~~~~~~
/usr/include/X11/Xlib.h:2559:5: error: expected declaration specifiers or ‘...’ before ‘XFontStruct’
 2559 |     XFontStruct*        /* free_info */,
      |     ^~~~~~~~~~~
/usr/include/X11/Xlib.h:2563:12: error: storage class specified for parameter ‘XFreeFontNames’
 2563 | extern int XFreeFontNames(
      |            ^~~~~~~~~~~~~~
/usr/include/X11/Xlib.h:2567:12: error: storage class specified for parameter ‘XFreeFontPath’
 2567 | extern int XFreeFontPath(
      |            ^~~~~~~~~~~~~
/usr/include/X11/Xlib.h:2572:5: error: expected declaration specifiers or ‘...’ before ‘Display’
 2572 |     Display*            /* display */,
      |     ^~~~~~~
/usr/include/X11/Xlib.h:2573:5: error: expected declaration specifiers or ‘...’ before ‘GC’
 2573 |     GC                  /* gc */
      |     ^~
/usr/include/X11/Xlib.h:2577:5: error: expected declaration specifiers or ‘...’ before ‘XModifierKeymap’
 2577 |     XModifierKeymap*    /* modmap */
      |     ^~~~~~~~~~~~~~~
/usr/include/X11/Xlib.h:2581:5: error: expected declaration specifiers or ‘...’ before ‘Display’
 2581 |     Display*            /* display */,
      |     ^~~~~~~
/usr/include/X11/Xlib.h:2582:5: error: unknown type name ‘Pixmap’; did you mean ‘ZPixmap’?
 2582 |     Pixmap              /* pixmap */
      |     ^~~~~~
      |     ZPixmap
/usr/include/X11/Xlib.h:2586:5: error: expected declaration specifiers or ‘...’ before ‘Display’
 2586 |     Display*            /* display */,
      |     ^~~~~~~
/usr/include/X11/Xlib.h:2602:5: error: expected declaration specifiers or ‘...’ before ‘Display’
 2602 |     Display*            /* display */,
      |     ^~~~~~~
/usr/include/X11/Xlib.h:2611:5: error: expected declaration specifiers or ‘...’ before ‘Display’
 2611 |     Display*            /* display */,
      |     ^~~~~~~
/usr/include/X11/Xlib.h:2618:5: error: expected declaration specifiers or ‘...’ before ‘XFontStruct’
 2618 |     XFontStruct*        /* font_struct */,
      |     ^~~~~~~~~~~
/usr/include/X11/Xlib.h:2619:5: error: expected declaration specifiers or ‘...’ before ‘Atom’
 2619 |     Atom                /* atom */,
      |     ^~~~
/usr/include/X11/Xlib.h:2624:5: error: expected declaration specifiers or ‘...’ before ‘Display’
 2624 |     Display*            /* display */,
      |     ^~~~~~~
/usr/include/X11/Xlib.h:2625:5: error: expected declaration specifiers or ‘...’ before ‘GC’
 2625 |     GC                  /* gc */,
      |     ^~
/usr/include/X11/Xlib.h:2627:5: error: expected declaration specifiers or ‘...’ before ‘XGCValues’
 2627 |     XGCValues*          /* values_return */
      |     ^~~~~~~~~
/usr/include/X11/Xlib.h:2631:5: error: expected declaration specifiers or ‘...’ before ‘Display’
 2631 |     Display*            /* display */,
      |     ^~~~~~~
/usr/include/X11/Xlib.h:2632:5: error: unknown type name ‘Drawable’; did you mean ‘BadDrawable’?
 2632 |     Drawable            /* d */,
      |     ^~~~~~~~
      |     BadDrawable
/usr/include/X11/Xlib.h:2633:5: error: unknown type name ‘Window’; did you mean ‘GtkWindow’?
 2633 |     Window*             /* root_return */,
      |     ^~~~~~
      |     GtkWindow
/usr/include/X11/Xlib.h:2643:5: error: expected declaration specifiers or ‘...’ before ‘Display’
 2643 |     Display*            /* display */,
      |     ^~~~~~~
/usr/include/X11/Xlib.h:2644:5: error: unknown type name ‘Window’; did you mean ‘GtkWindow’?
 2644 |     Window              /* w */,
      |     ^~~~~~
      |     GtkWindow
/usr/include/X11/Xlib.h:2649:5: error: expected declaration specifiers or ‘...’ before ‘Display’
 2649 |     Display*            /* display */,
      |     ^~~~~~~
/usr/include/X11/Xlib.h:2650:5: error: unknown type name ‘Window’; did you mean ‘GtkWindow’?
 2650 |     Window*             /* focus_return */,
      |     ^~~~~~
      |     GtkWindow
/usr/include/X11/Xlib.h:2655:5: error: expected declaration specifiers or ‘...’ before ‘Display’
 2655 |     Display*            /* display */,
      |     ^~~~~~~
/usr/include/X11/Xlib.h:2656:5: error: expected declaration specifiers or ‘...’ before ‘XKeyboardState’
 2656 |     XKeyboardState*     /* values_return */
      |     ^~~~~~~~~~~~~~
/usr/include/X11/Xlib.h:2660:5: error: expected declaration specifiers or ‘...’ before ‘Display’
 2660 |     Display*            /* display */,
      |     ^~~~~~~
/usr/include/X11/Xlib.h:2667:5: error: expected declaration specifiers or ‘...’ before ‘Display’
 2667 |     Display*            /* display */,
      |     ^~~~~~~
/usr/include/X11/Xlib.h:2673:5: error: expected declaration specifiers or ‘...’ before ‘Display’
 2673 |     Display*            /* display */,
      |     ^~~~~~~
/usr/include/X11/Xlib.h:2681:5: error: expected declaration specifiers or ‘...’ before ‘Display’
 2681 |     Display*            /* display */,
      |     ^~~~~~~
/usr/include/X11/Xlib.h:2682:5: error: unknown type name ‘Window’; did you mean ‘GtkWindow’?
 2682 |     Window              /* w */,
      |     ^~~~~~
      |     GtkWindow
/usr/include/X11/Xlib.h:2683:5: error: unknown type name ‘Window’; did you mean ‘GtkWindow’?
 2683 |     Window*             /* prop_window_return */
      |     ^~~~~~
      |     GtkWindow
/usr/include/X11/Xlib.h:2687:5: error: expected declaration specifiers or ‘...’ before ‘Display’
 2687 |     Display*            /* display */,
      |     ^~~~~~~
/usr/include/X11/Xlib.h:2688:5: error: unknown type name ‘Window’; did you mean ‘GtkWindow’?
 2688 |     Window              /* w */,
      |     ^~~~~~
      |     GtkWindow
/usr/include/X11/Xlib.h:2689:5: error: expected declaration specifiers or ‘...’ before ‘Atom’
 2689 |     Atom                /* property */,
      |     ^~~~
/usr/include/X11/Xlib.h:2693:5: error: expected declaration specifiers or ‘...’ before ‘Atom’
 2693 |     Atom                /* req_type */,
      |     ^~~~
/usr/include/X11/Xlib.h:2694:5: error: expected declaration specifiers or ‘...’ before ‘Atom’
 2694 |     Atom*               /* actual_type_return */,
      |     ^~~~
/usr/include/X11/Xlib.h:2702:5: error: expected declaration specifiers or ‘...’ before ‘Display’
 2702 |     Display*            /* display */,
      |     ^~~~~~~
/usr/include/X11/Xlib.h:2703:5: error: unknown type name ‘Window’; did you mean ‘GtkWindow’?
 2703 |     Window              /* w */,
      |     ^~~~~~
      |     GtkWindow
/usr/include/X11/Xlib.h:2704:5: error: expected declaration specifiers or ‘...’ before ‘XWindowAttributes’
 2704 |     XWindowAttributes*  /* window_attributes_return */
      |     ^~~~~~~~~~~~~~~~~
/usr/include/X11/Xlib.h:2708:5: error: expected declaration specifiers or ‘...’ before ‘Display’
 2708 |     Display*            /* display */,
      |     ^~~~~~~
/usr/include/X11/Xlib.h:2711:5: error: unknown type name ‘Window’; did you mean ‘GtkWindow’?
 2711 |     Window              /* grab_window */,
      |     ^~~~~~
      |     GtkWindow
/usr/include/X11/Xlib.h:2716:5: error: unknown type name ‘Window’; did you mean ‘GtkWindow’?
 2716 |     Window              /* confine_to */,
      |     ^~~~~~
      |     GtkWindow
/usr/include/X11/Xlib.h:2717:5: error: unknown type name ‘Cursor’; did you mean ‘CWCursor’?
 2717 |     Cursor              /* cursor */
      |     ^~~~~~
      |     CWCursor
/usr/include/X11/Xlib.h:2721:5: error: expected declaration specifiers or ‘...’ before ‘Display’
 2721 |     Display*            /* display */,
      |     ^~~~~~~
/usr/include/X11/Xlib.h:2724:5: error: unknown type name ‘Window’; did you mean ‘GtkWindow’?
 2724 |     Window              /* grab_window */,
      |     ^~~~~~
      |     GtkWindow
/usr/include/X11/Xlib.h:2731:5: error: expected declaration specifiers or ‘...’ before ‘Display’
 2731 |     Display*            /* display */,
      |     ^~~~~~~
/usr/include/X11/Xlib.h:2732:5: error: unknown type name ‘Window’; did you mean ‘GtkWindow’?
 2732 |     Window              /* grab_window */,
      |     ^~~~~~
      |     GtkWindow
/usr/include/X11/Xlib.h:2736:5: error: expected declaration specifiers or ‘...’ before ‘Time’
 2736 |     Time                /* time */
      |     ^~~~
/usr/include/X11/Xlib.h:2740:5: error: expected declaration specifiers or ‘...’ before ‘Display’
 2740 |     Display*            /* display */,
      |     ^~~~~~~
/usr/include/X11/Xlib.h:2741:5: error: unknown type name ‘Window’; did you mean ‘GtkWindow’?
 2741 |     Window              /* grab_window */,
      |     ^~~~~~
      |     GtkWindow
/usr/include/X11/Xlib.h:2746:5: error: unknown type name ‘Window’; did you mean ‘GtkWindow’?
 2746 |     Window              /* confine_to */,
      |     ^~~~~~
      |     GtkWindow
/usr/include/X11/Xlib.h:2747:5: error: unknown type name ‘Cursor’; did you mean ‘CWCursor’?
 2747 |     Cursor              /* cursor */,
      |     ^~~~~~
      |     CWCursor
/usr/include/X11/Xlib.h:2748:5: error: expected declaration specifiers or ‘...’ before ‘Time’
 2748 |     Time                /* time */
      |     ^~~~
/usr/include/X11/Xlib.h:2752:5: error: expected declaration specifiers or ‘...’ before ‘Display’
 2752 |     Display*            /* display */
      |     ^~~~~~~
/usr/include/X11/Xlib.h:2756:5: error: expected declaration specifiers or ‘...’ before ‘Screen’
 2756 |     Screen*             /* screen */
      |     ^~~~~~
/usr/include/X11/Xlib.h:2760:5: error: expected declaration specifiers or ‘...’ before ‘Screen’
 2760 |     Screen*             /* screen */
      |     ^~~~~~
/usr/include/X11/Xlib.h:2764:5: error: expected declaration specifiers or ‘...’ before ‘Display’
 2764 |     Display*            /* display */,
      |     ^~~~~~~
/usr/include/X11/Xlib.h:2765:5: error: expected declaration specifiers or ‘...’ before ‘XEvent’
 2765 |     XEvent*             /* event_return */,
      |     ^~~~~~
/usr/include/X11/Xlib.h:2767:16: error: expected declaration specifiers or ‘...’ before ‘Display’
 2767 |                Display*                 /* display */,
      |                ^~~~~~~
/usr/include/X11/Xlib.h:2768:16: error: expected declaration specifiers or ‘...’ before ‘XEvent’
 2768 |                XEvent*                  /* event */,
      |                ^~~~~~
/usr/include/X11/Xlib.h:2769:16: error: expected declaration specifiers or ‘...’ before ‘XPointer’
 2769 |                XPointer                 /* arg */
      |                ^~~~~~~~
/usr/include/X11/Xlib.h:2771:5: error: expected ‘;’, ‘,’ or ‘)’ before ‘XPointer’
 2771 |     XPointer            /* arg */
      |     ^~~~~~~~
/usr/include/X11/Xlib.h:2775:5: error: expected declaration specifiers or ‘...’ before ‘Display’
 2775 |     Display*            /* display */
      |     ^~~~~~~
/usr/include/X11/Xlib.h:2779:5: error: expected declaration specifiers or ‘...’ before ‘Display’
 2779 |     Display*            /* display */,
      |     ^~~~~~~
/usr/include/X11/Xlib.h:2780:5: error: unknown type name ‘Colormap’; did you mean ‘XNColormap’?
 2780 |     Colormap            /* colormap */
      |     ^~~~~~~~
      |     XNColormap
/usr/include/X11/Xlib.h:2783:16: error: expected ‘=’, ‘,’, ‘;’, ‘asm’ or ‘__attribute__’ before ‘XKeysymToKeycode’
 2783 | extern KeyCode XKeysymToKeycode(
      |                ^~~~~~~~~~~~~~~~
/usr/include/X11/Xlib.h:2789:5: error: expected declaration specifiers or ‘...’ before ‘Display’
 2789 |     Display*            /* display */,
      |     ^~~~~~~
/usr/include/X11/Xlib.h:2790:5: error: expected declaration specifiers or ‘...’ before ‘XID’
 2790 |     XID                 /* resource */
      |     ^~~
/usr/include/X11/Xlib.h:2794:5: error: expected declaration specifiers or ‘...’ before ‘Display’
 2794 |     Display*            /* display */,
      |     ^~~~~~~
/usr/include/X11/Xlib.h:2795:5: error: unknown type name ‘Colormap’; did you mean ‘XNColormap’?
 2795 |     Colormap            /* colormap */,
      |     ^~~~~~~~
      |     XNColormap
/usr/include/X11/Xlib.h:2797:5: error: expected declaration specifiers or ‘...’ before ‘XColor’
 2797 |     XColor*             /* exact_def_return */,
      |     ^~~~~~
/usr/include/X11/Xlib.h:2798:5: error: expected declaration specifiers or ‘...’ before ‘XColor’
 2798 |     XColor*             /* screen_def_return */
      |     ^~~~~~
/usr/include/X11/Xlib.h:2802:5: error: expected declaration specifiers or ‘...’ before ‘Display’
 2802 |     Display*            /* display */,
      |     ^~~~~~~
/usr/include/X11/Xlib.h:2803:5: error: unknown type name ‘Window’; did you mean ‘GtkWindow’?
 2803 |     Window              /* w */
      |     ^~~~~~
      |     GtkWindow
/usr/include/X11/Xlib.h:2807:5: error: expected declaration specifiers or ‘...’ before ‘Display’
 2807 |     Display*            /* display */,
      |     ^~~~~~~
/usr/include/X11/Xlib.h:2808:5: error: unknown type name ‘Window’; did you mean ‘GtkWindow’?
 2808 |     Window              /* w */
      |     ^~~~~~
      |     GtkWindow
/usr/include/X11/Xlib.h:2812:5: error: expected declaration specifiers or ‘...’ before ‘Display’
 2812 |     Display*            /* display */,
      |     ^~~~~~~
/usr/include/X11/Xlib.h:2813:5: error: unknown type name ‘Window’; did you mean ‘GtkWindow’?
 2813 |     Window              /* w */
      |     ^~~~~~
      |     GtkWindow
/usr/include/X11/Xlib.h:2817:5: error: expected declaration specifiers or ‘...’ before ‘Display’
 2817 |     Display*            /* display */,
      |     ^~~~~~~
/usr/include/X11/Xlib.h:2818:5: error: unknown type name ‘Window’; did you mean ‘GtkWindow’?
 2818 |     Window              /* w */
      |     ^~~~~~
      |     GtkWindow
/usr/include/X11/Xlib.h:2822:5: error: expected declaration specifiers or ‘...’ before ‘Display’
 2822 |     Display*            /* display */,
      |     ^~~~~~~
/usr/include/X11/Xlib.h:2824:5: error: expected declaration specifiers or ‘...’ before ‘XEvent’
 2824 |     XEvent*             /* event_return */
      |     ^~~~~~
/usr/include/X11/Xlib.h:2828:5: error: expected declaration specifiers or ‘...’ before ‘Screen’
 2828 |     Screen*             /* screen */
      |     ^~~~~~
/usr/include/X11/Xlib.h:2832:5: error: expected declaration specifiers or ‘...’ before ‘Screen’
 2832 |     Screen*             /* screen */
      |     ^~~~~~
/usr/include/X11/Xlib.h:2836:5: error: expected declaration specifiers or ‘...’ before ‘Display’
 2836 |     Display*            /* display */,
      |     ^~~~~~~
/usr/include/X11/Xlib.h:2837:5: error: unknown type name ‘Window’; did you mean ‘GtkWindow’?
 2837 |     Window              /* w */,
      |     ^~~~~~
      |     GtkWindow
/usr/include/X11/Xlib.h:2845:5: error: expected declaration specifiers or ‘...’ before ‘Display’
 2845 |     Display*            /* display */,
      |     ^~~~~~~
/usr/include/X11/Xlib.h:2846:5: error: unknown type name ‘Window’; did you mean ‘GtkWindow’?
 2846 |     Window              /* w */,
      |     ^~~~~~
      |     GtkWindow
/usr/include/X11/Xlib.h:2852:5: error: expected declaration specifiers or ‘...’ before ‘Display’
 2852 |     Display*            /* display */,
      |     ^~~~~~~
/usr/include/X11/Xlib.h:2853:5: error: expected declaration specifiers or ‘...’ before ‘XEvent’
 2853 |     XEvent*             /* event_return */
      |     ^~~~~~
/usr/include/X11/Xlib.h:2857:5: error: expected declaration specifiers or ‘...’ before ‘Display’
 2857 |     Display*            /* display */
      |     ^~~~~~~
/usr/include/X11/Xlib.h:2861:5: error: expected declaration specifiers or ‘...’ before ‘Display’
 2861 |     Display*            /* display */,
      |     ^~~~~~~
/usr/include/X11/Xlib.h:2862:5: error: unknown type name ‘Colormap’; did you mean ‘XNColormap’?
 2862 |     Colormap            /* colormap */,
      |     ^~~~~~~~
      |     XNColormap
/usr/include/X11/Xlib.h:2864:5: error: expected declaration specifiers or ‘...’ before ‘XColor’
 2864 |     XColor*             /* exact_def_return */
      |     ^~~~~~
/usr/include/X11/Xlib.h:2867:12: error: storage class specified for parameter ‘XParseGeometry’
 2867 | extern int XParseGeometry(
      |            ^~~~~~~~~~~~~~
/usr/include/X11/Xlib.h:2876:5: error: expected declaration specifiers or ‘...’ before ‘Display’
 2876 |     Display*            /* display */,
      |     ^~~~~~~
/usr/include/X11/Xlib.h:2877:5: error: expected declaration specifiers or ‘...’ before ‘XEvent’
 2877 |     XEvent*             /* event_return */
      |     ^~~~~~
/usr/include/X11/Xlib.h:2881:5: error: expected declaration specifiers or ‘...’ before ‘Display’
 2881 |     Display*            /* display */,
      |     ^~~~~~~
/usr/include/X11/Xlib.h:2882:5: error: expected declaration specifiers or ‘...’ before ‘XEvent’
 2882 |     XEvent*             /* event_return */,
      |     ^~~~~~
/usr/include/X11/Xlib.h:2884:16: error: expected declaration specifiers or ‘...’ before ‘Display’
 2884 |                Display*         /* display */,
      |                ^~~~~~~
/usr/include/X11/Xlib.h:2885:16: error: expected declaration specifiers or ‘...’ before ‘XEvent’
 2885 |                XEvent*          /* event */,
      |                ^~~~~~
/usr/include/X11/Xlib.h:2886:16: error: expected declaration specifiers or ‘...’ before ‘XPointer’
 2886 |                XPointer         /* arg */
      |                ^~~~~~~~
/usr/include/X11/Xlib.h:2888:5: error: expected ‘;’, ‘,’ or ‘)’ before ‘XPointer’
 2888 |     XPointer            /* arg */
      |     ^~~~~~~~
/usr/include/X11/Xlib.h:2892:5: error: expected declaration specifiers or ‘...’ before ‘Display’
 2892 |     Display*            /* display */
      |     ^~~~~~~
/usr/include/X11/Xlib.h:2896:5: error: expected declaration specifiers or ‘...’ before ‘Screen’
 2896 |     Screen*             /* screen */
      |     ^~~~~~
/usr/include/X11/Xlib.h:2900:5: error: expected declaration specifiers or ‘...’ before ‘Display’
 2900 |     Display*            /* display */
      |     ^~~~~~~
/usr/include/X11/Xlib.h:2904:5: error: expected declaration specifiers or ‘...’ before ‘Display’
 2904 |     Display*            /* display */
      |     ^~~~~~~
/usr/include/X11/Xlib.h:2909:5: error: expected declaration specifiers or ‘...’ before ‘Display’
 2909 |     Display*            /* display */,
      |     ^~~~~~~
/usr/include/X11/Xlib.h:2910:5: error: expected declaration specifiers or ‘...’ before ‘XEvent’
 2910 |     XEvent*             /* event */
      |     ^~~~~~
/usr/include/X11/Xlib.h:2914:5: error: expected declaration specifiers or ‘...’ before ‘Display’
 2914 |     Display*            /* display */,
      |     ^~~~~~~
/usr/include/X11/Xlib.h:2915:5: error: unknown type name ‘Drawable’; did you mean ‘BadDrawable’?
 2915 |     Drawable            /* d */,
      |     ^~~~~~~~
      |     BadDrawable
/usr/include/X11/Xlib.h:2916:5: error: expected declaration specifiers or ‘...’ before ‘GC’
 2916 |     GC                  /* gc */,
      |     ^~
/usr/include/X11/Xlib.h:2917:5: error: expected declaration specifiers or ‘...’ before ‘XImage’
 2917 |     XImage*             /* image */,
      |     ^~~~~~
/usr/include/X11/Xlib.h:2927:5: error: expected declaration specifiers or ‘...’ before ‘Display’
 2927 |     Display*            /* display */
      |     ^~~~~~~
/usr/include/X11/Xlib.h:2931:5: error: expected declaration specifiers or ‘...’ before ‘Display’
 2931 |     Display*            /* display */,
      |     ^~~~~~~
/usr/include/X11/Xlib.h:2932:5: error: unknown type name ‘Drawable’; did you mean ‘BadDrawable’?
 2932 |     Drawable            /* d */,
      |     ^~~~~~~~
      |     BadDrawable
/usr/include/X11/Xlib.h:2940:5: error: expected declaration specifiers or ‘...’ before ‘Display’
 2940 |     Display*            /* display */,
      |     ^~~~~~~
/usr/include/X11/Xlib.h:2942:5: error: unknown type name ‘Drawable’; did you mean ‘BadDrawable’?
 2942 |     Drawable            /* which_screen */,
      |     ^~~~~~~~
      |     BadDrawable
/usr/include/X11/Xlib.h:2950:5: error: expected declaration specifiers or ‘...’ before ‘Display’
 2950 |     Display*            /* display */,
      |     ^~~~~~~
/usr/include/X11/Xlib.h:2951:5: error: unknown type name ‘Drawable’; did you mean ‘BadDrawable’?
 2951 |     Drawable            /* which_screen */,
      |     ^~~~~~~~
      |     BadDrawable
/usr/include/X11/Xlib.h:2959:5: error: expected declaration specifiers or ‘...’ before ‘Display’
 2959 |     Display*            /* display */,
      |     ^~~~~~~
/usr/include/X11/Xlib.h:2960:5: error: unknown type name ‘Drawable’; did you mean ‘BadDrawable’?
 2960 |     Drawable            /* which_screen */,
      |     ^~~~~~~~
      |     BadDrawable
/usr/include/X11/Xlib.h:2968:5: error: expected declaration specifiers or ‘...’ before ‘Display’
 2968 |     Display*            /* display */,
      |     ^~~~~~~
/usr/include/X11/Xlib.h:2969:5: error: unknown type name ‘Colormap’; did you mean ‘XNColormap’?
 2969 |     Colormap            /* colormap */,
      |     ^~~~~~~~
      |     XNColormap
/usr/include/X11/Xlib.h:2970:5: error: expected declaration specifiers or ‘...’ before ‘XColor’
 2970 |     XColor*             /* def_in_out */
      |     ^~~~~~
/usr/include/X11/Xlib.h:2974:5: error: expected declaration specifiers or ‘...’ before ‘Display’
 2974 |     Display*            /* display */,
      |     ^~~~~~~
/usr/include/X11/Xlib.h:2975:5: error: unknown type name ‘Colormap’; did you mean ‘XNColormap’?
 2975 |     Colormap            /* colormap */,
      |     ^~~~~~~~
      |     XNColormap
/usr/include/X11/Xlib.h:2976:5: error: expected declaration specifiers or ‘...’ before ‘XColor’
 2976 |     XColor*             /* defs_in_out */,
      |     ^~~~~~
/usr/include/X11/Xlib.h:2981:5: error: expected declaration specifiers or ‘...’ before ‘Display’
 2981 |     Display*            /* display */,
      |     ^~~~~~~
/usr/include/X11/Xlib.h:2989:5: error: expected declaration specifiers or ‘...’ before ‘Display’
 2989 |     Display*            /* display */,
      |     ^~~~~~~
/usr/include/X11/Xlib.h:2994:5: error: expected declaration specifiers or ‘...’ before ‘Display’
 2994 |     Display*            /* display */,
      |     ^~~~~~~
/usr/include/X11/Xlib.h:2995:5: error: unknown type name ‘Window’; did you mean ‘GtkWindow’?
 2995 |     Window              /* w */,
      |     ^~~~~~
      |     GtkWindow
/usr/include/X11/Xlib.h:2996:5: error: unknown type name ‘Window’; did you mean ‘GtkWindow’?
 2996 |     Window*             /* root_return */,
      |     ^~~~~~
      |     GtkWindow
/usr/include/X11/Xlib.h:2997:5: error: unknown type name ‘Window’; did you mean ‘GtkWindow’?
 2997 |     Window*             /* child_return */,
      |     ^~~~~~
      |     GtkWindow
/usr/include/X11/Xlib.h:3006:5: error: expected declaration specifiers or ‘...’ before ‘Display’
 3006 |     Display*            /* display */,
      |     ^~~~~~~
/usr/include/X11/Xlib.h:3007:5: error: expected declaration specifiers or ‘...’ before ‘XID’
 3007 |     XID                 /* font_ID */,
      |     ^~~
/usr/include/X11/Xlib.h:3013:5: error: expected declaration specifiers or ‘...’ before ‘XCharStruct’
 3013 |     XCharStruct*        /* overall_return */
      |     ^~~~~~~~~~~
/usr/include/X11/Xlib.h:3017:5: error: expected declaration specifiers or ‘...’ before ‘Display’
 3017 |     Display*            /* display */,
      |     ^~~~~~~
/usr/include/X11/Xlib.h:3018:5: error: expected declaration specifiers or ‘...’ before ‘XID’
 3018 |     XID                 /* font_ID */,
      |     ^~~
/usr/include/X11/Xlib.h:3019:13: error: type defaults to ‘int’ in declaration of ‘XChar2b’ [-Wimplicit-int]
 3019 |     _Xconst XChar2b*    /* string */,
      |             ^~~~~~~
/usr/include/X11/Xlib.h:3019:20: error: expected ‘;’, ‘,’ or ‘)’ before ‘*’ token
 3019 |     _Xconst XChar2b*    /* string */,
      |                    ^
/usr/include/X11/Xlib.h:3028:5: error: expected declaration specifiers or ‘...’ before ‘Display’
 3028 |     Display*            /* display */,
      |     ^~~~~~~
/usr/include/X11/Xlib.h:3029:5: error: unknown type name ‘Window’; did you mean ‘GtkWindow’?
 3029 |     Window              /* w */,
      |     ^~~~~~
      |     GtkWindow
/usr/include/X11/Xlib.h:3030:5: error: unknown type name ‘Window’; did you mean ‘GtkWindow’?
 3030 |     Window*             /* root_return */,
      |     ^~~~~~
      |     GtkWindow
/usr/include/X11/Xlib.h:3031:5: error: unknown type name ‘Window’; did you mean ‘GtkWindow’?
 3031 |     Window*             /* parent_return */,
      |     ^~~~~~
      |     GtkWindow
/usr/include/X11/Xlib.h:3032:5: error: unknown type name ‘Window’; did you mean ‘GtkWindow’?
 3032 |     Window**            /* children_return */,
      |     ^~~~~~
      |     GtkWindow
/usr/include/X11/Xlib.h:3037:5: error: expected declaration specifiers or ‘...’ before ‘Display’
 3037 |     Display*            /* display */,
      |     ^~~~~~~
/usr/include/X11/Xlib.h:3038:5: error: unknown type name ‘Window’; did you mean ‘GtkWindow’?
 3038 |     Window              /* w */
      |     ^~~~~~
      |     GtkWindow
/usr/include/X11/Xlib.h:3042:5: error: expected declaration specifiers or ‘...’ before ‘Display’
 3042 |     Display*            /* display */,
      |     ^~~~~~~
/usr/include/X11/Xlib.h:3043:5: error: unknown type name ‘Drawable’; did you mean ‘BadDrawable’?
 3043 |     Drawable            /* d */,
      |     ^~~~~~~~
      |     BadDrawable
/usr/include/X11/Xlib.h:3047:5: error: unknown type name ‘Pixmap’; did you mean ‘ZPixmap’?
 3047 |     Pixmap*             /* bitmap_return */,
      |     ^~~~~~
      |     ZPixmap
/usr/include/X11/Xlib.h:3052:12: error: storage class specified for parameter ‘XReadBitmapFileData’
 3052 | extern int XReadBitmapFileData(
      |            ^~~~~~~~~~~~~~~~~~~
/usr/include/X11/Xlib.h:3062:5: error: expected declaration specifiers or ‘...’ before ‘Display’
 3062 |     Display*            /* display */,
      |     ^~~~~~~
/usr/include/X11/Xlib.h:3063:5: error: unknown type name ‘KeySym’
 3063 |     KeySym              /* keysym */,
      |     ^~~~~~
/usr/include/X11/Xlib.h:3064:5: error: unknown type name ‘KeySym’
 3064 |     KeySym*             /* list */,
      |     ^~~~~~
/usr/include/X11/Xlib.h:3071:5: error: expected declaration specifiers or ‘...’ before ‘Display’
 3071 |     Display*            /* display */,
      |     ^~~~~~~
/usr/include/X11/Xlib.h:3072:5: error: unknown type name ‘Cursor’; did you mean ‘CWCursor’?
 3072 |     Cursor              /* cursor */,
      |     ^~~~~~
      |     CWCursor
/usr/include/X11/Xlib.h:3073:5: error: expected declaration specifiers or ‘...’ before ‘XColor’
 3073 |     XColor*             /* foreground_color */,
      |     ^~~~~~
/usr/include/X11/Xlib.h:3074:5: error: expected declaration specifiers or ‘...’ before ‘XColor’
 3074 |     XColor*             /* background_color */
      |     ^~~~~~
/usr/include/X11/Xlib.h:3078:5: error: expected declaration specifiers or ‘...’ before ‘XMappingEvent’
 3078 |     XMappingEvent*      /* event_map */
      |     ^~~~~~~~~~~~~
/usr/include/X11/Xlib.h:3082:5: error: expected declaration specifiers or ‘...’ before ‘Display’
 3082 |     Display*            /* display */,
      |     ^~~~~~~
/usr/include/X11/Xlib.h:3083:5: error: unknown type name ‘Window’; did you mean ‘GtkWindow’?
 3083 |     Window              /* w */
      |     ^~~~~~
      |     GtkWindow
/usr/include/X11/Xlib.h:3087:5: error: expected declaration specifiers or ‘...’ before ‘Display’
 3087 |     Display*            /* display */,
      |     ^~~~~~~
/usr/include/X11/Xlib.h:3088:5: error: expected declaration specifiers or ‘...’ before ‘XHostAddress’
 3088 |     XHostAddress*       /* host */
      |     ^~~~~~~~~~~~
/usr/include/X11/Xlib.h:3092:5: error: expected declaration specifiers or ‘...’ before ‘Display’
 3092 |     Display*            /* display */,
      |     ^~~~~~~
/usr/include/X11/Xlib.h:3093:5: error: expected declaration specifiers or ‘...’ before ‘XHostAddress’
 3093 |     XHostAddress*       /* hosts */,
      |     ^~~~~~~~~~~~
/usr/include/X11/Xlib.h:3098:5: error: expected declaration specifiers or ‘...’ before ‘Display’
 3098 |     Display*            /* display */,
      |     ^~~~~~~
/usr/include/X11/Xlib.h:3099:5: error: unknown type name ‘Window’; did you mean ‘GtkWindow’?
 3099 |     Window              /* w */,
      |     ^~~~~~
      |     GtkWindow
/usr/include/X11/Xlib.h:3100:5: error: unknown type name ‘Window’; did you mean ‘GtkWindow’?
 3100 |     Window              /* parent */,
      |     ^~~~~~
      |     GtkWindow
/usr/include/X11/Xlib.h:3106:5: error: expected declaration specifiers or ‘...’ before ‘Display’
 3106 |     Display*            /* display */
      |     ^~~~~~~
/usr/include/X11/Xlib.h:3110:5: error: expected declaration specifiers or ‘...’ before ‘Display’
 3110 |     Display*            /* display */,
      |     ^~~~~~~
/usr/include/X11/Xlib.h:3111:5: error: unknown type name ‘Window’; did you mean ‘GtkWindow’?
 3111 |     Window              /* w */,
      |     ^~~~~~
      |     GtkWindow
/usr/include/X11/Xlib.h:3117:5: error: expected declaration specifiers or ‘...’ before ‘Display’
 3117 |     Display*            /* display */,
      |     ^~~~~~~
/usr/include/X11/Xlib.h:3118:5: error: unknown type name ‘Window’; did you mean ‘GtkWindow’?
 3118 |     Window*             /* windows */,
      |     ^~~~~~
      |     GtkWindow
/usr/include/X11/Xlib.h:3123:5: error: expected declaration specifiers or ‘...’ before ‘Display’
 3123 |     Display*            /* display */,
      |     ^~~~~~~
/usr/include/X11/Xlib.h:3128:5: error: expected declaration specifiers or ‘...’ before ‘Display’
 3128 |     Display*            /* display */,
      |     ^~~~~~~
/usr/include/X11/Xlib.h:3129:5: error: unknown type name ‘Window’; did you mean ‘GtkWindow’?
 3129 |     Window              /* w */,
      |     ^~~~~~
      |     GtkWindow
/usr/include/X11/Xlib.h:3130:5: error: expected declaration specifiers or ‘...’ before ‘Atom’
 3130 |     Atom*               /* properties */,
      |     ^~~~
/usr/include/X11/Xlib.h:3136:5: error: expected declaration specifiers or ‘...’ before ‘Display’
 3136 |     Display*            /* display */
      |     ^~~~~~~
/usr/include/X11/Xlib.h:3140:5: error: expected declaration specifiers or ‘...’ before ‘Display’
 3140 |     Display*            /* display */,
      |     ^~~~~~~
/usr/include/X11/Xlib.h:3141:5: error: unknown type name ‘Window’; did you mean ‘GtkWindow’?
 3141 |     Window              /* w */,
      |     ^~~~~~
      |     GtkWindow
/usr/include/X11/Xlib.h:3146:5: error: expected declaration specifiers or ‘...’ before ‘Display’
 3146 |     Display*            /* display */,
      |     ^~~~~~~
/usr/include/X11/Xlib.h:3147:5: error: unknown type name ‘Window’; did you mean ‘GtkWindow’?
 3147 |     Window              /* w */,
      |     ^~~~~~
      |     GtkWindow
/usr/include/X11/Xlib.h:3150:5: error: expected declaration specifiers or ‘...’ before ‘XEvent’
 3150 |     XEvent*             /* event_send */
      |     ^~~~~~
/usr/include/X11/Xlib.h:3154:5: error: expected declaration specifiers or ‘...’ before ‘Display’
 3154 |     Display*            /* display */,
      |     ^~~~~~~
/usr/include/X11/Xlib.h:3159:5: error: expected declaration specifiers or ‘...’ before ‘Display’
 3159 |     Display*            /* display */,
      |     ^~~~~~~
/usr/include/X11/Xlib.h:3160:5: error: expected declaration specifiers or ‘...’ before ‘GC’
 3160 |     GC                  /* gc */,
      |     ^~
/usr/include/X11/Xlib.h:3165:5: error: expected declaration specifiers or ‘...’ before ‘Display’
 3165 |     Display*            /* display */,
      |     ^~~~~~~
/usr/include/X11/Xlib.h:3166:5: error: expected declaration specifiers or ‘...’ before ‘GC’
 3166 |     GC                  /* gc */,
      |     ^~
/usr/include/X11/Xlib.h:3171:5: error: expected declaration specifiers or ‘...’ before ‘Display’
 3171 |     Display*            /* display */,
      |     ^~~~~~~
/usr/include/X11/Xlib.h:3172:5: error: expected declaration specifiers or ‘...’ before ‘GC’
 3172 |     GC                  /* gc */,
      |     ^~
/usr/include/X11/Xlib.h:3173:5: error: unknown type name ‘Pixmap’; did you mean ‘ZPixmap’?
 3173 |     Pixmap              /* pixmap */
      |     ^~~~~~
      |     ZPixmap
/usr/include/X11/Xlib.h:3177:5: error: expected declaration specifiers or ‘...’ before ‘Display’
 3177 |     Display*            /* display */,
      |     ^~~~~~~
/usr/include/X11/Xlib.h:3178:5: error: expected declaration specifiers or ‘...’ before ‘GC’
 3178 |     GC                  /* gc */,
      |     ^~
/usr/include/X11/Xlib.h:3184:5: error: expected declaration specifiers or ‘...’ before ‘Display’
 3184 |     Display*            /* display */,
      |     ^~~~~~~
/usr/include/X11/Xlib.h:3185:5: error: expected declaration specifiers or ‘...’ before ‘GC’
 3185 |     GC                  /* gc */,
      |     ^~
/usr/include/X11/Xlib.h:3188:5: error: expected declaration specifiers or ‘...’ before ‘XRectangle’
 3188 |     XRectangle*         /* rectangles */,
      |     ^~~~~~~~~~
/usr/include/X11/Xlib.h:3194:5: error: expected declaration specifiers or ‘...’ before ‘Display’
 3194 |     Display*            /* display */,
      |     ^~~~~~~
/usr/include/X11/Xlib.h:3199:5: error: expected declaration specifiers or ‘...’ before ‘Display’
 3199 |     Display*            /* display */,
      |     ^~~~~~~
/usr/include/X11/Xlib.h:3200:5: error: unknown type name ‘Window’; did you mean ‘GtkWindow’?
 3200 |     Window              /* w */,
      |     ^~~~~~
      |     GtkWindow
/usr/include/X11/Xlib.h:3206:5: error: expected declaration specifiers or ‘...’ before ‘Display’
 3206 |     Display*            /* display */,
      |     ^~~~~~~
/usr/include/X11/Xlib.h:3207:5: error: expected declaration specifiers or ‘...’ before ‘GC’
 3207 |     GC                  /* gc */,
      |     ^~
/usr/include/X11/Xlib.h:3214:5: error: expected declaration specifiers or ‘...’ before ‘Display’
 3214 |     Display*            /* display */,
      |     ^~~~~~~
/usr/include/X11/Xlib.h:3215:5: error: expected declaration specifiers or ‘...’ before ‘GC’
 3215 |     GC                  /* gc */,
      |     ^~
/usr/include/X11/Xlib.h:3220:5: error: expected declaration specifiers or ‘...’ before ‘Display’
 3220 |     Display*            /* display */,
      |     ^~~~~~~
/usr/include/X11/Xlib.h:3221:5: error: expected declaration specifiers or ‘...’ before ‘GC’
 3221 |     GC                  /* gc */,
      |     ^~
/usr/include/X11/Xlib.h:3226:5: error: expected declaration specifiers or ‘...’ before ‘Display’
 3226 |     Display*            /* display */,
      |     ^~~~~~~
/usr/include/X11/Xlib.h:3227:5: error: expected declaration specifiers or ‘...’ before ‘GC’
 3227 |     GC                  /* gc */,
      |     ^~
/usr/include/X11/Xlib.h:3228:5: error: unknown type name ‘Font’
 3228 |     Font                /* font */
      |     ^~~~
/usr/include/X11/Xlib.h:3232:5: error: expected declaration specifiers or ‘...’ before ‘Display’
 3232 |     Display*            /* display */,
      |     ^~~~~~~
/usr/include/X11/Xlib.h:3238:5: error: expected declaration specifiers or ‘...’ before ‘Display’
 3238 |     Display*            /* display */,
      |     ^~~~~~~
/usr/include/X11/Xlib.h:3239:5: error: expected declaration specifiers or ‘...’ before ‘GC’
 3239 |     GC                  /* gc */,
      |     ^~
/usr/include/X11/Xlib.h:3244:5: error: expected declaration specifiers or ‘...’ before ‘Display’
 3244 |     Display*            /* display */,
      |     ^~~~~~~
/usr/include/X11/Xlib.h:3245:5: error: expected declaration specifiers or ‘...’ before ‘GC’
 3245 |     GC                  /* gc */,
      |     ^~
/usr/include/X11/Xlib.h:3250:5: error: expected declaration specifiers or ‘...’ before ‘Display’
 3250 |     Display*            /* display */,
      |     ^~~~~~~
/usr/include/X11/Xlib.h:3251:5: error: expected declaration specifiers or ‘...’ before ‘GC’
 3251 |     GC                  /* gc */,
      |     ^~
/usr/include/X11/Xlib.h:3256:5: error: expected declaration specifiers or ‘...’ before ‘Display’
 3256 |     Display*            /* display */,
      |     ^~~~~~~
/usr/include/X11/Xlib.h:3257:5: error: unknown type name ‘Window’; did you mean ‘GtkWindow’?
 3257 |     Window              /* w */,
      |     ^~~~~~
      |     GtkWindow
/usr/include/X11/Xlib.h:3262:5: error: expected declaration specifiers or ‘...’ before ‘Display’
 3262 |     Display*            /* display */,
      |     ^~~~~~~
/usr/include/X11/Xlib.h:3263:5: error: unknown type name ‘Window’; did you mean ‘GtkWindow’?
 3263 |     Window              /* focus */,
      |     ^~~~~~
      |     GtkWindow
/usr/include/X11/Xlib.h:3265:5: error: expected declaration specifiers or ‘...’ before ‘Time’
 3265 |     Time                /* time */
      |     ^~~~
/usr/include/X11/Xlib.h:3269:5: error: expected declaration specifiers or ‘...’ before ‘Display’
 3269 |     Display*            /* display */,
      |     ^~~~~~~
/usr/include/X11/Xlib.h:3270:5: error: expected declaration specifiers or ‘...’ before ‘GC’
 3270 |     GC                  /* gc */,
      |     ^~
/usr/include/X11/Xlib.h:3278:5: error: expected declaration specifiers or ‘...’ before ‘Display’
 3278 |     Display*            /* display */,
      |     ^~~~~~~
/usr/include/X11/Xlib.h:3279:5: error: expected declaration specifiers or ‘...’ before ‘XModifierKeymap’
 3279 |     XModifierKeymap*    /* modmap */
      |     ^~~~~~~~~~~~~~~
/usr/include/X11/Xlib.h:3283:5: error: expected declaration specifiers or ‘...’ before ‘Display’
 3283 |     Display*            /* display */,
      |     ^~~~~~~
/usr/include/X11/Xlib.h:3284:5: error: expected declaration specifiers or ‘...’ before ‘GC’
 3284 |     GC                  /* gc */,
      |     ^~
/usr/include/X11/Xlib.h:3289:5: error: expected declaration specifiers or ‘...’ before ‘Display’
 3289 |     Display*            /* display */,
      |     ^~~~~~~
/usr/include/X11/Xlib.h:3295:5: error: expected declaration specifiers or ‘...’ before ‘Display’
 3295 |     Display*            /* display */,
      |     ^~~~~~~
/usr/include/X11/Xlib.h:3303:5: error: expected declaration specifiers or ‘...’ before ‘Display’
 3303 |     Display*            /* display */,
      |     ^~~~~~~
/usr/include/X11/Xlib.h:3304:5: error: expected declaration specifiers or ‘...’ before ‘Atom’
 3304 |     Atom                /* selection */,
      |     ^~~~
/usr/include/X11/Xlib.h:3305:5: error: unknown type name ‘Window’; did you mean ‘GtkWindow’?
 3305 |     Window              /* owner */,
      |     ^~~~~~
      |     GtkWindow
/usr/include/X11/Xlib.h:3306:5: error: expected declaration specifiers or ‘...’ before ‘Time’
 3306 |     Time                /* time */
      |     ^~~~
/usr/include/X11/Xlib.h:3310:5: error: expected declaration specifiers or ‘...’ before ‘Display’
 3310 |     Display*            /* display */,
      |     ^~~~~~~
/usr/include/X11/Xlib.h:3311:5: error: expected declaration specifiers or ‘...’ before ‘GC’
 3311 |     GC                  /* gc */,
      |     ^~
/usr/include/X11/Xlib.h:3319:5: error: expected declaration specifiers or ‘...’ before ‘Display’
 3319 |     Display*            /* display */,
      |     ^~~~~~~
/usr/include/X11/Xlib.h:3320:5: error: expected declaration specifiers or ‘...’ before ‘GC’
 3320 |     GC                  /* gc */,
      |     ^~
/usr/include/X11/Xlib.h:3321:5: error: unknown type name ‘Pixmap’; did you mean ‘ZPixmap’?
 3321 |     Pixmap              /* stipple */
      |     ^~~~~~
      |     ZPixmap
/usr/include/X11/Xlib.h:3325:5: error: expected declaration specifiers or ‘...’ before ‘Display’
 3325 |     Display*            /* display */,
      |     ^~~~~~~
/usr/include/X11/Xlib.h:3326:5: error: expected declaration specifiers or ‘...’ before ‘GC’
 3326 |     GC                  /* gc */,
      |     ^~
/usr/include/X11/Xlib.h:3331:5: error: expected declaration specifiers or ‘...’ before ‘Display’
 3331 |     Display*            /* display */,
      |     ^~~~~~~
/usr/include/X11/Xlib.h:3332:5: error: expected declaration specifiers or ‘...’ before ‘GC’
 3332 |     GC                  /* gc */,
      |     ^~
/usr/include/X11/Xlib.h:3338:5: error: expected declaration specifiers or ‘...’ before ‘Display’
 3338 |     Display*            /* display */,
      |     ^~~~~~~
/usr/include/X11/Xlib.h:3339:5: error: expected declaration specifiers or ‘...’ before ‘GC’
 3339 |     GC                  /* gc */,
      |     ^~
/usr/include/X11/Xlib.h:3340:5: error: unknown type name ‘Pixmap’; did you mean ‘ZPixmap’?
 3340 |     Pixmap              /* tile */
      |     ^~~~~~
      |     ZPixmap
/usr/include/X11/Xlib.h:3344:5: error: expected declaration specifiers or ‘...’ before ‘Display’
 3344 |     Display*            /* display */,
      |     ^~~~~~~
/usr/include/X11/Xlib.h:3345:5: error: unknown type name ‘Window’; did you mean ‘GtkWindow’?
 3345 |     Window              /* w */,
      |     ^~~~~~
      |     GtkWindow
/usr/include/X11/Xlib.h:3350:5: error: expected declaration specifiers or ‘...’ before ‘Display’
 3350 |     Display*            /* display */,
      |     ^~~~~~~
/usr/include/X11/Xlib.h:3351:5: error: unknown type name ‘Window’; did you mean ‘GtkWindow’?
 3351 |     Window              /* w */,
      |     ^~~~~~
      |     GtkWindow
/usr/include/X11/Xlib.h:3352:5: error: unknown type name ‘Pixmap’; did you mean ‘ZPixmap’?
 3352 |     Pixmap              /* background_pixmap */
      |     ^~~~~~
      |     ZPixmap
/usr/include/X11/Xlib.h:3356:5: error: expected declaration specifiers or ‘...’ before ‘Display’
 3356 |     Display*            /* display */,
      |     ^~~~~~~
/usr/include/X11/Xlib.h:3357:5: error: unknown type name ‘Window’; did you mean ‘GtkWindow’?
 3357 |     Window              /* w */,
      |     ^~~~~~
      |     GtkWindow
/usr/include/X11/Xlib.h:3362:5: error: expected declaration specifiers or ‘...’ before ‘Display’
 3362 |     Display*            /* display */,
      |     ^~~~~~~
/usr/include/X11/Xlib.h:3363:5: error: unknown type name ‘Window’; did you mean ‘GtkWindow’?
 3363 |     Window              /* w */,
      |     ^~~~~~
      |     GtkWindow
/usr/include/X11/Xlib.h:3364:5: error: unknown type name ‘Pixmap’; did you mean ‘ZPixmap’?
 3364 |     Pixmap              /* border_pixmap */
      |     ^~~~~~
      |     ZPixmap
/usr/include/X11/Xlib.h:3368:5: error: expected declaration specifiers or ‘...’ before ‘Display’
 3368 |     Display*            /* display */,
      |     ^~~~~~~
/usr/include/X11/Xlib.h:3369:5: error: unknown type name ‘Window’; did you mean ‘GtkWindow’?
 3369 |     Window              /* w */,
      |     ^~~~~~
      |     GtkWindow
/usr/include/X11/Xlib.h:3374:5: error: expected declaration specifiers or ‘...’ before ‘Display’
 3374 |     Display*            /* display */,
      |     ^~~~~~~
/usr/include/X11/Xlib.h:3375:5: error: unknown type name ‘Window’; did you mean ‘GtkWindow’?
 3375 |     Window              /* w */,
      |     ^~~~~~
      |     GtkWindow
/usr/include/X11/Xlib.h:3376:5: error: unknown type name ‘Colormap’; did you mean ‘XNColormap’?
 3376 |     Colormap            /* colormap */
      |     ^~~~~~~~
      |     XNColormap
/usr/include/X11/Xlib.h:3380:5: error: expected declaration specifiers or ‘...’ before ‘Display’
 3380 |     Display*            /* display */,
      |     ^~~~~~~
/usr/include/X11/Xlib.h:3387:5: error: expected declaration specifiers or ‘...’ before ‘Display’
 3387 |     Display*            /* display */,
      |     ^~~~~~~
/usr/include/X11/Xlib.h:3393:5: error: expected declaration specifiers or ‘...’ before ‘Display’
 3393 |     Display*            /* display */,
      |     ^~~~~~~
/usr/include/X11/Xlib.h:3394:5: error: unknown type name ‘Colormap’; did you mean ‘XNColormap’?
 3394 |     Colormap            /* colormap */,
      |     ^~~~~~~~
      |     XNColormap
/usr/include/X11/Xlib.h:3395:5: error: expected declaration specifiers or ‘...’ before ‘XColor’
 3395 |     XColor*             /* color */
      |     ^~~~~~
/usr/include/X11/Xlib.h:3399:5: error: expected declaration specifiers or ‘...’ before ‘Display’
 3399 |     Display*            /* display */,
      |     ^~~~~~~
/usr/include/X11/Xlib.h:3400:5: error: unknown type name ‘Colormap’; did you mean ‘XNColormap’?
 3400 |     Colormap            /* colormap */,
      |     ^~~~~~~~
      |     XNColormap
/usr/include/X11/Xlib.h:3401:5: error: expected declaration specifiers or ‘...’ before ‘XColor’
 3401 |     XColor*             /* color */,
      |     ^~~~~~
/usr/include/X11/Xlib.h:3406:5: error: expected declaration specifiers or ‘...’ before ‘Display’
 3406 |     Display*            /* display */,
      |     ^~~~~~~
/usr/include/X11/Xlib.h:3407:5: error: unknown type name ‘Window’; did you mean ‘GtkWindow’?
 3407 |     Window              /* w */,
      |     ^~~~~~
      |     GtkWindow
/usr/include/X11/Xlib.h:3412:5: error: expected declaration specifiers or ‘...’ before ‘Display’
 3412 |     Display*            /* display */,
      |     ^~~~~~~
/usr/include/X11/Xlib.h:3413:5: error: unknown type name ‘Colormap’; did you mean ‘XNColormap’?
 3413 |     Colormap            /* colormap */,
      |     ^~~~~~~~
      |     XNColormap
/usr/include/X11/Xlib.h:3420:5: error: expected declaration specifiers or ‘...’ before ‘Display’
 3420 |     Display*            /* display */,
      |     ^~~~~~~
/usr/include/X11/Xlib.h:3425:5: error: expected declaration specifiers or ‘...’ before ‘XFontStruct’
 3425 |     XFontStruct*        /* font_struct */,
      |     ^~~~~~~~~~~
/usr/include/X11/Xlib.h:3431:5: error: expected declaration specifiers or ‘...’ before ‘XCharStruct’
 3431 |     XCharStruct*        /* overall_return */
      |     ^~~~~~~~~~~
/usr/include/X11/Xlib.h:3435:5: error: expected declaration specifiers or ‘...’ before ‘XFontStruct’
 3435 |     XFontStruct*        /* font_struct */,
      |     ^~~~~~~~~~~
/usr/include/X11/Xlib.h:3436:13: error: type defaults to ‘int’ in declaration of ‘XChar2b’ [-Wimplicit-int]
 3436 |     _Xconst XChar2b*    /* string */,
      |             ^~~~~~~
/usr/include/X11/Xlib.h:3436:20: error: expected ‘;’, ‘,’ or ‘)’ before ‘*’ token
 3436 |     _Xconst XChar2b*    /* string */,
      |                    ^
/usr/include/X11/Xlib.h:3445:5: error: expected declaration specifiers or ‘...’ before ‘XFontStruct’
 3445 |     XFontStruct*        /* font_struct */,
      |     ^~~~~~~~~~~
/usr/include/X11/Xlib.h:3451:5: error: expected declaration specifiers or ‘...’ before ‘XFontStruct’
 3451 |     XFontStruct*        /* font_struct */,
      |     ^~~~~~~~~~~
/usr/include/X11/Xlib.h:3452:13: error: type defaults to ‘int’ in declaration of ‘XChar2b’ [-Wimplicit-int]
 3452 |     _Xconst XChar2b*    /* string */,
      |             ^~~~~~~
/usr/include/X11/Xlib.h:3452:20: error: expected ‘;’, ‘,’ or ‘)’ before ‘*’ token
 3452 |     _Xconst XChar2b*    /* string */,
      |                    ^
/usr/include/X11/Xlib.h:3457:5: error: expected declaration specifiers or ‘...’ before ‘Display’
 3457 |     Display*            /* display */,
      |     ^~~~~~~
/usr/include/X11/Xlib.h:3458:5: error: unknown type name ‘Window’; did you mean ‘GtkWindow’?
 3458 |     Window              /* src_w */,
      |     ^~~~~~
      |     GtkWindow
/usr/include/X11/Xlib.h:3459:5: error: unknown type name ‘Window’; did you mean ‘GtkWindow’?
 3459 |     Window              /* dest_w */,
      |     ^~~~~~
      |     GtkWindow
/usr/include/X11/Xlib.h:3464:5: error: unknown type name ‘Window’; did you mean ‘GtkWindow’?
 3464 |     Window*             /* child_return */
      |     ^~~~~~
      |     GtkWindow
/usr/include/X11/Xlib.h:3468:5: error: expected declaration specifiers or ‘...’ before ‘Display’
 3468 |     Display*            /* display */,
      |     ^~~~~~~
/usr/include/X11/Xlib.h:3469:5: error: unknown type name ‘Window’; did you mean ‘GtkWindow’?
 3469 |     Window              /* w */
      |     ^~~~~~
      |     GtkWindow
/usr/include/X11/Xlib.h:3473:5: error: expected declaration specifiers or ‘...’ before ‘Display’
 3473 |     Display*            /* display */,
      |     ^~~~~~~
/usr/include/X11/Xlib.h:3476:5: error: unknown type name ‘Window’; did you mean ‘GtkWindow’?
 3476 |     Window              /* grab_window */
      |     ^~~~~~
      |     GtkWindow
/usr/include/X11/Xlib.h:3480:5: error: expected declaration specifiers or ‘...’ before ‘Display’
 3480 |     Display*            /* display */,
      |     ^~~~~~~
/usr/include/X11/Xlib.h:3483:5: error: unknown type name ‘Window’; did you mean ‘GtkWindow’?
 3483 |     Window              /* grab_window */
      |     ^~~~~~
      |     GtkWindow
/usr/include/X11/Xlib.h:3487:5: error: expected declaration specifiers or ‘...’ before ‘Display’
 3487 |     Display*            /* display */,
      |     ^~~~~~~
/usr/include/X11/Xlib.h:3488:5: error: expected declaration specifiers or ‘...’ before ‘Time’
 3488 |     Time                /* time */
      |     ^~~~
/usr/include/X11/Xlib.h:3492:5: error: expected declaration specifiers or ‘...’ before ‘Display’
 3492 |     Display*            /* display */,
      |     ^~~~~~~
/usr/include/X11/Xlib.h:3493:5: error: expected declaration specifiers or ‘...’ before ‘Time’
 3493 |     Time                /* time */
      |     ^~~~
/usr/include/X11/Xlib.h:3497:5: error: expected declaration specifiers or ‘...’ before ‘Display’
 3497 |     Display*            /* display */
      |     ^~~~~~~
/usr/include/X11/Xlib.h:3501:5: error: expected declaration specifiers or ‘...’ before ‘Display’
 3501 |     Display*            /* display */,
      |     ^~~~~~~
/usr/include/X11/Xlib.h:3502:5: error: unknown type name ‘Colormap’; did you mean ‘XNColormap’?
 3502 |     Colormap            /* colormap */
      |     ^~~~~~~~
      |     XNColormap
/usr/include/X11/Xlib.h:3506:5: error: expected declaration specifiers or ‘...’ before ‘Display’
 3506 |     Display*            /* display */,
      |     ^~~~~~~
/usr/include/X11/Xlib.h:3507:5: error: unknown type name ‘Font’
 3507 |     Font                /* font */
      |     ^~~~
/usr/include/X11/Xlib.h:3511:5: error: expected declaration specifiers or ‘...’ before ‘Display’
 3511 |     Display*            /* display */,
      |     ^~~~~~~
/usr/include/X11/Xlib.h:3512:5: error: unknown type name ‘Window’; did you mean ‘GtkWindow’?
 3512 |     Window              /* w */
      |     ^~~~~~
      |     GtkWindow
/usr/include/X11/Xlib.h:3516:5: error: expected declaration specifiers or ‘...’ before ‘Display’
 3516 |     Display*            /* display */,
      |     ^~~~~~~
/usr/include/X11/Xlib.h:3517:5: error: unknown type name ‘Window’; did you mean ‘GtkWindow’?
 3517 |     Window              /* w */
      |     ^~~~~~
      |     GtkWindow
/usr/include/X11/Xlib.h:3521:5: error: expected declaration specifiers or ‘...’ before ‘Display’
 3521 |     Display*            /* display */
      |     ^~~~~~~
/usr/include/X11/Xlib.h:3525:5: error: expected declaration specifiers or ‘...’ before ‘Display’
 3525 |     Display*            /* display */,
      |     ^~~~~~~
/usr/include/X11/Xlib.h:3526:5: error: unknown type name ‘Window’; did you mean ‘GtkWindow’?
 3526 |     Window              /* src_w */,
      |     ^~~~~~
      |     GtkWindow
/usr/include/X11/Xlib.h:3527:5: error: unknown type name ‘Window’; did you mean ‘GtkWindow’?
 3527 |     Window              /* dest_w */,
      |     ^~~~~~
      |     GtkWindow
/usr/include/X11/Xlib.h:3537:5: error: expected declaration specifiers or ‘...’ before ‘Screen’
 3537 |     Screen*             /* screen */
      |     ^~~~~~
/usr/include/X11/Xlib.h:3541:5: error: expected declaration specifiers or ‘...’ before ‘Screen’
 3541 |     Screen*             /* screen */
      |     ^~~~~~
/usr/include/X11/Xlib.h:3545:5: error: expected declaration specifiers or ‘...’ before ‘Display’
 3545 |     Display*            /* display */,
      |     ^~~~~~~
/usr/include/X11/Xlib.h:3546:5: error: unknown type name ‘Window’; did you mean ‘GtkWindow’?
 3546 |     Window              /* w */,
      |     ^~~~~~
      |     GtkWindow
/usr/include/X11/Xlib.h:3548:5: error: expected declaration specifiers or ‘...’ before ‘XEvent’
 3548 |     XEvent*             /* event_return */
      |     ^~~~~~
/usr/include/X11/Xlib.h:3552:5: error: expected declaration specifiers or ‘...’ before ‘Display’
 3552 |     Display*            /* display */,
      |     ^~~~~~~
/usr/include/X11/Xlib.h:3554:5: error: unknown type name ‘Pixmap’; did you mean ‘ZPixmap’?
 3554 |     Pixmap              /* bitmap */,
      |     ^~~~~~
      |     ZPixmap
/usr/include/X11/Xlib.h:3561:13: error: storage class specified for parameter ‘XSupportsLocale’
 3561 | extern Bool XSupportsLocale (void);
      |             ^~~~~~~~~~~~~~~
/usr/include/X11/Xlib.h:3563:14: error: storage class specified for parameter ‘XSetLocaleModifiers’
 3563 | extern char *XSetLocaleModifiers(
      |              ^~~~~~~~~~~~~~~~~~~
/usr/include/X11/Xlib.h:3567:12: error: expected ‘=’, ‘,’, ‘;’, ‘asm’ or ‘__attribute__’ before ‘XOpenOM’
 3567 | extern XOM XOpenOM(
      |            ^~~~~~~
/usr/include/X11/Xlib.h:3574:15: error: storage class specified for parameter ‘XCloseOM’
 3574 | extern Status XCloseOM(
      |               ^~~~~~~~
/usr/include/X11/Xlib.h:3576:1: error: parameter names (without types) in function declaration [-Wdeclaration-missing-parameter-type]
 3576 | );
      | ^
/usr/include/X11/Xlib.h:3579:34: error: expected ‘)’ before ‘...’ token
 3579 |     XOM                 /* om */,
      |                                  ^
      |                                  )
 3580 |     ...
      |     ~~~                           
/usr/include/X11/Xlib.h:3584:34: error: expected ‘)’ before ‘...’ token
 3584 |     XOM                 /* om */,
      |                                  ^
      |                                  )
 3585 |     ...
      |     ~~~                           
/usr/include/X11/Xlib.h:3588:16: error: expected ‘=’, ‘,’, ‘;’, ‘asm’ or ‘__attribute__’ before ‘*’ token
 3588 | extern Display *XDisplayOfOM(
      |                ^
/usr/include/X11/Xlib.h:3592:14: error: storage class specified for parameter ‘XLocaleOfOM’
 3592 | extern char *XLocaleOfOM(
      |              ^~~~~~~~~~~
/usr/include/X11/Xlib.h:3594:1: error: parameter names (without types) in function declaration [-Wdeclaration-missing-parameter-type]
 3594 | );
      | ^
/usr/include/X11/Xlib.h:3596:12: error: expected ‘=’, ‘,’, ‘;’, ‘asm’ or ‘__attribute__’ before ‘XCreateOC’
 3596 | extern XOC XCreateOC(
      |            ^~~~~~~~~
/usr/include/X11/Xlib.h:3601:13: error: storage class specified for parameter ‘XDestroyOC’
 3601 | extern void XDestroyOC(
      |             ^~~~~~~~~~
/usr/include/X11/Xlib.h:3603:1: error: parameter names (without types) in function declaration [-Wdeclaration-missing-parameter-type]
 3603 | );
      | ^
/usr/include/X11/Xlib.h:3605:12: error: expected ‘=’, ‘,’, ‘;’, ‘asm’ or ‘__attribute__’ before ‘XOMOfOC’
 3605 | extern XOM XOMOfOC(
      |            ^~~~~~~
/usr/include/X11/Xlib.h:3610:34: error: expected ‘)’ before ‘...’ token
 3610 |     XOC                 /* oc */,
      |                                  ^
      |                                  )
 3611 |     ...
      |     ~~~                           
/usr/include/X11/Xlib.h:3615:34: error: expected ‘)’ before ‘...’ token
 3615 |     XOC                 /* oc */,
      |                                  ^
      |                                  )
 3616 |     ...
      |     ~~~                           
/usr/include/X11/Xlib.h:3619:17: error: expected ‘=’, ‘,’, ‘;’, ‘asm’ or ‘__attribute__’ before ‘XCreateFontSet’
 3619 | extern XFontSet XCreateFontSet(
      |                 ^~~~~~~~~~~~~~
/usr/include/X11/Xlib.h:3628:5: error: expected declaration specifiers or ‘...’ before ‘Display’
 3628 |     Display*            /* display */,
      |     ^~~~~~~
/usr/include/X11/Xlib.h:3629:5: error: expected declaration specifiers or ‘...’ before ‘XFontSet’
 3629 |     XFontSet            /* font_set */
      |     ^~~~~~~~
/usr/include/X11/Xlib.h:3634:16: error: expected ‘)’ before ‘*’ token
 3634 |     XFontStruct***      /* font_struct_list */,
      |                ^
      |                )
/usr/include/X11/Xlib.h:3638:14: error: storage class specified for parameter ‘XBaseFontNameListOfFontSet’
 3638 | extern char *XBaseFontNameListOfFontSet(
      |              ^~~~~~~~~~~~~~~~~~~~~~~~~~
/usr/include/X11/Xlib.h:3640:1: error: parameter names (without types) in function declaration [-Wdeclaration-missing-parameter-type]
 3640 | );
      | ^
/usr/include/X11/Xlib.h:3642:14: error: storage class specified for parameter ‘XLocaleOfFontSet’
 3642 | extern char *XLocaleOfFontSet(
      |              ^~~~~~~~~~~~~~~~
/usr/include/X11/Xlib.h:3644:1: error: parameter names (without types) in function declaration [-Wdeclaration-missing-parameter-type]
 3644 | );
      | ^
/usr/include/X11/Xlib.h:3646:13: error: storage class specified for parameter ‘XContextDependentDrawing’
 3646 | extern Bool XContextDependentDrawing(
      |             ^~~~~~~~~~~~~~~~~~~~~~~~
/usr/include/X11/Xlib.h:3648:1: error: parameter names (without types) in function declaration [-Wdeclaration-missing-parameter-type]
 3648 | );
      | ^
/usr/include/X11/Xlib.h:3650:13: error: storage class specified for parameter ‘XDirectionalDependentDrawing’
 3650 | extern Bool XDirectionalDependentDrawing(
      |             ^~~~~~~~~~~~~~~~~~~~~~~~~~~~
/usr/include/X11/Xlib.h:3652:1: error: parameter names (without types) in function declaration [-Wdeclaration-missing-parameter-type]
 3652 | );
      | ^
/usr/include/X11/Xlib.h:3654:13: error: storage class specified for parameter ‘XContextualDrawing’
 3654 | extern Bool XContextualDrawing(
      |             ^~~~~~~~~~~~~~~~~~
/usr/include/X11/Xlib.h:3656:1: error: parameter names (without types) in function declaration [-Wdeclaration-missing-parameter-type]
 3656 | );
      | ^
/usr/include/X11/Xlib.h:3658:24: error: expected ‘=’, ‘,’, ‘;’, ‘asm’ or ‘__attribute__’ before ‘*’ token
 3658 | extern XFontSetExtents *XExtentsOfFontSet(
      |                        ^
/usr/include/X11/Xlib.h:3663:40: error: expected ‘)’ before ‘const’
 3663 |     XFontSet            /* font_set */,
      |                                        ^
      |                                        )
/usr/include/X11/Xlib.h:3669:40: error: expected ‘)’ before ‘const’
 3669 |     XFontSet            /* font_set */,
      |                                        ^
      |                                        )
/usr/include/X11/Xlib.h:3675:40: error: expected ‘)’ before ‘const’
 3675 |     XFontSet            /* font_set */,
      |                                        ^
      |                                        )
/usr/include/X11/Xlib.h:3681:40: error: expected ‘)’ before ‘const’
 3681 |     XFontSet            /* font_set */,
      |                                        ^
      |                                        )
/usr/include/X11/Xlib.h:3689:40: error: expected ‘)’ before ‘const’
 3689 |     XFontSet            /* font_set */,
      |                                        ^
      |                                        )
/usr/include/X11/Xlib.h:3697:40: error: expected ‘)’ before ‘const’
 3697 |     XFontSet            /* font_set */,
      |                                        ^
      |                                        )
/usr/include/X11/Xlib.h:3705:40: error: expected ‘)’ before ‘const’
 3705 |     XFontSet            /* font_set */,
      |                                        ^
      |                                        )
/usr/include/X11/Xlib.h:3717:40: error: expected ‘)’ before ‘const’
 3717 |     XFontSet            /* font_set */,
      |                                        ^
      |                                        )
/usr/include/X11/Xlib.h:3729:40: error: expected ‘)’ before ‘const’
 3729 |     XFontSet            /* font_set */,
      |                                        ^
      |                                        )
/usr/include/X11/Xlib.h:3741:5: error: expected declaration specifiers or ‘...’ before ‘Display’
 3741 |     Display*            /* display */,
      |     ^~~~~~~
/usr/include/X11/Xlib.h:3742:5: error: unknown type name ‘Drawable’; did you mean ‘BadDrawable’?
 3742 |     Drawable            /* d */,
      |     ^~~~~~~~
      |     BadDrawable
/usr/include/X11/Xlib.h:3743:5: error: expected declaration specifiers or ‘...’ before ‘GC’
 3743 |     GC                  /* gc */,
      |     ^~
/usr/include/X11/Xlib.h:3746:5: error: expected declaration specifiers or ‘...’ before ‘XmbTextItem’
 3746 |     XmbTextItem*        /* text_items */,
      |     ^~~~~~~~~~~
/usr/include/X11/Xlib.h:3751:5: error: expected declaration specifiers or ‘...’ before ‘Display’
 3751 |     Display*            /* display */,
      |     ^~~~~~~
/usr/include/X11/Xlib.h:3752:5: error: unknown type name ‘Drawable’; did you mean ‘BadDrawable’?
 3752 |     Drawable            /* d */,
      |     ^~~~~~~~
      |     BadDrawable
/usr/include/X11/Xlib.h:3753:5: error: expected declaration specifiers or ‘...’ before ‘GC’
 3753 |     GC                  /* gc */,
      |     ^~
/usr/include/X11/Xlib.h:3756:5: error: expected declaration specifiers or ‘...’ before ‘XwcTextItem’
 3756 |     XwcTextItem*        /* text_items */,
      |     ^~~~~~~~~~~
/usr/include/X11/Xlib.h:3761:5: error: expected declaration specifiers or ‘...’ before ‘Display’
 3761 |     Display*            /* display */,
      |     ^~~~~~~
/usr/include/X11/Xlib.h:3762:5: error: unknown type name ‘Drawable’; did you mean ‘BadDrawable’?
 3762 |     Drawable            /* d */,
      |     ^~~~~~~~
      |     BadDrawable
/usr/include/X11/Xlib.h:3763:5: error: expected declaration specifiers or ‘...’ before ‘GC’
 3763 |     GC                  /* gc */,
      |     ^~
/usr/include/X11/Xlib.h:3766:5: error: expected declaration specifiers or ‘...’ before ‘XmbTextItem’
 3766 |     XmbTextItem*        /* text_items */,
      |     ^~~~~~~~~~~
/usr/include/X11/Xlib.h:3771:5: error: expected declaration specifiers or ‘...’ before ‘Display’
 3771 |     Display*            /* display */,
      |     ^~~~~~~
/usr/include/X11/Xlib.h:3772:5: error: unknown type name ‘Drawable’; did you mean ‘BadDrawable’?
 3772 |     Drawable            /* d */,
      |     ^~~~~~~~
      |     BadDrawable
/usr/include/X11/Xlib.h:3773:5: error: expected declaration specifiers or ‘...’ before ‘XFontSet’
 3773 |     XFontSet            /* font_set */,
      |     ^~~~~~~~
/usr/include/X11/Xlib.h:3774:5: error: expected declaration specifiers or ‘...’ before ‘GC’
 3774 |     GC                  /* gc */,
      |     ^~
/usr/include/X11/Xlib.h:3782:5: error: expected declaration specifiers or ‘...’ before ‘Display’
 3782 |     Display*            /* display */,
      |     ^~~~~~~
/usr/include/X11/Xlib.h:3783:5: error: unknown type name ‘Drawable’; did you mean ‘BadDrawable’?
 3783 |     Drawable            /* d */,
      |     ^~~~~~~~
      |     BadDrawable
/usr/include/X11/Xlib.h:3784:5: error: expected declaration specifiers or ‘...’ before ‘XFontSet’
 3784 |     XFontSet            /* font_set */,
      |     ^~~~~~~~
/usr/include/X11/Xlib.h:3785:5: error: expected declaration specifiers or ‘...’ before ‘GC’
 3785 |     GC                  /* gc */,
      |     ^~
/usr/include/X11/Xlib.h:3793:5: error: expected declaration specifiers or ‘...’ before ‘Display’
 3793 |     Display*            /* display */,
      |     ^~~~~~~
/usr/include/X11/Xlib.h:3794:5: error: unknown type name ‘Drawable’; did you mean ‘BadDrawable’?
 3794 |     Drawable            /* d */,
      |     ^~~~~~~~
      |     BadDrawable
/usr/include/X11/Xlib.h:3795:5: error: expected declaration specifiers or ‘...’ before ‘XFontSet’
 3795 |     XFontSet            /* font_set */,
      |     ^~~~~~~~
/usr/include/X11/Xlib.h:3796:5: error: expected declaration specifiers or ‘...’ before ‘GC’
 3796 |     GC                  /* gc */,
      |     ^~
/usr/include/X11/Xlib.h:3804:5: error: expected declaration specifiers or ‘...’ before ‘Display’
 3804 |     Display*            /* display */,
      |     ^~~~~~~
/usr/include/X11/Xlib.h:3805:5: error: unknown type name ‘Drawable’; did you mean ‘BadDrawable’?
 3805 |     Drawable            /* d */,
      |     ^~~~~~~~
      |     BadDrawable
/usr/include/X11/Xlib.h:3806:5: error: expected declaration specifiers or ‘...’ before ‘XFontSet’
 3806 |     XFontSet            /* font_set */,
      |     ^~~~~~~~
/usr/include/X11/Xlib.h:3807:5: error: expected declaration specifiers or ‘...’ before ‘GC’
 3807 |     GC                  /* gc */,
      |     ^~
/usr/include/X11/Xlib.h:3815:5: error: expected declaration specifiers or ‘...’ before ‘Display’
 3815 |     Display*            /* display */,
      |     ^~~~~~~
/usr/include/X11/Xlib.h:3816:5: error: unknown type name ‘Drawable’; did you mean ‘BadDrawable’?
 3816 |     Drawable            /* d */,
      |     ^~~~~~~~
      |     BadDrawable
/usr/include/X11/Xlib.h:3817:5: error: expected declaration specifiers or ‘...’ before ‘XFontSet’
 3817 |     XFontSet            /* font_set */,
      |     ^~~~~~~~
/usr/include/X11/Xlib.h:3818:5: error: expected declaration specifiers or ‘...’ before ‘GC’
 3818 |     GC                  /* gc */,
      |     ^~
/usr/include/X11/Xlib.h:3826:5: error: expected declaration specifiers or ‘...’ before ‘Display’
 3826 |     Display*            /* display */,
      |     ^~~~~~~
/usr/include/X11/Xlib.h:3827:5: error: unknown type name ‘Drawable’; did you mean ‘BadDrawable’?
 3827 |     Drawable            /* d */,
      |     ^~~~~~~~
      |     BadDrawable
/usr/include/X11/Xlib.h:3828:5: error: expected declaration specifiers or ‘...’ before ‘XFontSet’
 3828 |     XFontSet            /* font_set */,
      |     ^~~~~~~~
/usr/include/X11/Xlib.h:3829:5: error: expected declaration specifiers or ‘...’ before ‘GC’
 3829 |     GC                  /* gc */,
      |     ^~
/usr/include/X11/Xlib.h:3836:12: error: expected ‘=’, ‘,’, ‘;’, ‘asm’ or ‘__attribute__’ before ‘XOpenIM’
 3836 | extern XIM XOpenIM(
      |            ^~~~~~~
/usr/include/X11/Xlib.h:3843:15: error: storage class specified for parameter ‘XCloseIM’
 3843 | extern Status XCloseIM(
      |               ^~~~~~~~
/usr/include/X11/Xlib.h:3845:1: error: parameter names (without types) in function declaration [-Wdeclaration-missing-parameter-type]
 3845 | );
      | ^
/usr/include/X11/Xlib.h:3848:18: error: expected ‘)’ before ‘...’ token
 3848 |     XIM /* im */, ...
      |                  ^~~~
      |                  )
/usr/include/X11/Xlib.h:3852:18: error: expected ‘)’ before ‘...’ token
 3852 |     XIM /* im */, ...
      |                  ^~~~
      |                  )
/usr/include/X11/Xlib.h:3855:16: error: expected ‘=’, ‘,’, ‘;’, ‘asm’ or ‘__attribute__’ before ‘*’ token
 3855 | extern Display *XDisplayOfIM(
      |                ^
/usr/include/X11/Xlib.h:3859:14: error: storage class specified for parameter ‘XLocaleOfIM’
 3859 | extern char *XLocaleOfIM(
      |              ^~~~~~~~~~~
/usr/include/X11/Xlib.h:3861:1: error: parameter names (without types) in function declaration [-Wdeclaration-missing-parameter-type]
 3861 | );
      | ^
/usr/include/X11/Xlib.h:3863:12: error: expected ‘=’, ‘,’, ‘;’, ‘asm’ or ‘__attribute__’ before ‘XCreateIC’
 3863 | extern XIC XCreateIC(
      |            ^~~~~~~~~
/usr/include/X11/Xlib.h:3867:13: error: storage class specified for parameter ‘XDestroyIC’
 3867 | extern void XDestroyIC(
      |             ^~~~~~~~~~
/usr/include/X11/Xlib.h:3869:1: error: parameter names (without types) in function declaration [-Wdeclaration-missing-parameter-type]
 3869 | );
      | ^
/usr/include/X11/Xlib.h:3871:13: error: storage class specified for parameter ‘XSetICFocus’
 3871 | extern void XSetICFocus(
      |             ^~~~~~~~~~~
/usr/include/X11/Xlib.h:3873:1: error: parameter names (without types) in function declaration [-Wdeclaration-missing-parameter-type]
 3873 | );
      | ^
/usr/include/X11/Xlib.h:3875:13: error: storage class specified for parameter ‘XUnsetICFocus’
 3875 | extern void XUnsetICFocus(
      |             ^~~~~~~~~~~~~
/usr/include/X11/Xlib.h:3877:1: error: parameter names (without types) in function declaration [-Wdeclaration-missing-parameter-type]
 3877 | );
      | ^
/usr/include/X11/Xlib.h:3879:17: error: storage class specified for parameter ‘XwcResetIC’
 3879 | extern wchar_t *XwcResetIC(
      |                 ^~~~~~~~~~
/usr/include/X11/Xlib.h:3881:1: error: parameter names (without types) in function declaration [-Wdeclaration-missing-parameter-type]
 3881 | );
      | ^
/usr/include/X11/Xlib.h:3883:14: error: storage class specified for parameter ‘XmbResetIC’
 3883 | extern char *XmbResetIC(
      |              ^~~~~~~~~~
/usr/include/X11/Xlib.h:3885:1: error: parameter names (without types) in function declaration [-Wdeclaration-missing-parameter-type]
 3885 | );
      | ^
/usr/include/X11/Xlib.h:3887:14: error: storage class specified for parameter ‘Xutf8ResetIC’
 3887 | extern char *Xutf8ResetIC(
      |              ^~~~~~~~~~~~
/usr/include/X11/Xlib.h:3889:1: error: parameter names (without types) in function declaration [-Wdeclaration-missing-parameter-type]
 3889 | );
      | ^
/usr/include/X11/Xlib.h:3892:18: error: expected ‘)’ before ‘...’ token
 3892 |     XIC /* ic */, ...
      |                  ^~~~
      |                  )
/usr/include/X11/Xlib.h:3896:18: error: expected ‘)’ before ‘...’ token
 3896 |     XIC /* ic */, ...
      |                  ^~~~
      |                  )
/usr/include/X11/Xlib.h:3899:12: error: expected ‘=’, ‘,’, ‘;’, ‘asm’ or ‘__attribute__’ before ‘XIMOfIC’
 3899 | extern XIM XIMOfIC(
      |            ^~~~~~~
/usr/include/X11/Xlib.h:3904:5: error: expected declaration specifiers or ‘...’ before ‘XEvent’
 3904 |     XEvent*     /* event */,
      |     ^~~~~~
/usr/include/X11/Xlib.h:3905:5: error: unknown type name ‘Window’; did you mean ‘GtkWindow’?
 3905 |     Window      /* window */
      |     ^~~~~~
      |     GtkWindow
/usr/include/X11/Xlib.h:3910:21: error: expected ‘)’ before ‘*’ token
 3910 |     XKeyPressedEvent*   /* event */,
      |                     ^
      |                     )
/usr/include/X11/Xlib.h:3919:21: error: expected ‘)’ before ‘*’ token
 3919 |     XKeyPressedEvent*   /* event */,
      |                     ^
      |                     )
/usr/include/X11/Xlib.h:3928:21: error: expected ‘)’ before ‘*’ token
 3928 |     XKeyPressedEvent*   /* event */,
      |                     ^
      |                     )
/usr/include/X11/Xlib.h:3935:22: error: expected ‘=’, ‘,’, ‘;’, ‘asm’ or ‘__attribute__’ before ‘XVaCreateNestedList’
 3935 | extern XVaNestedList XVaCreateNestedList(
      |                      ^~~~~~~~~~~~~~~~~~~
/usr/include/X11/Xlib.h:3942:5: error: expected declaration specifiers or ‘...’ before ‘Display’
 3942 |     Display*                    /* dpy */,
      |     ^~~~~~~
/usr/include/X11/Xlib.h:3946:5: error: unknown type name ‘XIDProc’
 3946 |     XIDProc                     /* callback */,
      |     ^~~~~~~
/usr/include/X11/Xlib.h:3947:5: error: expected declaration specifiers or ‘...’ before ‘XPointer’
 3947 |     XPointer                    /* client_data */
      |     ^~~~~~~~
/usr/include/X11/Xlib.h:3951:5: error: expected declaration specifiers or ‘...’ before ‘Display’
 3951 |     Display*                    /* dpy */,
      |     ^~~~~~~
/usr/include/X11/Xlib.h:3955:5: error: unknown type name ‘XIDProc’
 3955 |     XIDProc                     /* callback */,
      |     ^~~~~~~
/usr/include/X11/Xlib.h:3956:5: error: expected declaration specifiers or ‘...’ before ‘XPointer’
 3956 |     XPointer                    /* client_data */
      |     ^~~~~~~~
/usr/include/X11/Xlib.h:3960:5: error: expected declaration specifiers or ‘...’ before ‘Display’
 3960 |     Display*                    /* dpy */,
      |     ^~~~~~~
/usr/include/X11/Xlib.h:3961:5: error: expected declaration specifiers or ‘...’ before ‘XPointer’
 3961 |     XPointer                    /* client_data */,
      |     ^~~~~~~~
/usr/include/X11/Xlib.h:3964:5: error: expected declaration specifiers or ‘...’ before ‘XPointer’
 3964 |     XPointer*                   /* watch_data */ /* open sets, close uses */
      |     ^~~~~~~~
/usr/include/X11/Xlib.h:3969:5: error: expected declaration specifiers or ‘...’ before ‘Display’
 3969 |     Display*                    /* dpy */,
      |     ^~~~~~~
/usr/include/X11/Xlib.h:3975:5: error: expected declaration specifiers or ‘...’ before ‘Display’
 3975 |     Display*                    /* dpy */,
      |     ^~~~~~~
/usr/include/X11/Xlib.h:3980:5: error: expected declaration specifiers or ‘...’ before ‘Display’
 3980 |     Display*                    /* dpy */,
      |     ^~~~~~~
/usr/include/X11/Xlib.h:3981:5: error: unknown type name ‘XConnectionWatchProc’
 3981 |     XConnectionWatchProc        /* callback */,
      |     ^~~~~~~~~~~~~~~~~~~~
/usr/include/X11/Xlib.h:3982:5: error: expected declaration specifiers or ‘...’ before ‘XPointer’
 3982 |     XPointer                    /* client_data */
      |     ^~~~~~~~
/usr/include/X11/Xlib.h:3986:5: error: expected declaration specifiers or ‘...’ before ‘Display’
 3986 |     Display*                    /* dpy */,
      |     ^~~~~~~
/usr/include/X11/Xlib.h:3987:5: error: unknown type name ‘XConnectionWatchProc’
 3987 |     XConnectionWatchProc        /* callback */,
      |     ^~~~~~~~~~~~~~~~~~~~
/usr/include/X11/Xlib.h:3988:5: error: expected declaration specifiers or ‘...’ before ‘XPointer’
 3988 |     XPointer                    /* client_data */
      |     ^~~~~~~~
/usr/include/X11/Xlib.h:3991:13: error: storage class specified for parameter ‘XSetAuthorization’
 3991 | extern void XSetAuthorization(
      |             ^~~~~~~~~~~~~~~~~
/usr/include/X11/Xlib.h:3998:12: error: storage class specified for parameter ‘_Xmbtowc’
 3998 | extern int _Xmbtowc(
      |            ^~~~~~~~
/usr/include/X11/Xlib.h:4004:12: error: storage class specified for parameter ‘_Xwctomb’
 4004 | extern int _Xwctomb(
      |            ^~~~~~~~
/usr/include/X11/Xlib.h:4010:5: error: expected declaration specifiers or ‘...’ before ‘Display’
 4010 |     Display*                    /* dpy */,
      |     ^~~~~~~
/usr/include/X11/Xlib.h:4011:5: error: expected declaration specifiers or ‘...’ before ‘XGenericEventCookie’
 4011 |     XGenericEventCookie*        /* cookie*/
      |     ^~~~~~~~~~~~~~~~~~~
/usr/include/X11/Xlib.h:4015:5: error: expected declaration specifiers or ‘...’ before ‘Display’
 4015 |     Display*                    /* dpy */,
      |     ^~~~~~~
/usr/include/X11/Xlib.h:4016:5: error: expected declaration specifiers or ‘...’ before ‘XGenericEventCookie’
 4016 |     XGenericEventCookie*        /* cookie*/
      |     ^~~~~~~~~~~~~~~~~~~
In file included from /usr/include/gtk-4.0/gdk/x11/gdkx.h:34:
/usr/include/X11/Xutil.h:94:3: error: storage class specified for parameter ‘XSizeHints’
   94 | } XSizeHints;
      |   ^~~~~~~~~~
/usr/include/X11/Xutil.h:124:9: error: unknown type name ‘Pixmap’; did you mean ‘ZPixmap’?
  124 |         Pixmap icon_pixmap;     /* pixmap to be used as icon */
      |         ^~~~~~
      |         ZPixmap
/usr/include/X11/Xutil.h:125:9: error: unknown type name ‘Window’; did you mean ‘GtkWindow’?
  125 |         Window icon_window;     /* window to be used as icon */
      |         ^~~~~~
      |         GtkWindow
/usr/include/X11/Xutil.h:127:9: error: unknown type name ‘Pixmap’; did you mean ‘ZPixmap’?
  127 |         Pixmap icon_mask;       /* icon mask bitmap */
      |         ^~~~~~
      |         ZPixmap
/usr/include/X11/Xutil.h:128:9: error: expected specifier-qualifier-list before ‘XID’
  128 |         XID window_group;       /* id of related window group */
      |         ^~~
/usr/include/X11/Xutil.h:130:3: error: storage class specified for parameter ‘XWMHints’
  130 | } XWMHints;
      |   ^~~~~~~~
/usr/include/X11/Xutil.h:165:5: error: expected specifier-qualifier-list before ‘Atom’
  165 |     Atom encoding;                      /* prop type */
      |     ^~~~
/usr/include/X11/Xutil.h:168:3: error: storage class specified for parameter ‘XTextProperty’
  168 | } XTextProperty;
      |   ^~~~~~~~~~~~~
/usr/include/X11/Xutil.h:181:3: error: storage class specified for parameter ‘XICCEncodingStyle’
  181 | } XICCEncodingStyle;
      |   ^~~~~~~~~~~~~~~~~
/usr/include/X11/Xutil.h:187:3: error: storage class specified for parameter ‘XIconSize’
  187 | } XIconSize;
      |   ^~~~~~~~~
/usr/include/X11/Xutil.h:192:3: error: storage class specified for parameter ‘XClassHint’
  192 | } XClassHint;
      |   ^~~~~~~~~~
/usr/include/X11/Xutil.h:232:5: error: expected specifier-qualifier-list before ‘XPointer’
  232 |     XPointer compose_ptr;       /* state table pointer */
      |     ^~~~~~~~
/usr/include/X11/Xutil.h:234:3: error: storage class specified for parameter ‘XComposeStatus’
  234 | } XComposeStatus;
      |   ^~~~~~~~~~~~~~
/usr/include/X11/Xutil.h:273:26: error: storage class specified for parameter ‘Region’
  273 | typedef struct _XRegion *Region;
      |                          ^~~~~~
/usr/include/X11/Xutil.h:288:3: error: expected specifier-qualifier-list before ‘Visual’
  288 |   Visual *visual;
      |   ^~~~~~
/usr/include/X11/Xutil.h:302:3: error: storage class specified for parameter ‘XVisualInfo’
  302 | } XVisualInfo;
      |   ^~~~~~~~~~~
/usr/include/X11/Xutil.h:321:9: error: unknown type name ‘Colormap’; did you mean ‘XNColormap’?
  321 |         Colormap colormap;
      |         ^~~~~~~~
      |         XNColormap
/usr/include/X11/Xutil.h:329:9: error: expected specifier-qualifier-list before ‘VisualID’
  329 |         VisualID visualid;              /* added by ICCCM version 1 */
      |         ^~~~~~~~
/usr/include/X11/Xutil.h:331:3: error: storage class specified for parameter ‘XStandardColormap’
  331 | } XStandardColormap;
      |   ^~~~~~~~~~~~~~~~~
/usr/include/X11/Xutil.h:357:13: error: storage class specified for parameter ‘XContext’
  357 | typedef int XContext;
      |             ^~~~~~~~
/usr/include/X11/Xutil.h:366:19: error: expected ‘=’, ‘,’, ‘;’, ‘asm’ or ‘__attribute__’ before ‘*’ token
  366 | extern XClassHint *XAllocClassHint (
      |                   ^
/usr/include/X11/Xutil.h:370:18: error: expected ‘=’, ‘,’, ‘;’, ‘asm’ or ‘__attribute__’ before ‘*’ token
  370 | extern XIconSize *XAllocIconSize (
      |                  ^
/usr/include/X11/Xutil.h:374:19: error: expected ‘=’, ‘,’, ‘;’, ‘asm’ or ‘__attribute__’ before ‘*’ token
  374 | extern XSizeHints *XAllocSizeHints (
      |                   ^
/usr/include/X11/Xutil.h:378:26: error: expected ‘=’, ‘,’, ‘;’, ‘asm’ or ‘__attribute__’ before ‘*’ token
  378 | extern XStandardColormap *XAllocStandardColormap (
      |                          ^
/usr/include/X11/Xutil.h:382:17: error: expected ‘=’, ‘,’, ‘;’, ‘asm’ or ‘__attribute__’ before ‘*’ token
  382 | extern XWMHints *XAllocWMHints (
      |                 ^
/usr/include/X11/Xutil.h:388:15: error: expected ‘)’ before ‘*’ token
  388 |     XRectangle*         /* rect_return */
      |               ^
      |               )
/usr/include/X11/Xutil.h:391:15: error: expected ‘=’, ‘,’, ‘;’, ‘asm’ or ‘__attribute__’ before ‘XCreateRegion’
  391 | extern Region XCreateRegion(
      |               ^~~~~~~~~~~~~
/usr/include/X11/Xutil.h:395:20: error: storage class specified for parameter ‘XDefaultString’
  395 | extern const char *XDefaultString (void);
      |                    ^~~~~~~~~~~~~~
/usr/include/X11/Xutil.h:398:5: error: expected declaration specifiers or ‘...’ before ‘Display’
  398 |     Display*            /* display */,
      |     ^~~~~~~
/usr/include/X11/Xutil.h:399:5: error: expected declaration specifiers or ‘...’ before ‘XID’
  399 |     XID                 /* rid */,
      |     ^~~
/usr/include/X11/Xutil.h:400:5: error: expected declaration specifiers or ‘...’ before ‘XContext’
  400 |     XContext            /* context */
      |     ^~~~~~~~
/usr/include/X11/Xutil.h:403:12: error: storage class specified for parameter ‘XDestroyRegion’
  403 | extern int XDestroyRegion(
      |            ^~~~~~~~~~~~~~
/usr/include/X11/Xutil.h:405:1: error: parameter names (without types) in function declaration [-Wdeclaration-missing-parameter-type]
  405 | );
      | ^
/usr/include/X11/Xutil.h:407:13: error: storage class specified for parameter ‘XEmptyRegion’
  407 | extern Bool XEmptyRegion(
      |             ^~~~~~~~~~~~
/usr/include/X11/Xutil.h:409:1: error: parameter names (without types) in function declaration [-Wdeclaration-missing-parameter-type]
  409 | );
      | ^
/usr/include/X11/Xutil.h:411:13: error: storage class specified for parameter ‘XEqualRegion’
  411 | extern Bool XEqualRegion(
      |             ^~~~~~~~~~~~
/usr/include/X11/Xutil.h:414:1: error: parameter names (without types) in function declaration [-Wdeclaration-missing-parameter-type]
  414 | );
      | ^
/usr/include/X11/Xutil.h:417:5: error: expected declaration specifiers or ‘...’ before ‘Display’
  417 |     Display*            /* display */,
      |     ^~~~~~~
/usr/include/X11/Xutil.h:418:5: error: expected declaration specifiers or ‘...’ before ‘XID’
  418 |     XID                 /* rid */,
      |     ^~~
/usr/include/X11/Xutil.h:419:5: error: expected declaration specifiers or ‘...’ before ‘XContext’
  419 |     XContext            /* context */,
      |     ^~~~~~~~
/usr/include/X11/Xutil.h:420:5: error: expected declaration specifiers or ‘...’ before ‘XPointer’
  420 |     XPointer*           /* data_return */
      |     ^~~~~~~~
/usr/include/X11/Xutil.h:424:5: error: expected declaration specifiers or ‘...’ before ‘Display’
  424 |     Display*            /* display */,
      |     ^~~~~~~
/usr/include/X11/Xutil.h:425:5: error: unknown type name ‘Window’; did you mean ‘GtkWindow’?
  425 |     Window              /* w */,
      |     ^~~~~~
      |     GtkWindow
/usr/include/X11/Xutil.h:426:5: error: expected declaration specifiers or ‘...’ before ‘XClassHint’
  426 |     XClassHint*         /* class_hints_return */
      |     ^~~~~~~~~~
/usr/include/X11/Xutil.h:430:5: error: expected declaration specifiers or ‘...’ before ‘Display’
  430 |     Display*            /* display */,
      |     ^~~~~~~
/usr/include/X11/Xutil.h:431:5: error: unknown type name ‘Window’; did you mean ‘GtkWindow’?
  431 |     Window              /* w */,
      |     ^~~~~~
      |     GtkWindow
/usr/include/X11/Xutil.h:432:5: error: expected declaration specifiers or ‘...’ before ‘XIconSize’
  432 |     XIconSize**         /* size_list_return */,
      |     ^~~~~~~~~
/usr/include/X11/Xutil.h:437:5: error: expected declaration specifiers or ‘...’ before ‘Display’
  437 |     Display*            /* display */,
      |     ^~~~~~~
/usr/include/X11/Xutil.h:438:5: error: unknown type name ‘Window’; did you mean ‘GtkWindow’?
  438 |     Window              /* w */,
      |     ^~~~~~
      |     GtkWindow
/usr/include/X11/Xutil.h:439:5: error: expected declaration specifiers or ‘...’ before ‘XSizeHints’
  439 |     XSizeHints*         /* hints_return */
      |     ^~~~~~~~~~
/usr/include/X11/Xutil.h:443:5: error: expected declaration specifiers or ‘...’ before ‘Display’
  443 |     Display*            /* display */,
      |     ^~~~~~~
/usr/include/X11/Xutil.h:444:5: error: unknown type name ‘Window’; did you mean ‘GtkWindow’?
  444 |     Window              /* w */,
      |     ^~~~~~
      |     GtkWindow
/usr/include/X11/Xutil.h:445:5: error: expected declaration specifiers or ‘...’ before ‘XStandardColormap’
  445 |     XStandardColormap** /* stdcmap_return */,
      |     ^~~~~~~~~~~~~~~~~
/usr/include/X11/Xutil.h:447:5: error: expected declaration specifiers or ‘...’ before ‘Atom’
  447 |     Atom                /* property */
      |     ^~~~
/usr/include/X11/Xutil.h:451:5: error: expected declaration specifiers or ‘...’ before ‘Display’
  451 |     Display*            /* display */,
      |     ^~~~~~~
/usr/include/X11/Xutil.h:452:5: error: unknown type name ‘Window’; did you mean ‘GtkWindow’?
  452 |     Window              /* w */,
      |     ^~~~~~
      |     GtkWindow
/usr/include/X11/Xutil.h:453:5: error: expected declaration specifiers or ‘...’ before ‘XSizeHints’
  453 |     XSizeHints*         /* hints_return */,
      |     ^~~~~~~~~~
/usr/include/X11/Xutil.h:454:5: error: expected declaration specifiers or ‘...’ before ‘Atom’
  454 |     Atom                /* property */
      |     ^~~~
/usr/include/X11/Xutil.h:458:5: error: expected declaration specifiers or ‘...’ before ‘Display’
  458 |     Display*            /* display */,
      |     ^~~~~~~
/usr/include/X11/Xutil.h:459:5: error: unknown type name ‘Window’; did you mean ‘GtkWindow’?
  459 |     Window              /* w */,
      |     ^~~~~~
      |     GtkWindow
/usr/include/X11/Xutil.h:460:5: error: expected declaration specifiers or ‘...’ before ‘XStandardColormap’
  460 |     XStandardColormap*  /* colormap_return */,
      |     ^~~~~~~~~~~~~~~~~
/usr/include/X11/Xutil.h:461:5: error: expected declaration specifiers or ‘...’ before ‘Atom’
  461 |     Atom                /* property */
      |     ^~~~
/usr/include/X11/Xutil.h:465:5: error: expected declaration specifiers or ‘...’ before ‘Display’
  465 |     Display*            /* display */,
      |     ^~~~~~~
/usr/include/X11/Xutil.h:466:5: error: unknown type name ‘Window’; did you mean ‘GtkWindow’?
  466 |     Window              /* window */,
      |     ^~~~~~
      |     GtkWindow
/usr/include/X11/Xutil.h:467:5: error: expected declaration specifiers or ‘...’ before ‘XTextProperty’
  467 |     XTextProperty*      /* text_prop_return */,
      |     ^~~~~~~~~~~~~
/usr/include/X11/Xutil.h:468:5: error: expected declaration specifiers or ‘...’ before ‘Atom’
  468 |     Atom                /* property */
      |     ^~~~
/usr/include/X11/Xutil.h:471:20: error: expected ‘=’, ‘,’, ‘;’, ‘asm’ or ‘__attribute__’ before ‘*’ token
  471 | extern XVisualInfo *XGetVisualInfo(
      |                    ^
/usr/include/X11/Xutil.h:479:5: error: expected declaration specifiers or ‘...’ before ‘Display’
  479 |     Display*            /* display */,
      |     ^~~~~~~
/usr/include/X11/Xutil.h:480:5: error: unknown type name ‘Window’; did you mean ‘GtkWindow’?
  480 |     Window              /* w */,
      |     ^~~~~~
      |     GtkWindow
/usr/include/X11/Xutil.h:481:5: error: expected declaration specifiers or ‘...’ before ‘XTextProperty’
  481 |     XTextProperty*      /* text_prop_return */
      |     ^~~~~~~~~~~~~
/usr/include/X11/Xutil.h:484:17: error: expected ‘=’, ‘,’, ‘;’, ‘asm’ or ‘__attribute__’ before ‘*’ token
  484 | extern XWMHints *XGetWMHints(
      |                 ^
/usr/include/X11/Xutil.h:490:5: error: expected declaration specifiers or ‘...’ before ‘Display’
  490 |     Display*            /* display */,
      |     ^~~~~~~
/usr/include/X11/Xutil.h:491:5: error: unknown type name ‘Window’; did you mean ‘GtkWindow’?
  491 |     Window              /* w */,
      |     ^~~~~~
      |     GtkWindow
/usr/include/X11/Xutil.h:492:5: error: expected declaration specifiers or ‘...’ before ‘XTextProperty’
  492 |     XTextProperty*      /* text_prop_return */
      |     ^~~~~~~~~~~~~
/usr/include/X11/Xutil.h:496:5: error: expected declaration specifiers or ‘...’ before ‘Display’
  496 |     Display*            /* display */,
      |     ^~~~~~~
/usr/include/X11/Xutil.h:497:5: error: unknown type name ‘Window’; did you mean ‘GtkWindow’?
  497 |     Window              /* w */,
      |     ^~~~~~
      |     GtkWindow
/usr/include/X11/Xutil.h:498:5: error: expected declaration specifiers or ‘...’ before ‘XTextProperty’
  498 |     XTextProperty*      /* text_prop_return */
      |     ^~~~~~~~~~~~~
/usr/include/X11/Xutil.h:502:5: error: expected declaration specifiers or ‘...’ before ‘Display’
  502 |     Display*            /* display */,
      |     ^~~~~~~
/usr/include/X11/Xutil.h:503:5: error: unknown type name ‘Window’; did you mean ‘GtkWindow’?
  503 |     Window              /* w */,
      |     ^~~~~~
      |     GtkWindow
/usr/include/X11/Xutil.h:504:5: error: expected declaration specifiers or ‘...’ before ‘XSizeHints’
  504 |     XSizeHints*         /* hints_return */,
      |     ^~~~~~~~~~
/usr/include/X11/Xutil.h:509:5: error: expected declaration specifiers or ‘...’ before ‘Display’
  509 |     Display*            /* display */,
      |     ^~~~~~~
/usr/include/X11/Xutil.h:510:5: error: unknown type name ‘Window’; did you mean ‘GtkWindow’?
  510 |     Window              /* w */,
      |     ^~~~~~
      |     GtkWindow
/usr/include/X11/Xutil.h:511:5: error: expected declaration specifiers or ‘...’ before ‘XSizeHints’
  511 |     XSizeHints*         /* hints_return */,
      |     ^~~~~~~~~~
/usr/include/X11/Xutil.h:513:5: error: expected declaration specifiers or ‘...’ before ‘Atom’
  513 |     Atom                /* property */
      |     ^~~~
/usr/include/X11/Xutil.h:517:5: error: expected declaration specifiers or ‘...’ before ‘Display’
  517 |     Display*            /* display */,
      |     ^~~~~~~
/usr/include/X11/Xutil.h:518:5: error: unknown type name ‘Window’; did you mean ‘GtkWindow’?
  518 |     Window              /* w */,
      |     ^~~~~~
      |     GtkWindow
/usr/include/X11/Xutil.h:519:5: error: expected declaration specifiers or ‘...’ before ‘XSizeHints’
  519 |     XSizeHints*         /* zhints_return */
      |     ^~~~~~~~~~
/usr/include/X11/Xutil.h:522:12: error: storage class specified for parameter ‘XIntersectRegion’
  522 | extern int XIntersectRegion(
      |            ^~~~~~~~~~~~~~~~
/usr/include/X11/Xutil.h:526:1: error: parameter names (without types) in function declaration [-Wdeclaration-missing-parameter-type]
  526 | );
      | ^
/usr/include/X11/Xutil.h:530:11: error: expected ‘)’ before ‘*’ token
  530 |     KeySym*             /* lower */,
      |           ^
      |           )
/usr/include/X11/Xutil.h:535:5: error: expected declaration specifiers or ‘...’ before ‘XKeyEvent’
  535 |     XKeyEvent*          /* event_struct */,
      |     ^~~~~~~~~
/usr/include/X11/Xutil.h:538:5: error: unknown type name ‘KeySym’
  538 |     KeySym*             /* keysym_return */,
      |     ^~~~~~
/usr/include/X11/Xutil.h:539:5: error: expected declaration specifiers or ‘...’ before ‘XComposeStatus’
  539 |     XComposeStatus*     /* status_in_out */
      |     ^~~~~~~~~~~~~~
/usr/include/X11/Xutil.h:543:5: error: expected declaration specifiers or ‘...’ before ‘Display’
  543 |     Display*            /* display */,
      |     ^~~~~~~
/usr/include/X11/Xutil.h:547:5: error: expected declaration specifiers or ‘...’ before ‘XVisualInfo’
  547 |     XVisualInfo*        /* vinfo_return */
      |     ^~~~~~~~~~~
/usr/include/X11/Xutil.h:551:33: error: expected ‘)’ before ‘int’
  551 |     Region              /* r */,
      |                                 ^
      |                                 )
  552 |     int                 /* dx */,
      |     ~~~                          
/usr/include/X11/Xutil.h:557:33: error: expected ‘)’ before ‘int’
  557 |     Region              /* r */,
      |                                 ^
      |                                 )
  558 |     int                 /* x */,
      |     ~~~                          
/usr/include/X11/Xutil.h:562:15: error: expected ‘=’, ‘,’, ‘;’, ‘asm’ or ‘__attribute__’ before ‘XPolygonRegion’
  562 | extern Region XPolygonRegion(
      |               ^~~~~~~~~~~~~~
/usr/include/X11/Xutil.h:569:33: error: expected ‘)’ before ‘int’
  569 |     Region              /* r */,
      |                                 ^
      |                                 )
  570 |     int                 /* x */,
      |     ~~~                          
/usr/include/X11/Xutil.h:577:5: error: expected declaration specifiers or ‘...’ before ‘Display’
  577 |     Display*            /* display */,
      |     ^~~~~~~
/usr/include/X11/Xutil.h:578:5: error: expected declaration specifiers or ‘...’ before ‘XID’
  578 |     XID                 /* rid */,
      |     ^~~
/usr/include/X11/Xutil.h:579:5: error: expected declaration specifiers or ‘...’ before ‘XContext’
  579 |     XContext            /* context */,
      |     ^~~~~~~~
/usr/include/X11/Xutil.h:584:5: error: expected declaration specifiers or ‘...’ before ‘Display’
  584 |     Display*            /* display */,
      |     ^~~~~~~
/usr/include/X11/Xutil.h:585:5: error: unknown type name ‘Window’; did you mean ‘GtkWindow’?
  585 |     Window              /* w */,
      |     ^~~~~~
      |     GtkWindow
/usr/include/X11/Xutil.h:586:5: error: expected declaration specifiers or ‘...’ before ‘XClassHint’
  586 |     XClassHint*         /* class_hints */
      |     ^~~~~~~~~~
/usr/include/X11/Xutil.h:590:5: error: expected declaration specifiers or ‘...’ before ‘Display’
  590 |     Display*            /* display */,
      |     ^~~~~~~
/usr/include/X11/Xutil.h:591:5: error: unknown type name ‘Window’; did you mean ‘GtkWindow’?
  591 |     Window              /* w */,
      |     ^~~~~~
      |     GtkWindow
/usr/include/X11/Xutil.h:592:5: error: expected declaration specifiers or ‘...’ before ‘XIconSize’
  592 |     XIconSize*          /* size_list */,
      |     ^~~~~~~~~
/usr/include/X11/Xutil.h:597:5: error: expected declaration specifiers or ‘...’ before ‘Display’
  597 |     Display*            /* display */,
      |     ^~~~~~~
/usr/include/X11/Xutil.h:598:5: error: unknown type name ‘Window’; did you mean ‘GtkWindow’?
  598 |     Window              /* w */,
      |     ^~~~~~
      |     GtkWindow
/usr/include/X11/Xutil.h:599:5: error: expected declaration specifiers or ‘...’ before ‘XSizeHints’
  599 |     XSizeHints*         /* hints */
      |     ^~~~~~~~~~
/usr/include/X11/Xutil.h:603:5: error: expected declaration specifiers or ‘...’ before ‘Display’
  603 |     Display*            /* display */,
      |     ^~~~~~~
/usr/include/X11/Xutil.h:604:5: error: unknown type name ‘Window’; did you mean ‘GtkWindow’?
  604 |     Window              /* w */,
      |     ^~~~~~
      |     GtkWindow
/usr/include/X11/Xutil.h:605:5: error: expected declaration specifiers or ‘...’ before ‘XStandardColormap’
  605 |     XStandardColormap*  /* stdcmaps */,
      |     ^~~~~~~~~~~~~~~~~
/usr/include/X11/Xutil.h:607:5: error: expected declaration specifiers or ‘...’ before ‘Atom’
  607 |     Atom                /* property */
      |     ^~~~
/usr/include/X11/Xutil.h:611:5: error: expected declaration specifiers or ‘...’ before ‘Display’
  611 |     Display*            /* display */,
      |     ^~~~~~~
/usr/include/X11/Xutil.h:612:5: error: unknown type name ‘Window’; did you mean ‘GtkWindow’?
  612 |     Window              /* w */,
      |     ^~~~~~
      |     GtkWindow
/usr/include/X11/Xutil.h:613:5: error: expected declaration specifiers or ‘...’ before ‘XSizeHints’
  613 |     XSizeHints*         /* hints */,
      |     ^~~~~~~~~~
/usr/include/X11/Xutil.h:614:5: error: expected declaration specifiers or ‘...’ before ‘Atom’
  614 |     Atom                /* property */
      |     ^~~~
/usr/include/X11/Xutil.h:618:5: error: expected declaration specifiers or ‘...’ before ‘Display’
  618 |     Display*            /* display */,
      |     ^~~~~~~
/usr/include/X11/Xutil.h:619:5: error: unknown type name ‘Window’; did you mean ‘GtkWindow’?
  619 |     Window              /* w */,
      |     ^~~~~~
      |     GtkWindow
/usr/include/X11/Xutil.h:622:5: error: unknown type name ‘Pixmap’; did you mean ‘ZPixmap’?
  622 |     Pixmap              /* icon_pixmap */,
      |     ^~~~~~
      |     ZPixmap
/usr/include/X11/Xutil.h:625:5: error: expected declaration specifiers or ‘...’ before ‘XSizeHints’
  625 |     XSizeHints*         /* hints */
      |     ^~~~~~~~~~
/usr/include/X11/Xutil.h:629:5: error: expected declaration specifiers or ‘...’ before ‘Display’
  629 |     Display*            /* display */,
      |     ^~~~~~~
/usr/include/X11/Xutil.h:630:5: error: unknown type name ‘Window’; did you mean ‘GtkWindow’?
  630 |     Window              /* w */,
      |     ^~~~~~
      |     GtkWindow
/usr/include/X11/Xutil.h:631:5: error: expected declaration specifiers or ‘...’ before ‘XTextProperty’
  631 |     XTextProperty*      /* text_prop */,
      |     ^~~~~~~~~~~~~
/usr/include/X11/Xutil.h:632:5: error: expected declaration specifiers or ‘...’ before ‘Atom’
  632 |     Atom                /* property */
      |     ^~~~
/usr/include/X11/Xutil.h:636:5: error: expected declaration specifiers or ‘...’ before ‘Display’
  636 |     Display*            /* display */,
      |     ^~~~~~~
/usr/include/X11/Xutil.h:637:5: error: unknown type name ‘Window’; did you mean ‘GtkWindow’?
  637 |     Window              /* w */,
      |     ^~~~~~
      |     GtkWindow
/usr/include/X11/Xutil.h:638:5: error: expected declaration specifiers or ‘...’ before ‘XTextProperty’
  638 |     XTextProperty*      /* text_prop */
      |     ^~~~~~~~~~~~~
/usr/include/X11/Xutil.h:642:5: error: expected declaration specifiers or ‘...’ before ‘Display’
  642 |     Display*            /* display */,
      |     ^~~~~~~
/usr/include/X11/Xutil.h:643:5: error: unknown type name ‘Window’; did you mean ‘GtkWindow’?
  643 |     Window              /* w */,
      |     ^~~~~~
      |     GtkWindow
/usr/include/X11/Xutil.h:644:5: error: expected declaration specifiers or ‘...’ before ‘XWMHints’
  644 |     XWMHints*           /* wm_hints */
      |     ^~~~~~~~
/usr/include/X11/Xutil.h:648:5: error: expected declaration specifiers or ‘...’ before ‘Display’
  648 |     Display*            /* display */,
      |     ^~~~~~~
/usr/include/X11/Xutil.h:649:5: error: unknown type name ‘Window’; did you mean ‘GtkWindow’?
  649 |     Window              /* w */,
      |     ^~~~~~
      |     GtkWindow
/usr/include/X11/Xutil.h:650:5: error: expected declaration specifiers or ‘...’ before ‘XTextProperty’
  650 |     XTextProperty*      /* text_prop */
      |     ^~~~~~~~~~~~~
/usr/include/X11/Xutil.h:654:5: error: expected declaration specifiers or ‘...’ before ‘Display’
  654 |     Display*            /* display */,
      |     ^~~~~~~
/usr/include/X11/Xutil.h:655:5: error: unknown type name ‘Window’; did you mean ‘GtkWindow’?
  655 |     Window              /* w */,
      |     ^~~~~~
      |     GtkWindow
/usr/include/X11/Xutil.h:656:5: error: expected declaration specifiers or ‘...’ before ‘XTextProperty’
  656 |     XTextProperty*      /* text_prop */
      |     ^~~~~~~~~~~~~
/usr/include/X11/Xutil.h:660:5: error: expected declaration specifiers or ‘...’ before ‘Display’
  660 |     Display*            /* display */,
      |     ^~~~~~~
/usr/include/X11/Xutil.h:661:5: error: unknown type name ‘Window’; did you mean ‘GtkWindow’?
  661 |     Window              /* w */,
      |     ^~~~~~
      |     GtkWindow
/usr/include/X11/Xutil.h:662:5: error: expected declaration specifiers or ‘...’ before ‘XSizeHints’
  662 |     XSizeHints*         /* hints */
      |     ^~~~~~~~~~
/usr/include/X11/Xutil.h:666:5: error: expected declaration specifiers or ‘...’ before ‘Display’
  666 |     Display*            /* display */,
      |     ^~~~~~~
/usr/include/X11/Xutil.h:667:5: error: unknown type name ‘Window’; did you mean ‘GtkWindow’?
  667 |     Window              /* w */,
      |     ^~~~~~
      |     GtkWindow
/usr/include/X11/Xutil.h:668:5: error: expected declaration specifiers or ‘...’ before ‘XTextProperty’
  668 |     XTextProperty*      /* window_name */,
      |     ^~~~~~~~~~~~~
/usr/include/X11/Xutil.h:669:5: error: expected declaration specifiers or ‘...’ before ‘XTextProperty’
  669 |     XTextProperty*      /* icon_name */,
      |     ^~~~~~~~~~~~~
/usr/include/X11/Xutil.h:672:5: error: expected declaration specifiers or ‘...’ before ‘XSizeHints’
  672 |     XSizeHints*         /* normal_hints */,
      |     ^~~~~~~~~~
/usr/include/X11/Xutil.h:673:5: error: expected declaration specifiers or ‘...’ before ‘XWMHints’
  673 |     XWMHints*           /* wm_hints */,
      |     ^~~~~~~~
/usr/include/X11/Xutil.h:674:5: error: expected declaration specifiers or ‘...’ before ‘XClassHint’
  674 |     XClassHint*         /* class_hints */
      |     ^~~~~~~~~~
/usr/include/X11/Xutil.h:678:5: error: expected declaration specifiers or ‘...’ before ‘Display’
  678 |     Display*            /* display */,
      |     ^~~~~~~
/usr/include/X11/Xutil.h:679:5: error: unknown type name ‘Window’; did you mean ‘GtkWindow’?
  679 |     Window              /* w */,
      |     ^~~~~~
      |     GtkWindow
/usr/include/X11/Xutil.h:684:5: error: expected declaration specifiers or ‘...’ before ‘XSizeHints’
  684 |     XSizeHints*         /* normal_hints */,
      |     ^~~~~~~~~~
/usr/include/X11/Xutil.h:685:5: error: expected declaration specifiers or ‘...’ before ‘XWMHints’
  685 |     XWMHints*           /* wm_hints */,
      |     ^~~~~~~~
/usr/include/X11/Xutil.h:686:5: error: expected declaration specifiers or ‘...’ before ‘XClassHint’
  686 |     XClassHint*         /* class_hints */
      |     ^~~~~~~~~~
/usr/include/X11/Xutil.h:690:5: error: expected declaration specifiers or ‘...’ before ‘Display’
  690 |     Display*            /* display */,
      |     ^~~~~~~
/usr/include/X11/Xutil.h:691:5: error: unknown type name ‘Window’; did you mean ‘GtkWindow’?
  691 |     Window              /* w */,
      |     ^~~~~~
      |     GtkWindow
/usr/include/X11/Xutil.h:696:5: error: expected declaration specifiers or ‘...’ before ‘XSizeHints’
  696 |     XSizeHints*         /* normal_hints */,
      |     ^~~~~~~~~~
/usr/include/X11/Xutil.h:697:5: error: expected declaration specifiers or ‘...’ before ‘XWMHints’
  697 |     XWMHints*           /* wm_hints */,
      |     ^~~~~~~~
/usr/include/X11/Xutil.h:698:5: error: expected declaration specifiers or ‘...’ before ‘XClassHint’
  698 |     XClassHint*         /* class_hints */
      |     ^~~~~~~~~~
/usr/include/X11/Xutil.h:702:5: error: expected declaration specifiers or ‘...’ before ‘Display’
  702 |     Display*            /* display */,
      |     ^~~~~~~
/usr/include/X11/Xutil.h:703:5: error: unknown type name ‘Window’; did you mean ‘GtkWindow’?
  703 |     Window              /* w */,
      |     ^~~~~~
      |     GtkWindow
/usr/include/X11/Xutil.h:704:5: error: expected declaration specifiers or ‘...’ before ‘XSizeHints’
  704 |     XSizeHints*         /* hints */,
      |     ^~~~~~~~~~
/usr/include/X11/Xutil.h:705:5: error: expected declaration specifiers or ‘...’ before ‘Atom’
  705 |     Atom                /* property */
      |     ^~~~
/usr/include/X11/Xutil.h:709:5: error: expected declaration specifiers or ‘...’ before ‘Display’
  709 |     Display*            /* display */,
      |     ^~~~~~~
/usr/include/X11/Xutil.h:710:5: error: expected declaration specifiers or ‘...’ before ‘GC’
  710 |     GC                  /* gc */,
      |     ^~
/usr/include/X11/Xutil.h:711:5: error: expected declaration specifiers or ‘...’ before ‘Region’
  711 |     Region              /* r */
      |     ^~~~~~
/usr/include/X11/Xutil.h:715:5: error: expected declaration specifiers or ‘...’ before ‘Display’
  715 |     Display*            /* display */,
      |     ^~~~~~~
/usr/include/X11/Xutil.h:716:5: error: unknown type name ‘Window’; did you mean ‘GtkWindow’?
  716 |     Window              /* w */,
      |     ^~~~~~
      |     GtkWindow
/usr/include/X11/Xutil.h:717:5: error: expected declaration specifiers or ‘...’ before ‘XStandardColormap’
  717 |     XStandardColormap*  /* colormap */,
      |     ^~~~~~~~~~~~~~~~~
/usr/include/X11/Xutil.h:718:5: error: expected declaration specifiers or ‘...’ before ‘Atom’
  718 |     Atom                /* property */
      |     ^~~~
/usr/include/X11/Xutil.h:722:5: error: expected declaration specifiers or ‘...’ before ‘Display’
  722 |     Display*            /* display */,
      |     ^~~~~~~
/usr/include/X11/Xutil.h:723:5: error: unknown type name ‘Window’; did you mean ‘GtkWindow’?
  723 |     Window              /* w */,
      |     ^~~~~~
      |     GtkWindow
/usr/include/X11/Xutil.h:724:5: error: expected declaration specifiers or ‘...’ before ‘XSizeHints’
  724 |     XSizeHints*         /* zhints */
      |     ^~~~~~~~~~
/usr/include/X11/Xutil.h:728:33: error: expected ‘)’ before ‘int’
  728 |     Region              /* r */,
      |                                 ^
      |                                 )
  729 |     int                 /* dx */,
      |     ~~~                          
/usr/include/X11/Xutil.h:736:5: error: expected declaration specifiers or ‘...’ before ‘XTextProperty’
  736 |     XTextProperty*      /* text_prop_return */
      |     ^~~~~~~~~~~~~
/usr/include/X11/Xutil.h:739:12: error: storage class specified for parameter ‘XSubtractRegion’
  739 | extern int XSubtractRegion(
      |            ^~~~~~~~~~~~~~~
/usr/include/X11/Xutil.h:743:1: error: parameter names (without types) in function declaration [-Wdeclaration-missing-parameter-type]
  743 | );
      | ^
/usr/include/X11/Xutil.h:746:5: error: expected declaration specifiers or ‘...’ before ‘Display’
  746 |     Display*            display,
      |     ^~~~~~~
/usr/include/X11/Xutil.h:749:5: error: expected declaration specifiers or ‘...’ before ‘XICCEncodingStyle’
  749 |     XICCEncodingStyle   style,
      |     ^~~~~~~~~~~~~~~~~
/usr/include/X11/Xutil.h:750:5: error: expected declaration specifiers or ‘...’ before ‘XTextProperty’
  750 |     XTextProperty*      text_prop_return
      |     ^~~~~~~~~~~~~
/usr/include/X11/Xutil.h:754:5: error: expected declaration specifiers or ‘...’ before ‘Display’
  754 |     Display*            display,
      |     ^~~~~~~
/usr/include/X11/Xutil.h:757:5: error: expected declaration specifiers or ‘...’ before ‘XICCEncodingStyle’
  757 |     XICCEncodingStyle   style,
      |     ^~~~~~~~~~~~~~~~~
/usr/include/X11/Xutil.h:758:5: error: expected declaration specifiers or ‘...’ before ‘XTextProperty’
  758 |     XTextProperty*      text_prop_return
      |     ^~~~~~~~~~~~~
/usr/include/X11/Xutil.h:762:5: error: expected declaration specifiers or ‘...’ before ‘Display’
  762 |     Display*            display,
      |     ^~~~~~~
/usr/include/X11/Xutil.h:765:5: error: expected declaration specifiers or ‘...’ before ‘XICCEncodingStyle’
  765 |     XICCEncodingStyle   style,
      |     ^~~~~~~~~~~~~~~~~
/usr/include/X11/Xutil.h:766:5: error: expected declaration specifiers or ‘...’ before ‘XTextProperty’
  766 |     XTextProperty*      text_prop_return
      |     ^~~~~~~~~~~~~
/usr/include/X11/Xutil.h:769:13: error: storage class specified for parameter ‘XwcFreeStringList’
  769 | extern void XwcFreeStringList(
      |             ^~~~~~~~~~~~~~~~~
/usr/include/X11/Xutil.h:774:5: error: expected declaration specifiers or ‘...’ before ‘XTextProperty’
  774 |     XTextProperty*      /* text_prop */,
      |     ^~~~~~~~~~~~~
/usr/include/X11/Xutil.h:780:5: error: expected declaration specifiers or ‘...’ before ‘Display’
  780 |     Display*            display,
      |     ^~~~~~~
/usr/include/X11/Xutil.h:781:11: error: type defaults to ‘int’ in declaration of ‘XTextProperty’ [-Wimplicit-int]
  781 |     const XTextProperty* text_prop,
      |           ^~~~~~~~~~~~~
/usr/include/X11/Xutil.h:781:24: error: expected ‘;’, ‘,’ or ‘)’ before ‘*’ token
  781 |     const XTextProperty* text_prop,
      |                        ^
/usr/include/X11/Xutil.h:787:5: error: expected declaration specifiers or ‘...’ before ‘Display’
  787 |     Display*            display,
      |     ^~~~~~~
/usr/include/X11/Xutil.h:788:11: error: type defaults to ‘int’ in declaration of ‘XTextProperty’ [-Wimplicit-int]
  788 |     const XTextProperty* text_prop,
      |           ^~~~~~~~~~~~~
/usr/include/X11/Xutil.h:788:24: error: expected ‘;’, ‘,’ or ‘)’ before ‘*’ token
  788 |     const XTextProperty* text_prop,
      |                        ^
/usr/include/X11/Xutil.h:794:5: error: expected declaration specifiers or ‘...’ before ‘Display’
  794 |     Display*            display,
      |     ^~~~~~~
/usr/include/X11/Xutil.h:795:11: error: type defaults to ‘int’ in declaration of ‘XTextProperty’ [-Wimplicit-int]
  795 |     const XTextProperty* text_prop,
      |           ^~~~~~~~~~~~~
/usr/include/X11/Xutil.h:795:24: error: expected ‘;’, ‘,’ or ‘)’ before ‘*’ token
  795 |     const XTextProperty* text_prop,
      |                        ^
/usr/include/X11/Xutil.h:801:5: error: expected declaration specifiers or ‘...’ before ‘XRectangle’
  801 |     XRectangle*         /* rectangle */,
      |     ^~~~~~~~~~
/usr/include/X11/Xutil.h:802:5: error: expected declaration specifiers or ‘...’ before ‘Region’
  802 |     Region              /* src_region */,
      |     ^~~~~~
/usr/include/X11/Xutil.h:803:5: error: expected declaration specifiers or ‘...’ before ‘Region’
  803 |     Region              /* dest_region_return */
      |     ^~~~~~
/usr/include/X11/Xutil.h:806:12: error: storage class specified for parameter ‘XUnionRegion’
  806 | extern int XUnionRegion(
      |            ^~~~~~~~~~~~
/usr/include/X11/Xutil.h:810:1: error: parameter names (without types) in function declaration [-Wdeclaration-missing-parameter-type]
  810 | );
      | ^
/usr/include/X11/Xutil.h:813:5: error: expected declaration specifiers or ‘...’ before ‘Display’
  813 |     Display*            /* display */,
      |     ^~~~~~~
/usr/include/X11/Xutil.h:818:5: error: expected declaration specifiers or ‘...’ before ‘XSizeHints’
  818 |     XSizeHints*         /* hints */,
      |     ^~~~~~~~~~
/usr/include/X11/Xutil.h:826:12: error: storage class specified for parameter ‘XXorRegion’
  826 | extern int XXorRegion(
      |            ^~~~~~~~~~
/usr/include/X11/Xutil.h:830:1: error: parameter names (without types) in function declaration [-Wdeclaration-missing-parameter-type]
  830 | );
      | ^
In file included from /usr/include/gtk-4.0/gdk/x11/gdkx.h:38:
/usr/include/gtk-4.0/gdk/x11/gdkx11applaunchcontext.h:38:29: error: storage class specified for parameter ‘GdkX11AppLaunchContext’
   38 | typedef GdkAppLaunchContext GdkX11AppLaunchContext;
      |                             ^~~~~~~~~~~~~~~~~~~~~~
/usr/include/gtk-4.0/gdk/x11/gdkx11applaunchcontext.h:40:45: error: storage class specified for parameter ‘GdkX11AppLaunchContextClass’
   40 | typedef struct _GdkX11AppLaunchContextClass GdkX11AppLaunchContextClass;
      |                                             ^~~~~~~~~~~~~~~~~~~~~~~~~~~
/usr/include/gtk-4.0/gdk/x11/gdkx11applaunchcontext.h:43:10: error: storage class specified for parameter ‘gdk_x11_app_launch_context_get_type’
   43 | GType    gdk_x11_app_launch_context_get_type (void);
      |          ^~~~~~~~~~~~~~~~~~~~~~~~~~~~~~~~~~~
In file included from /usr/lib64/glib-2.0/include/glibconfig.h:9,
                 from /usr/include/glib-2.0/glib/gtypes.h:34,
                 from /usr/include/glib-2.0/glib/galloca.h:34,
                 from /usr/include/glib-2.0/glib.h:32,
                 from /usr/include/gtk-4.0/gdk/gdktypes.h:33,
                 from /usr/include/gtk-4.0/gdk/gdkapplaunchcontext.h:27,
                 from /usr/include/gtk-4.0/gdk/gdk.h:29,
                 from /usr/include/gtk-4.0/gdk/wayland/gdkwayland.h:31,
                 from src/main.c:7:
/usr/include/glib-2.0/glib/gmacros.h:1303:22: error: expected declaration specifiers before ‘__attribute__’
 1303 | #define G_DEPRECATED __attribute__((__deprecated__))
      |                      ^~~~~~~~~~~~~
/usr/include/gtk-4.0/gdk/version/gdk-visibility.h:30:24: note: in expansion of macro ‘G_DEPRECATED’
   30 | #define GDK_DEPRECATED G_DEPRECATED _GDK_EXTERN
      |                        ^~~~~~~~~~~~
/usr/include/gtk-4.0/gdk/version/gdk-visibility.h:343:32: note: in expansion of macro ‘GDK_DEPRECATED’
  343 | #define GDK_DEPRECATED_IN_4_18 GDK_DEPRECATED
      |                                ^~~~~~~~~~~~~~
/usr/include/gtk-4.0/gdk/x11/gdkx11device.h:28:1: note: in expansion of macro ‘GDK_DEPRECATED_IN_4_18’
   28 | GDK_DEPRECATED_IN_4_18
      | ^~~~~~~~~~~~~~~~~~~~~~
In file included from /usr/include/gtk-4.0/gdk/x11/gdkx.h:40:
/usr/include/gtk-4.0/gdk/x11/gdkx11device-xi2.h:31:33: error: storage class specified for parameter ‘GdkX11DeviceXI2’
   31 | typedef struct _GdkX11DeviceXI2 GdkX11DeviceXI2;
      |                                 ^~~~~~~~~~~~~~~
/usr/include/gtk-4.0/gdk/x11/gdkx11device-xi2.h:32:38: error: storage class specified for parameter ‘GdkX11DeviceXI2Class’
   32 | typedef struct _GdkX11DeviceXI2Class GdkX11DeviceXI2Class;
      |                                      ^~~~~~~~~~~~~~~~~~~~
/usr/include/gtk-4.0/gdk/x11/gdkx11device-xi2.h:38:3: error: storage class specified for parameter ‘GdkX11DeviceType’
   38 | } GdkX11DeviceType;
      |   ^~~~~~~~~~~~~~~~
/usr/include/gtk-4.0/gdk/x11/gdkx11device-xi2.h:41:7: error: storage class specified for parameter ‘gdk_x11_device_xi2_get_type’
   41 | GType gdk_x11_device_xi2_get_type (void) G_GNUC_CONST;
      |       ^~~~~~~~~~~~~~~~~~~~~~~~~~~
In file included from /usr/include/gtk-4.0/gdk/x11/gdkx11devicemanager.h:25,
                 from /usr/include/gtk-4.0/gdk/x11/gdkx.h:41:
/usr/include/gtk-4.0/gdk/x11/gdkx11devicemanager-xi2.h:31:40: error: storage class specified for parameter ‘GdkX11DeviceManagerXI2’
   31 | typedef struct _GdkX11DeviceManagerXI2 GdkX11DeviceManagerXI2;
      |                                        ^~~~~~~~~~~~~~~~~~~~~~
/usr/include/gtk-4.0/gdk/x11/gdkx11devicemanager-xi2.h:32:45: error: storage class specified for parameter ‘GdkX11DeviceManagerXI2Class’
   32 | typedef struct _GdkX11DeviceManagerXI2Class GdkX11DeviceManagerXI2Class;
      |                                             ^~~~~~~~~~~~~~~~~~~~~~~~~~~
/usr/include/gtk-4.0/gdk/x11/gdkx11devicemanager-xi2.h:36:7: error: storage class specified for parameter ‘gdk_x11_device_manager_xi2_get_type’
   36 | GType gdk_x11_device_manager_xi2_get_type (void) G_GNUC_CONST;
      |       ^~~~~~~~~~~~~~~~~~~~~~~~~~~~~~~~~~~
/usr/include/glib-2.0/glib/gmacros.h:1303:22: error: expected declaration specifiers before ‘__attribute__’
 1303 | #define G_DEPRECATED __attribute__((__deprecated__))
      |                      ^~~~~~~~~~~~~
/usr/include/gtk-4.0/gdk/version/gdk-visibility.h:30:24: note: in expansion of macro ‘G_DEPRECATED’
   30 | #define GDK_DEPRECATED G_DEPRECATED _GDK_EXTERN
      |                        ^~~~~~~~~~~~
/usr/include/gtk-4.0/gdk/version/gdk-visibility.h:343:32: note: in expansion of macro ‘GDK_DEPRECATED’
  343 | #define GDK_DEPRECATED_IN_4_18 GDK_DEPRECATED
      |                                ^~~~~~~~~~~~~~
/usr/include/gtk-4.0/gdk/x11/gdkx11devicemanager.h:32:1: note: in expansion of macro ‘GDK_DEPRECATED_IN_4_18’
   32 | GDK_DEPRECATED_IN_4_18
      | ^~~~~~~~~~~~~~~~~~~~~~
In file included from /usr/include/gtk-4.0/gdk/x11/gdkx11display.h:32,
                 from /usr/include/gtk-4.0/gdk/x11/gdkx.h:43:
/usr/include/gtk-4.0/gdk/x11/gdkx11screen.h:45:30: error: storage class specified for parameter ‘GdkX11Screen’
   45 | typedef struct _GdkX11Screen GdkX11Screen;
      |                              ^~~~~~~~~~~~
/usr/include/gtk-4.0/gdk/x11/gdkx11screen.h:46:35: error: storage class specified for parameter ‘GdkX11ScreenClass’
   46 | typedef struct _GdkX11ScreenClass GdkX11ScreenClass;
      |                                   ^~~~~~~~~~~~~~~~~
/usr/include/gtk-4.0/gdk/x11/gdkx11screen.h:49:10: error: storage class specified for parameter ‘gdk_x11_screen_get_type’
   49 | GType    gdk_x11_screen_get_type          (void);
      |          ^~~~~~~~~~~~~~~~~~~~~~~
/usr/include/glib-2.0/glib/gmacros.h:1303:22: error: expected declaration specifiers before ‘__attribute__’
 1303 | #define G_DEPRECATED __attribute__((__deprecated__))
      |                      ^~~~~~~~~~~~~
/usr/include/gtk-4.0/gdk/version/gdk-visibility.h:30:24: note: in expansion of macro ‘G_DEPRECATED’
   30 | #define GDK_DEPRECATED G_DEPRECATED _GDK_EXTERN
      |                        ^~~~~~~~~~~~
/usr/include/gtk-4.0/gdk/version/gdk-visibility.h:343:32: note: in expansion of macro ‘GDK_DEPRECATED’
  343 | #define GDK_DEPRECATED_IN_4_18 GDK_DEPRECATED
      |                                ^~~~~~~~~~~~~~
/usr/include/gtk-4.0/gdk/x11/gdkx11screen.h:51:1: note: in expansion of macro ‘GDK_DEPRECATED_IN_4_18’
   51 | GDK_DEPRECATED_IN_4_18
      | ^~~~~~~~~~~~~~~~~~~~~~
/usr/include/glib-2.0/glib/gmacros.h:1303:22: error: expected declaration specifiers before ‘__attribute__’
 1303 | #define G_DEPRECATED __attribute__((__deprecated__))
      |                      ^~~~~~~~~~~~~
/usr/include/gtk-4.0/gdk/version/gdk-visibility.h:30:24: note: in expansion of macro ‘G_DEPRECATED’
   30 | #define GDK_DEPRECATED G_DEPRECATED _GDK_EXTERN
      |                        ^~~~~~~~~~~~
/usr/include/gtk-4.0/gdk/version/gdk-visibility.h:343:32: note: in expansion of macro ‘GDK_DEPRECATED’
  343 | #define GDK_DEPRECATED_IN_4_18 GDK_DEPRECATED
      |                                ^~~~~~~~~~~~~~
/usr/include/gtk-4.0/gdk/x11/gdkx11screen.h:53:1: note: in expansion of macro ‘GDK_DEPRECATED_IN_4_18’
   53 | GDK_DEPRECATED_IN_4_18
      | ^~~~~~~~~~~~~~~~~~~~~~
/usr/include/glib-2.0/glib/gmacros.h:1303:22: error: expected declaration specifiers before ‘__attribute__’
 1303 | #define G_DEPRECATED __attribute__((__deprecated__))
      |                      ^~~~~~~~~~~~~
/usr/include/gtk-4.0/gdk/version/gdk-visibility.h:30:24: note: in expansion of macro ‘G_DEPRECATED’
   30 | #define GDK_DEPRECATED G_DEPRECATED _GDK_EXTERN
      |                        ^~~~~~~~~~~~
/usr/include/gtk-4.0/gdk/version/gdk-visibility.h:343:32: note: in expansion of macro ‘GDK_DEPRECATED’
  343 | #define GDK_DEPRECATED_IN_4_18 GDK_DEPRECATED
      |                                ^~~~~~~~~~~~~~
/usr/include/gtk-4.0/gdk/x11/gdkx11screen.h:56:1: note: in expansion of macro ‘GDK_DEPRECATED_IN_4_18’
   56 | GDK_DEPRECATED_IN_4_18
      | ^~~~~~~~~~~~~~~~~~~~~~
/usr/include/glib-2.0/glib/gmacros.h:1303:22: error: expected declaration specifiers before ‘__attribute__’
 1303 | #define G_DEPRECATED __attribute__((__deprecated__))
      |                      ^~~~~~~~~~~~~
/usr/include/gtk-4.0/gdk/version/gdk-visibility.h:30:24: note: in expansion of macro ‘G_DEPRECATED’
   30 | #define GDK_DEPRECATED G_DEPRECATED _GDK_EXTERN
      |                        ^~~~~~~~~~~~
/usr/include/gtk-4.0/gdk/version/gdk-visibility.h:343:32: note: in expansion of macro ‘GDK_DEPRECATED’
  343 | #define GDK_DEPRECATED_IN_4_18 GDK_DEPRECATED
      |                                ^~~~~~~~~~~~~~
/usr/include/gtk-4.0/gdk/x11/gdkx11screen.h:59:1: note: in expansion of macro ‘GDK_DEPRECATED_IN_4_18’
   59 | GDK_DEPRECATED_IN_4_18
      | ^~~~~~~~~~~~~~~~~~~~~~
/usr/include/glib-2.0/glib/gmacros.h:1303:22: error: expected declaration specifiers before ‘__attribute__’
 1303 | #define G_DEPRECATED __attribute__((__deprecated__))
      |                      ^~~~~~~~~~~~~
/usr/include/gtk-4.0/gdk/version/gdk-visibility.h:30:24: note: in expansion of macro ‘G_DEPRECATED’
   30 | #define GDK_DEPRECATED G_DEPRECATED _GDK_EXTERN
      |                        ^~~~~~~~~~~~
/usr/include/gtk-4.0/gdk/version/gdk-visibility.h:343:32: note: in expansion of macro ‘GDK_DEPRECATED’
  343 | #define GDK_DEPRECATED_IN_4_18 GDK_DEPRECATED
      |                                ^~~~~~~~~~~~~~
/usr/include/gtk-4.0/gdk/x11/gdkx11screen.h:63:1: note: in expansion of macro ‘GDK_DEPRECATED_IN_4_18’
   63 | GDK_DEPRECATED_IN_4_18
      | ^~~~~~~~~~~~~~~~~~~~~~
/usr/include/glib-2.0/glib/gmacros.h:1303:22: error: expected declaration specifiers before ‘__attribute__’
 1303 | #define G_DEPRECATED __attribute__((__deprecated__))
      |                      ^~~~~~~~~~~~~
/usr/include/gtk-4.0/gdk/version/gdk-visibility.h:30:24: note: in expansion of macro ‘G_DEPRECATED’
   30 | #define GDK_DEPRECATED G_DEPRECATED _GDK_EXTERN
      |                        ^~~~~~~~~~~~
/usr/include/gtk-4.0/gdk/version/gdk-visibility.h:343:32: note: in expansion of macro ‘GDK_DEPRECATED’
  343 | #define GDK_DEPRECATED_IN_4_18 GDK_DEPRECATED
      |                                ^~~~~~~~~~~~~~
/usr/include/gtk-4.0/gdk/x11/gdkx11screen.h:67:1: note: in expansion of macro ‘GDK_DEPRECATED_IN_4_18’
   67 | GDK_DEPRECATED_IN_4_18
      | ^~~~~~~~~~~~~~~~~~~~~~
/usr/include/glib-2.0/glib/gmacros.h:1303:22: error: expected declaration specifiers before ‘__attribute__’
 1303 | #define G_DEPRECATED __attribute__((__deprecated__))
      |                      ^~~~~~~~~~~~~
/usr/include/gtk-4.0/gdk/version/gdk-visibility.h:30:24: note: in expansion of macro ‘G_DEPRECATED’
   30 | #define GDK_DEPRECATED G_DEPRECATED _GDK_EXTERN
      |                        ^~~~~~~~~~~~
/usr/include/gtk-4.0/gdk/version/gdk-visibility.h:343:32: note: in expansion of macro ‘GDK_DEPRECATED’
  343 | #define GDK_DEPRECATED_IN_4_18 GDK_DEPRECATED
      |                                ^~~~~~~~~~~~~~
/usr/include/gtk-4.0/gdk/x11/gdkx11screen.h:69:1: note: in expansion of macro ‘GDK_DEPRECATED_IN_4_18’
   69 | GDK_DEPRECATED_IN_4_18
      | ^~~~~~~~~~~~~~~~~~~~~~
/usr/include/gtk-4.0/gdk/x11/gdkx11display.h:42:20: error: storage class specified for parameter ‘GdkX11Display’
   42 | typedef GdkDisplay GdkX11Display;
      |                    ^~~~~~~~~~~~~
/usr/include/gtk-4.0/gdk/x11/gdkx11display.h:44:36: error: storage class specified for parameter ‘GdkX11DisplayClass’
   44 | typedef struct _GdkX11DisplayClass GdkX11DisplayClass;
      |                                    ^~~~~~~~~~~~~~~~~~
/usr/include/gtk-4.0/gdk/x11/gdkx11display.h:54:12: error: storage class specified for parameter ‘gdk_x11_display_get_type’
   54 | GType      gdk_x11_display_get_type            (void);
      |            ^~~~~~~~~~~~~~~~~~~~~~~~
/usr/include/glib-2.0/glib/gmacros.h:1303:22: error: expected declaration specifiers before ‘__attribute__’
 1303 | #define G_DEPRECATED __attribute__((__deprecated__))
      |                      ^~~~~~~~~~~~~
/usr/include/gtk-4.0/gdk/version/gdk-visibility.h:30:24: note: in expansion of macro ‘G_DEPRECATED’
   30 | #define GDK_DEPRECATED G_DEPRECATED _GDK_EXTERN
      |                        ^~~~~~~~~~~~
/usr/include/gtk-4.0/gdk/version/gdk-visibility.h:343:32: note: in expansion of macro ‘GDK_DEPRECATED’
  343 | #define GDK_DEPRECATED_IN_4_18 GDK_DEPRECATED
      |                                ^~~~~~~~~~~~~~
/usr/include/gtk-4.0/gdk/x11/gdkx11display.h:56:1: note: in expansion of macro ‘GDK_DEPRECATED_IN_4_18’
   56 | GDK_DEPRECATED_IN_4_18
      | ^~~~~~~~~~~~~~~~~~~~~~
/usr/include/glib-2.0/glib/gmacros.h:1303:22: error: expected declaration specifiers before ‘__attribute__’
 1303 | #define G_DEPRECATED __attribute__((__deprecated__))
      |                      ^~~~~~~~~~~~~
/usr/include/gtk-4.0/gdk/version/gdk-visibility.h:30:24: note: in expansion of macro ‘G_DEPRECATED’
   30 | #define GDK_DEPRECATED G_DEPRECATED _GDK_EXTERN
      |                        ^~~~~~~~~~~~
/usr/include/gtk-4.0/gdk/version/gdk-visibility.h:343:32: note: in expansion of macro ‘GDK_DEPRECATED’
  343 | #define GDK_DEPRECATED_IN_4_18 GDK_DEPRECATED
      |                                ^~~~~~~~~~~~~~
/usr/include/gtk-4.0/gdk/x11/gdkx11display.h:59:1: note: in expansion of macro ‘GDK_DEPRECATED_IN_4_18’
   59 | GDK_DEPRECATED_IN_4_18
      | ^~~~~~~~~~~~~~~~~~~~~~
/usr/include/glib-2.0/glib/gmacros.h:1303:22: error: expected declaration specifiers before ‘__attribute__’
 1303 | #define G_DEPRECATED __attribute__((__deprecated__))
      |                      ^~~~~~~~~~~~~
/usr/include/gtk-4.0/gdk/version/gdk-visibility.h:30:24: note: in expansion of macro ‘G_DEPRECATED’
   30 | #define GDK_DEPRECATED G_DEPRECATED _GDK_EXTERN
      |                        ^~~~~~~~~~~~
/usr/include/gtk-4.0/gdk/version/gdk-visibility.h:343:32: note: in expansion of macro ‘GDK_DEPRECATED’
  343 | #define GDK_DEPRECATED_IN_4_18 GDK_DEPRECATED
      |                                ^~~~~~~~~~~~~~
/usr/include/gtk-4.0/gdk/x11/gdkx11display.h:61:1: note: in expansion of macro ‘GDK_DEPRECATED_IN_4_18’
   61 | GDK_DEPRECATED_IN_4_18
      | ^~~~~~~~~~~~~~~~~~~~~~
/usr/include/glib-2.0/glib/gmacros.h:1303:22: error: expected declaration specifiers before ‘__attribute__’
 1303 | #define G_DEPRECATED __attribute__((__deprecated__))
      |                      ^~~~~~~~~~~~~
/usr/include/gtk-4.0/gdk/version/gdk-visibility.h:30:24: note: in expansion of macro ‘G_DEPRECATED’
   30 | #define GDK_DEPRECATED G_DEPRECATED _GDK_EXTERN
      |                        ^~~~~~~~~~~~
/usr/include/gtk-4.0/gdk/version/gdk-visibility.h:343:32: note: in expansion of macro ‘GDK_DEPRECATED’
  343 | #define GDK_DEPRECATED_IN_4_18 GDK_DEPRECATED
      |                                ^~~~~~~~~~~~~~
/usr/include/gtk-4.0/gdk/x11/gdkx11display.h:63:1: note: in expansion of macro ‘GDK_DEPRECATED_IN_4_18’
   63 | GDK_DEPRECATED_IN_4_18
      | ^~~~~~~~~~~~~~~~~~~~~~
/usr/include/glib-2.0/glib/gmacros.h:1303:22: error: expected declaration specifiers before ‘__attribute__’
 1303 | #define G_DEPRECATED __attribute__((__deprecated__))
      |                      ^~~~~~~~~~~~~
/usr/include/gtk-4.0/gdk/version/gdk-visibility.h:30:24: note: in expansion of macro ‘G_DEPRECATED’
   30 | #define GDK_DEPRECATED G_DEPRECATED _GDK_EXTERN
      |                        ^~~~~~~~~~~~
/usr/include/gtk-4.0/gdk/version/gdk-visibility.h:343:32: note: in expansion of macro ‘GDK_DEPRECATED’
  343 | #define GDK_DEPRECATED_IN_4_18 GDK_DEPRECATED
      |                                ^~~~~~~~~~~~~~
/usr/include/gtk-4.0/gdk/x11/gdkx11display.h:65:1: note: in expansion of macro ‘GDK_DEPRECATED_IN_4_18’
   65 | GDK_DEPRECATED_IN_4_18
      | ^~~~~~~~~~~~~~~~~~~~~~
/usr/include/glib-2.0/glib/gmacros.h:1303:22: error: expected declaration specifiers before ‘__attribute__’
 1303 | #define G_DEPRECATED __attribute__((__deprecated__))
      |                      ^~~~~~~~~~~~~
/usr/include/gtk-4.0/gdk/version/gdk-visibility.h:30:24: note: in expansion of macro ‘G_DEPRECATED’
   30 | #define GDK_DEPRECATED G_DEPRECATED _GDK_EXTERN
      |                        ^~~~~~~~~~~~
/usr/include/gtk-4.0/gdk/version/gdk-visibility.h:343:32: note: in expansion of macro ‘GDK_DEPRECATED’
  343 | #define GDK_DEPRECATED_IN_4_18 GDK_DEPRECATED
      |                                ^~~~~~~~~~~~~~
/usr/include/gtk-4.0/gdk/x11/gdkx11display.h:79:1: note: in expansion of macro ‘GDK_DEPRECATED_IN_4_18’
   79 | GDK_DEPRECATED_IN_4_18
      | ^~~~~~~~~~~~~~~~~~~~~~
/usr/include/glib-2.0/glib/gmacros.h:1303:22: error: expected declaration specifiers before ‘__attribute__’
 1303 | #define G_DEPRECATED __attribute__((__deprecated__))
      |                      ^~~~~~~~~~~~~
/usr/include/gtk-4.0/gdk/version/gdk-visibility.h:30:24: note: in expansion of macro ‘G_DEPRECATED’
   30 | #define GDK_DEPRECATED G_DEPRECATED _GDK_EXTERN
      |                        ^~~~~~~~~~~~
/usr/include/gtk-4.0/gdk/version/gdk-visibility.h:207:32: note: in expansion of macro ‘GDK_DEPRECATED’
  207 | #define GDK_DEPRECATED_IN_4_10 GDK_DEPRECATED
      |                                ^~~~~~~~~~~~~~
/usr/include/gtk-4.0/gdk/x11/gdkx11display.h:82:1: note: in expansion of macro ‘GDK_DEPRECATED_IN_4_10’
   82 | GDK_DEPRECATED_IN_4_10
      | ^~~~~~~~~~~~~~~~~~~~~~
/usr/include/glib-2.0/glib/gmacros.h:1303:22: error: expected declaration specifiers before ‘__attribute__’
 1303 | #define G_DEPRECATED __attribute__((__deprecated__))
      |                      ^~~~~~~~~~~~~
/usr/include/gtk-4.0/gdk/version/gdk-visibility.h:30:24: note: in expansion of macro ‘G_DEPRECATED’
   30 | #define GDK_DEPRECATED G_DEPRECATED _GDK_EXTERN
      |                        ^~~~~~~~~~~~
/usr/include/gtk-4.0/gdk/version/gdk-visibility.h:207:32: note: in expansion of macro ‘GDK_DEPRECATED’
  207 | #define GDK_DEPRECATED_IN_4_10 GDK_DEPRECATED
      |                                ^~~~~~~~~~~~~~
/usr/include/gtk-4.0/gdk/x11/gdkx11display.h:84:1: note: in expansion of macro ‘GDK_DEPRECATED_IN_4_10’
   84 | GDK_DEPRECATED_IN_4_10
      | ^~~~~~~~~~~~~~~~~~~~~~
/usr/include/glib-2.0/glib/gmacros.h:1303:22: error: expected declaration specifiers before ‘__attribute__’
 1303 | #define G_DEPRECATED __attribute__((__deprecated__))
      |                      ^~~~~~~~~~~~~
/usr/include/gtk-4.0/gdk/version/gdk-visibility.h:30:24: note: in expansion of macro ‘G_DEPRECATED’
   30 | #define GDK_DEPRECATED G_DEPRECATED _GDK_EXTERN
      |                        ^~~~~~~~~~~~
/usr/include/gtk-4.0/gdk/version/gdk-visibility.h:343:32: note: in expansion of macro ‘GDK_DEPRECATED’
  343 | #define GDK_DEPRECATED_IN_4_18 GDK_DEPRECATED
      |                                ^~~~~~~~~~~~~~
/usr/include/gtk-4.0/gdk/x11/gdkx11display.h:87:1: note: in expansion of macro ‘GDK_DEPRECATED_IN_4_18’
   87 | GDK_DEPRECATED_IN_4_18
      | ^~~~~~~~~~~~~~~~~~~~~~
/usr/include/glib-2.0/glib/gmacros.h:1303:22: error: expected declaration specifiers before ‘__attribute__’
 1303 | #define G_DEPRECATED __attribute__((__deprecated__))
      |                      ^~~~~~~~~~~~~
/usr/include/gtk-4.0/gdk/version/gdk-visibility.h:30:24: note: in expansion of macro ‘G_DEPRECATED’
   30 | #define GDK_DEPRECATED G_DEPRECATED _GDK_EXTERN
      |                        ^~~~~~~~~~~~
/usr/include/gtk-4.0/gdk/version/gdk-visibility.h:309:32: note: in expansion of macro ‘GDK_DEPRECATED’
  309 | #define GDK_DEPRECATED_IN_4_16 GDK_DEPRECATED
      |                                ^~~~~~~~~~~~~~
/usr/include/gtk-4.0/gdk/x11/gdkx11display.h:91:1: note: in expansion of macro ‘GDK_DEPRECATED_IN_4_16’
   91 | GDK_DEPRECATED_IN_4_16
      | ^~~~~~~~~~~~~~~~~~~~~~
/usr/include/glib-2.0/glib/gmacros.h:1303:22: error: expected declaration specifiers before ‘__attribute__’
 1303 | #define G_DEPRECATED __attribute__((__deprecated__))
      |                      ^~~~~~~~~~~~~
/usr/include/gtk-4.0/gdk/version/gdk-visibility.h:30:24: note: in expansion of macro ‘G_DEPRECATED’
   30 | #define GDK_DEPRECATED G_DEPRECATED _GDK_EXTERN
      |                        ^~~~~~~~~~~~
/usr/include/gtk-4.0/gdk/version/gdk-visibility.h:343:32: note: in expansion of macro ‘GDK_DEPRECATED’
  343 | #define GDK_DEPRECATED_IN_4_18 GDK_DEPRECATED
      |                                ^~~~~~~~~~~~~~
/usr/include/gtk-4.0/gdk/x11/gdkx11display.h:96:1: note: in expansion of macro ‘GDK_DEPRECATED_IN_4_18’
   96 | GDK_DEPRECATED_IN_4_18
      | ^~~~~~~~~~~~~~~~~~~~~~
/usr/include/glib-2.0/glib/gmacros.h:1303:22: error: expected declaration specifiers before ‘__attribute__’
 1303 | #define G_DEPRECATED __attribute__((__deprecated__))
      |                      ^~~~~~~~~~~~~
/usr/include/gtk-4.0/gdk/version/gdk-visibility.h:30:24: note: in expansion of macro ‘G_DEPRECATED’
   30 | #define GDK_DEPRECATED G_DEPRECATED _GDK_EXTERN
      |                        ^~~~~~~~~~~~
/usr/include/gtk-4.0/gdk/version/gdk-visibility.h:343:32: note: in expansion of macro ‘GDK_DEPRECATED’
  343 | #define GDK_DEPRECATED_IN_4_18 GDK_DEPRECATED
      |                                ^~~~~~~~~~~~~~
/usr/include/gtk-4.0/gdk/x11/gdkx11display.h:101:1: note: in expansion of macro ‘GDK_DEPRECATED_IN_4_18’
  101 | GDK_DEPRECATED_IN_4_18
      | ^~~~~~~~~~~~~~~~~~~~~~
/usr/include/glib-2.0/glib/gmacros.h:1303:22: error: expected declaration specifiers before ‘__attribute__’
 1303 | #define G_DEPRECATED __attribute__((__deprecated__))
      |                      ^~~~~~~~~~~~~
/usr/include/gtk-4.0/gdk/version/gdk-visibility.h:30:24: note: in expansion of macro ‘G_DEPRECATED’
   30 | #define GDK_DEPRECATED G_DEPRECATED _GDK_EXTERN
      |                        ^~~~~~~~~~~~
/usr/include/gtk-4.0/gdk/version/gdk-visibility.h:343:32: note: in expansion of macro ‘GDK_DEPRECATED’
  343 | #define GDK_DEPRECATED_IN_4_18 GDK_DEPRECATED
      |                                ^~~~~~~~~~~~~~
/usr/include/gtk-4.0/gdk/x11/gdkx11display.h:104:1: note: in expansion of macro ‘GDK_DEPRECATED_IN_4_18’
  104 | GDK_DEPRECATED_IN_4_18
      | ^~~~~~~~~~~~~~~~~~~~~~
/usr/include/glib-2.0/glib/gmacros.h:1303:22: error: expected declaration specifiers before ‘__attribute__’
 1303 | #define G_DEPRECATED __attribute__((__deprecated__))
      |                      ^~~~~~~~~~~~~
/usr/include/gtk-4.0/gdk/version/gdk-visibility.h:30:24: note: in expansion of macro ‘G_DEPRECATED’
   30 | #define GDK_DEPRECATED G_DEPRECATED _GDK_EXTERN
      |                        ^~~~~~~~~~~~
/usr/include/gtk-4.0/gdk/version/gdk-visibility.h:343:32: note: in expansion of macro ‘GDK_DEPRECATED’
  343 | #define GDK_DEPRECATED_IN_4_18 GDK_DEPRECATED
      |                                ^~~~~~~~~~~~~~
/usr/include/gtk-4.0/gdk/x11/gdkx11display.h:107:1: note: in expansion of macro ‘GDK_DEPRECATED_IN_4_18’
  107 | GDK_DEPRECATED_IN_4_18
      | ^~~~~~~~~~~~~~~~~~~~~~
/usr/include/glib-2.0/glib/gmacros.h:1303:22: error: expected declaration specifiers before ‘__attribute__’
 1303 | #define G_DEPRECATED __attribute__((__deprecated__))
      |                      ^~~~~~~~~~~~~
/usr/include/gtk-4.0/gdk/version/gdk-visibility.h:30:24: note: in expansion of macro ‘G_DEPRECATED’
   30 | #define GDK_DEPRECATED G_DEPRECATED _GDK_EXTERN
      |                        ^~~~~~~~~~~~
/usr/include/gtk-4.0/gdk/version/gdk-visibility.h:343:32: note: in expansion of macro ‘GDK_DEPRECATED’
  343 | #define GDK_DEPRECATED_IN_4_18 GDK_DEPRECATED
      |                                ^~~~~~~~~~~~~~
/usr/include/gtk-4.0/gdk/x11/gdkx11display.h:110:1: note: in expansion of macro ‘GDK_DEPRECATED_IN_4_18’
  110 | GDK_DEPRECATED_IN_4_18
      | ^~~~~~~~~~~~~~~~~~~~~~
/usr/include/glib-2.0/glib/gmacros.h:1303:22: error: expected declaration specifiers before ‘__attribute__’
 1303 | #define G_DEPRECATED __attribute__((__deprecated__))
      |                      ^~~~~~~~~~~~~
/usr/include/gtk-4.0/gdk/version/gdk-visibility.h:30:24: note: in expansion of macro ‘G_DEPRECATED’
   30 | #define GDK_DEPRECATED G_DEPRECATED _GDK_EXTERN
      |                        ^~~~~~~~~~~~
/usr/include/gtk-4.0/gdk/version/gdk-visibility.h:343:32: note: in expansion of macro ‘GDK_DEPRECATED’
  343 | #define GDK_DEPRECATED_IN_4_18 GDK_DEPRECATED
      |                                ^~~~~~~~~~~~~~
/usr/include/gtk-4.0/gdk/x11/gdkx11display.h:112:1: note: in expansion of macro ‘GDK_DEPRECATED_IN_4_18’
  112 | GDK_DEPRECATED_IN_4_18
      | ^~~~~~~~~~~~~~~~~~~~~~
/usr/include/glib-2.0/glib/gmacros.h:1303:22: error: expected declaration specifiers before ‘__attribute__’
 1303 | #define G_DEPRECATED __attribute__((__deprecated__))
      |                      ^~~~~~~~~~~~~
/usr/include/gtk-4.0/gdk/version/gdk-visibility.h:30:24: note: in expansion of macro ‘G_DEPRECATED’
   30 | #define GDK_DEPRECATED G_DEPRECATED _GDK_EXTERN
      |                        ^~~~~~~~~~~~
/usr/include/gtk-4.0/gdk/version/gdk-visibility.h:343:32: note: in expansion of macro ‘GDK_DEPRECATED’
  343 | #define GDK_DEPRECATED_IN_4_18 GDK_DEPRECATED
      |                                ^~~~~~~~~~~~~~
/usr/include/gtk-4.0/gdk/x11/gdkx11display.h:115:1: note: in expansion of macro ‘GDK_DEPRECATED_IN_4_18’
  115 | GDK_DEPRECATED_IN_4_18
      | ^~~~~~~~~~~~~~~~~~~~~~
/usr/include/glib-2.0/glib/gmacros.h:1303:22: error: expected declaration specifiers before ‘__attribute__’
 1303 | #define G_DEPRECATED __attribute__((__deprecated__))
      |                      ^~~~~~~~~~~~~
/usr/include/gtk-4.0/gdk/version/gdk-visibility.h:30:24: note: in expansion of macro ‘G_DEPRECATED’
   30 | #define GDK_DEPRECATED G_DEPRECATED _GDK_EXTERN
      |                        ^~~~~~~~~~~~
/usr/include/gtk-4.0/gdk/version/gdk-visibility.h:343:32: note: in expansion of macro ‘GDK_DEPRECATED’
  343 | #define GDK_DEPRECATED_IN_4_18 GDK_DEPRECATED
      |                                ^~~~~~~~~~~~~~
/usr/include/gtk-4.0/gdk/x11/gdkx11display.h:119:1: note: in expansion of macro ‘GDK_DEPRECATED_IN_4_18’
  119 | GDK_DEPRECATED_IN_4_18
      | ^~~~~~~~~~~~~~~~~~~~~~
/usr/include/glib-2.0/glib/gmacros.h:1303:22: error: expected declaration specifiers before ‘__attribute__’
 1303 | #define G_DEPRECATED __attribute__((__deprecated__))
      |                      ^~~~~~~~~~~~~
/usr/include/gtk-4.0/gdk/version/gdk-visibility.h:30:24: note: in expansion of macro ‘G_DEPRECATED’
   30 | #define GDK_DEPRECATED G_DEPRECATED _GDK_EXTERN
      |                        ^~~~~~~~~~~~
/usr/include/gtk-4.0/gdk/version/gdk-visibility.h:343:32: note: in expansion of macro ‘GDK_DEPRECATED’
  343 | #define GDK_DEPRECATED_IN_4_18 GDK_DEPRECATED
      |                                ^~~~~~~~~~~~~~
/usr/include/gtk-4.0/gdk/x11/gdkx11display.h:122:1: note: in expansion of macro ‘GDK_DEPRECATED_IN_4_18’
  122 | GDK_DEPRECATED_IN_4_18
      | ^~~~~~~~~~~~~~~~~~~~~~
/usr/include/glib-2.0/glib/gmacros.h:1303:22: error: expected declaration specifiers before ‘__attribute__’
 1303 | #define G_DEPRECATED __attribute__((__deprecated__))
      |                      ^~~~~~~~~~~~~
/usr/include/gtk-4.0/gdk/version/gdk-visibility.h:30:24: note: in expansion of macro ‘G_DEPRECATED’
   30 | #define GDK_DEPRECATED G_DEPRECATED _GDK_EXTERN
      |                        ^~~~~~~~~~~~
/usr/include/gtk-4.0/gdk/version/gdk-visibility.h:343:32: note: in expansion of macro ‘GDK_DEPRECATED’
  343 | #define GDK_DEPRECATED_IN_4_18 GDK_DEPRECATED
      |                                ^~~~~~~~~~~~~~
/usr/include/gtk-4.0/gdk/x11/gdkx11display.h:124:1: note: in expansion of macro ‘GDK_DEPRECATED_IN_4_18’
  124 | GDK_DEPRECATED_IN_4_18
      | ^~~~~~~~~~~~~~~~~~~~~~
/usr/include/glib-2.0/glib/gmacros.h:1303:22: error: expected declaration specifiers before ‘__attribute__’
 1303 | #define G_DEPRECATED __attribute__((__deprecated__))
      |                      ^~~~~~~~~~~~~
/usr/include/gtk-4.0/gdk/version/gdk-visibility.h:30:24: note: in expansion of macro ‘G_DEPRECATED’
   30 | #define GDK_DEPRECATED G_DEPRECATED _GDK_EXTERN
      |                        ^~~~~~~~~~~~
/usr/include/gtk-4.0/gdk/version/gdk-visibility.h:343:32: note: in expansion of macro ‘GDK_DEPRECATED’
  343 | #define GDK_DEPRECATED_IN_4_18 GDK_DEPRECATED
      |                                ^~~~~~~~~~~~~~
/usr/include/gtk-4.0/gdk/x11/gdkx11display.h:127:1: note: in expansion of macro ‘GDK_DEPRECATED_IN_4_18’
  127 | GDK_DEPRECATED_IN_4_18
      | ^~~~~~~~~~~~~~~~~~~~~~
/usr/include/glib-2.0/glib/gmacros.h:1303:22: error: expected declaration specifiers before ‘__attribute__’
 1303 | #define G_DEPRECATED __attribute__((__deprecated__))
      |                      ^~~~~~~~~~~~~
/usr/include/gtk-4.0/gdk/version/gdk-visibility.h:30:24: note: in expansion of macro ‘G_DEPRECATED’
   30 | #define GDK_DEPRECATED G_DEPRECATED _GDK_EXTERN
      |                        ^~~~~~~~~~~~
/usr/include/gtk-4.0/gdk/version/gdk-visibility.h:343:32: note: in expansion of macro ‘GDK_DEPRECATED’
  343 | #define GDK_DEPRECATED_IN_4_18 GDK_DEPRECATED
      |                                ^~~~~~~~~~~~~~
/usr/include/gtk-4.0/gdk/x11/gdkx11display.h:130:1: note: in expansion of macro ‘GDK_DEPRECATED_IN_4_18’
  130 | GDK_DEPRECATED_IN_4_18
      | ^~~~~~~~~~~~~~~~~~~~~~
In file included from /usr/include/gtk-4.0/gdk/x11/gdkx.h:44:
/usr/include/gtk-4.0/gdk/x11/gdkx11dnd.h:38:17: error: storage class specified for parameter ‘GdkX11Drag’
   38 | typedef GdkDrag GdkX11Drag;
      |                 ^~~~~~~~~~
/usr/include/gtk-4.0/gdk/x11/gdkx11dnd.h:40:33: error: storage class specified for parameter ‘GdkX11DragClass’
   40 | typedef struct _GdkX11DragClass GdkX11DragClass;
      |                                 ^~~~~~~~~~~~~~~
/usr/include/gtk-4.0/gdk/x11/gdkx11dnd.h:43:10: error: storage class specified for parameter ‘gdk_x11_drag_get_type’
   43 | GType    gdk_x11_drag_get_type (void);
      |          ^~~~~~~~~~~~~~~~~~~~~
In file included from /usr/include/gtk-4.0/gdk/x11/gdkx.h:45:
/usr/include/gtk-4.0/gdk/x11/gdkx11glcontext.h:35:41: error: storage class specified for parameter ‘GdkX11GLContext’
   35 | typedef struct _GdkX11GLContext         GdkX11GLContext;
      |                                         ^~~~~~~~~~~~~~~
/usr/include/gtk-4.0/gdk/x11/gdkx11glcontext.h:36:41: error: storage class specified for parameter ‘GdkX11GLContextClass’
   36 | typedef struct _GdkX11GLContextClass    GdkX11GLContextClass;
      |                                         ^~~~~~~~~~~~~~~~~~~~
/usr/include/gtk-4.0/gdk/x11/gdkx11glcontext.h:39:7: error: storage class specified for parameter ‘gdk_x11_gl_context_get_type’
   39 | GType gdk_x11_gl_context_get_type (void) G_GNUC_CONST;
      |       ^~~~~~~~~~~~~~~~~~~~~~~~~~~
/usr/include/glib-2.0/glib/gmacros.h:1303:22: error: expected declaration specifiers before ‘__attribute__’
 1303 | #define G_DEPRECATED __attribute__((__deprecated__))
      |                      ^~~~~~~~~~~~~
/usr/include/gtk-4.0/gdk/version/gdk-visibility.h:30:24: note: in expansion of macro ‘G_DEPRECATED’
   30 | #define GDK_DEPRECATED G_DEPRECATED _GDK_EXTERN
      |                        ^~~~~~~~~~~~
/usr/include/gtk-4.0/gdk/version/gdk-visibility.h:343:32: note: in expansion of macro ‘GDK_DEPRECATED’
  343 | #define GDK_DEPRECATED_IN_4_18 GDK_DEPRECATED
      |                                ^~~~~~~~~~~~~~
/usr/include/gtk-4.0/gdk/x11/gdkx11glcontext.h:41:1: note: in expansion of macro ‘GDK_DEPRECATED_IN_4_18’
   41 | GDK_DEPRECATED_IN_4_18
      | ^~~~~~~~~~~~~~~~~~~~~~
/usr/include/glib-2.0/glib/gmacros.h:1303:22: error: expected declaration specifiers before ‘__attribute__’
 1303 | #define G_DEPRECATED __attribute__((__deprecated__))
      |                      ^~~~~~~~~~~~~
/usr/include/gtk-4.0/gdk/version/gdk-visibility.h:30:24: note: in expansion of macro ‘G_DEPRECATED’
   30 | #define GDK_DEPRECATED G_DEPRECATED _GDK_EXTERN
      |                        ^~~~~~~~~~~~
/usr/include/gtk-4.0/gdk/version/gdk-visibility.h:343:32: note: in expansion of macro ‘GDK_DEPRECATED’
  343 | #define GDK_DEPRECATED_IN_4_18 GDK_DEPRECATED
      |                                ^~~~~~~~~~~~~~
/usr/include/gtk-4.0/gdk/x11/gdkx11glcontext.h:45:1: note: in expansion of macro ‘GDK_DEPRECATED_IN_4_18’
   45 | GDK_DEPRECATED_IN_4_18
      | ^~~~~~~~~~~~~~~~~~~~~~
/usr/include/glib-2.0/glib/gmacros.h:1303:22: error: expected declaration specifiers before ‘__attribute__’
 1303 | #define G_DEPRECATED __attribute__((__deprecated__))
      |                      ^~~~~~~~~~~~~
/usr/include/gtk-4.0/gdk/version/gdk-visibility.h:30:24: note: in expansion of macro ‘G_DEPRECATED’
   30 | #define GDK_DEPRECATED G_DEPRECATED _GDK_EXTERN
      |                        ^~~~~~~~~~~~
/usr/include/gtk-4.0/gdk/version/gdk-visibility.h:343:32: note: in expansion of macro ‘GDK_DEPRECATED’
  343 | #define GDK_DEPRECATED_IN_4_18 GDK_DEPRECATED
      |                                ^~~~~~~~~~~~~~
/usr/include/gtk-4.0/gdk/x11/gdkx11glcontext.h:50:1: note: in expansion of macro ‘GDK_DEPRECATED_IN_4_18’
   50 | GDK_DEPRECATED_IN_4_18
      | ^~~~~~~~~~~~~~~~~~~~~~
In file included from /usr/include/gtk-4.0/gdk/x11/gdkx.h:46:
/usr/include/gtk-4.0/gdk/x11/gdkx11monitor.h:36:36: error: storage class specified for parameter ‘GdkX11Monitor’
   36 | typedef struct _GdkX11Monitor      GdkX11Monitor;
      |                                    ^~~~~~~~~~~~~
/usr/include/gtk-4.0/gdk/x11/gdkx11monitor.h:37:36: error: storage class specified for parameter ‘GdkX11MonitorClass’
   37 | typedef struct _GdkX11MonitorClass GdkX11MonitorClass;
      |                                    ^~~~~~~~~~~~~~~~~~
/usr/include/gtk-4.0/gdk/x11/gdkx11monitor.h:40:19: error: storage class specified for parameter ‘gdk_x11_monitor_get_type’
   40 | GType             gdk_x11_monitor_get_type            (void) G_GNUC_CONST;
      |                   ^~~~~~~~~~~~~~~~~~~~~~~~
/usr/include/glib-2.0/glib/gmacros.h:1303:22: error: expected declaration specifiers before ‘__attribute__’
 1303 | #define G_DEPRECATED __attribute__((__deprecated__))
      |                      ^~~~~~~~~~~~~
/usr/include/gtk-4.0/gdk/version/gdk-visibility.h:30:24: note: in expansion of macro ‘G_DEPRECATED’
   30 | #define GDK_DEPRECATED G_DEPRECATED _GDK_EXTERN
      |                        ^~~~~~~~~~~~
/usr/include/gtk-4.0/gdk/version/gdk-visibility.h:343:32: note: in expansion of macro ‘GDK_DEPRECATED’
  343 | #define GDK_DEPRECATED_IN_4_18 GDK_DEPRECATED
      |                                ^~~~~~~~~~~~~~
/usr/include/gtk-4.0/gdk/x11/gdkx11monitor.h:42:1: note: in expansion of macro ‘GDK_DEPRECATED_IN_4_18’
   42 | GDK_DEPRECATED_IN_4_18
      | ^~~~~~~~~~~~~~~~~~~~~~
/usr/include/glib-2.0/glib/gmacros.h:1303:22: error: expected declaration specifiers before ‘__attribute__’
 1303 | #define G_DEPRECATED __attribute__((__deprecated__))
      |                      ^~~~~~~~~~~~~
/usr/include/gtk-4.0/gdk/version/gdk-visibility.h:30:24: note: in expansion of macro ‘G_DEPRECATED’
   30 | #define GDK_DEPRECATED G_DEPRECATED _GDK_EXTERN
      |                        ^~~~~~~~~~~~
/usr/include/gtk-4.0/gdk/version/gdk-visibility.h:343:32: note: in expansion of macro ‘GDK_DEPRECATED’
  343 | #define GDK_DEPRECATED_IN_4_18 GDK_DEPRECATED
      |                                ^~~~~~~~~~~~~~
/usr/include/gtk-4.0/gdk/x11/gdkx11monitor.h:45:1: note: in expansion of macro ‘GDK_DEPRECATED_IN_4_18’
   45 | GDK_DEPRECATED_IN_4_18
      | ^~~~~~~~~~~~~~~~~~~~~~
/usr/include/glib-2.0/glib/gmacros.h:1303:22: error: expected declaration specifiers before ‘__attribute__’
 1303 | #define G_DEPRECATED __attribute__((__deprecated__))
      |                      ^~~~~~~~~~~~~
/usr/include/gtk-4.0/gdk/version/gdk-visibility.h:30:24: note: in expansion of macro ‘G_DEPRECATED’
   30 | #define GDK_DEPRECATED G_DEPRECATED _GDK_EXTERN
      |                        ^~~~~~~~~~~~
/usr/include/gtk-4.0/gdk/version/gdk-visibility.h:343:32: note: in expansion of macro ‘GDK_DEPRECATED’
  343 | #define GDK_DEPRECATED_IN_4_18 GDK_DEPRECATED
      |                                ^~~~~~~~~~~~~~
/usr/include/gtk-4.0/gdk/x11/gdkx11property.h:38:1: note: in expansion of macro ‘GDK_DEPRECATED_IN_4_18’
   38 | GDK_DEPRECATED_IN_4_18
      | ^~~~~~~~~~~~~~~~~~~~~~
/usr/include/glib-2.0/glib/gmacros.h:1303:22: error: expected declaration specifiers before ‘__attribute__’
 1303 | #define G_DEPRECATED __attribute__((__deprecated__))
      |                      ^~~~~~~~~~~~~
/usr/include/gtk-4.0/gdk/version/gdk-visibility.h:30:24: note: in expansion of macro ‘G_DEPRECATED’
   30 | #define GDK_DEPRECATED G_DEPRECATED _GDK_EXTERN
      |                        ^~~~~~~~~~~~
/usr/include/gtk-4.0/gdk/version/gdk-visibility.h:343:32: note: in expansion of macro ‘GDK_DEPRECATED’
  343 | #define GDK_DEPRECATED_IN_4_18 GDK_DEPRECATED
      |                                ^~~~~~~~~~~~~~
/usr/include/gtk-4.0/gdk/x11/gdkx11property.h:41:1: note: in expansion of macro ‘GDK_DEPRECATED_IN_4_18’
   41 | GDK_DEPRECATED_IN_4_18
      | ^~~~~~~~~~~~~~~~~~~~~~
/usr/include/glib-2.0/glib/gmacros.h:1303:22: error: expected declaration specifiers before ‘__attribute__’
 1303 | #define G_DEPRECATED __attribute__((__deprecated__))
      |                      ^~~~~~~~~~~~~
/usr/include/gtk-4.0/gdk/version/gdk-visibility.h:30:24: note: in expansion of macro ‘G_DEPRECATED’
   30 | #define GDK_DEPRECATED G_DEPRECATED _GDK_EXTERN
      |                        ^~~~~~~~~~~~
/usr/include/gtk-4.0/gdk/version/gdk-visibility.h:343:32: note: in expansion of macro ‘GDK_DEPRECATED’
  343 | #define GDK_DEPRECATED_IN_4_18 GDK_DEPRECATED
      |                                ^~~~~~~~~~~~~~
/usr/include/gtk-4.0/gdk/x11/gdkx11selection.h:38:1: note: in expansion of macro ‘GDK_DEPRECATED_IN_4_18’
   38 | GDK_DEPRECATED_IN_4_18
      | ^~~~~~~~~~~~~~~~~~~~~~
/usr/include/glib-2.0/glib/gmacros.h:1303:22: error: expected declaration specifiers before ‘__attribute__’
 1303 | #define G_DEPRECATED __attribute__((__deprecated__))
      |                      ^~~~~~~~~~~~~
/usr/include/gtk-4.0/gdk/version/gdk-visibility.h:30:24: note: in expansion of macro ‘G_DEPRECATED’
   30 | #define GDK_DEPRECATED G_DEPRECATED _GDK_EXTERN
      |                        ^~~~~~~~~~~~
/usr/include/gtk-4.0/gdk/version/gdk-visibility.h:343:32: note: in expansion of macro ‘GDK_DEPRECATED’
  343 | #define GDK_DEPRECATED_IN_4_18 GDK_DEPRECATED
      |                                ^~~~~~~~~~~~~~
/usr/include/gtk-4.0/gdk/x11/gdkx11selection.h:45:1: note: in expansion of macro ‘GDK_DEPRECATED_IN_4_18’
   45 | GDK_DEPRECATED_IN_4_18
      | ^~~~~~~~~~~~~~~~~~~~~~
/usr/include/glib-2.0/glib/gmacros.h:1303:22: error: expected declaration specifiers before ‘__attribute__’
 1303 | #define G_DEPRECATED __attribute__((__deprecated__))
      |                      ^~~~~~~~~~~~~
/usr/include/gtk-4.0/gdk/version/gdk-visibility.h:30:24: note: in expansion of macro ‘G_DEPRECATED’
   30 | #define GDK_DEPRECATED G_DEPRECATED _GDK_EXTERN
      |                        ^~~~~~~~~~~~
/usr/include/gtk-4.0/gdk/version/gdk-visibility.h:343:32: note: in expansion of macro ‘GDK_DEPRECATED’
  343 | #define GDK_DEPRECATED_IN_4_18 GDK_DEPRECATED
      |                                ^~~~~~~~~~~~~~
/usr/include/gtk-4.0/gdk/x11/gdkx11selection.h:47:1: note: in expansion of macro ‘GDK_DEPRECATED_IN_4_18’
   47 | GDK_DEPRECATED_IN_4_18
      | ^~~~~~~~~~~~~~~~~~~~~~
/usr/include/glib-2.0/glib/gmacros.h:1303:22: error: expected declaration specifiers before ‘__attribute__’
 1303 | #define G_DEPRECATED __attribute__((__deprecated__))
      |                      ^~~~~~~~~~~~~
/usr/include/gtk-4.0/gdk/version/gdk-visibility.h:30:24: note: in expansion of macro ‘G_DEPRECATED’
   30 | #define GDK_DEPRECATED G_DEPRECATED _GDK_EXTERN
      |                        ^~~~~~~~~~~~
/usr/include/gtk-4.0/gdk/version/gdk-visibility.h:343:32: note: in expansion of macro ‘GDK_DEPRECATED’
  343 | #define GDK_DEPRECATED_IN_4_18 GDK_DEPRECATED
      |                                ^~~~~~~~~~~~~~
/usr/include/gtk-4.0/gdk/x11/gdkx11selection.h:54:1: note: in expansion of macro ‘GDK_DEPRECATED_IN_4_18’
   54 | GDK_DEPRECATED_IN_4_18
      | ^~~~~~~~~~~~~~~~~~~~~~
/usr/include/glib-2.0/glib/gmacros.h:1303:22: error: expected declaration specifiers before ‘__attribute__’
 1303 | #define G_DEPRECATED __attribute__((__deprecated__))
      |                      ^~~~~~~~~~~~~
/usr/include/gtk-4.0/gdk/version/gdk-visibility.h:30:24: note: in expansion of macro ‘G_DEPRECATED’
   30 | #define GDK_DEPRECATED G_DEPRECATED _GDK_EXTERN
      |                        ^~~~~~~~~~~~
/usr/include/gtk-4.0/gdk/version/gdk-visibility.h:343:32: note: in expansion of macro ‘GDK_DEPRECATED’
  343 | #define GDK_DEPRECATED_IN_4_18 GDK_DEPRECATED
      |                                ^~~~~~~~~~~~~~
/usr/include/gtk-4.0/gdk/x11/gdkx11selection.h:61:1: note: in expansion of macro ‘GDK_DEPRECATED_IN_4_18’
   61 | GDK_DEPRECATED_IN_4_18
      | ^~~~~~~~~~~~~~~~~~~~~~
In file included from /usr/include/gtk-4.0/gdk/x11/gdkx.h:51:
/usr/include/gtk-4.0/gdk/x11/gdkx11surface.h:48:20: error: storage class specified for parameter ‘GdkX11Surface’
   48 | typedef GdkSurface GdkX11Surface;
      |                    ^~~~~~~~~~~~~
/usr/include/gtk-4.0/gdk/x11/gdkx11surface.h:50:36: error: storage class specified for parameter ‘GdkX11SurfaceClass’
   50 | typedef struct _GdkX11SurfaceClass GdkX11SurfaceClass;
      |                                    ^~~~~~~~~~~~~~~~~~
/usr/include/gtk-4.0/gdk/x11/gdkx11surface.h:53:10: error: storage class specified for parameter ‘gdk_x11_surface_get_type’
   53 | GType    gdk_x11_surface_get_type          (void);
      |          ^~~~~~~~~~~~~~~~~~~~~~~~
/usr/include/glib-2.0/glib/gmacros.h:1303:22: error: expected declaration specifiers before ‘__attribute__’
 1303 | #define G_DEPRECATED __attribute__((__deprecated__))
      |                      ^~~~~~~~~~~~~
/usr/include/gtk-4.0/gdk/version/gdk-visibility.h:30:24: note: in expansion of macro ‘G_DEPRECATED’
   30 | #define GDK_DEPRECATED G_DEPRECATED _GDK_EXTERN
      |                        ^~~~~~~~~~~~
/usr/include/gtk-4.0/gdk/version/gdk-visibility.h:343:32: note: in expansion of macro ‘GDK_DEPRECATED’
  343 | #define GDK_DEPRECATED_IN_4_18 GDK_DEPRECATED
      |                                ^~~~~~~~~~~~~~
/usr/include/gtk-4.0/gdk/x11/gdkx11surface.h:55:1: note: in expansion of macro ‘GDK_DEPRECATED_IN_4_18’
   55 | GDK_DEPRECATED_IN_4_18
      | ^~~~~~~~~~~~~~~~~~~~~~
/usr/include/glib-2.0/glib/gmacros.h:1303:22: error: expected declaration specifiers before ‘__attribute__’
 1303 | #define G_DEPRECATED __attribute__((__deprecated__))
      |                      ^~~~~~~~~~~~~
/usr/include/gtk-4.0/gdk/version/gdk-visibility.h:30:24: note: in expansion of macro ‘G_DEPRECATED’
   30 | #define GDK_DEPRECATED G_DEPRECATED _GDK_EXTERN
      |                        ^~~~~~~~~~~~
/usr/include/gtk-4.0/gdk/version/gdk-visibility.h:343:32: note: in expansion of macro ‘GDK_DEPRECATED’
  343 | #define GDK_DEPRECATED_IN_4_18 GDK_DEPRECATED
      |                                ^~~~~~~~~~~~~~
/usr/include/gtk-4.0/gdk/x11/gdkx11surface.h:57:1: note: in expansion of macro ‘GDK_DEPRECATED_IN_4_18’
   57 | GDK_DEPRECATED_IN_4_18
      | ^~~~~~~~~~~~~~~~~~~~~~
/usr/include/glib-2.0/glib/gmacros.h:1303:22: error: expected declaration specifiers before ‘__attribute__’
 1303 | #define G_DEPRECATED __attribute__((__deprecated__))
      |                      ^~~~~~~~~~~~~
/usr/include/gtk-4.0/gdk/version/gdk-visibility.h:30:24: note: in expansion of macro ‘G_DEPRECATED’
   30 | #define GDK_DEPRECATED G_DEPRECATED _GDK_EXTERN
      |                        ^~~~~~~~~~~~
/usr/include/gtk-4.0/gdk/version/gdk-visibility.h:343:32: note: in expansion of macro ‘GDK_DEPRECATED’
  343 | #define GDK_DEPRECATED_IN_4_18 GDK_DEPRECATED
      |                                ^~~~~~~~~~~~~~
/usr/include/gtk-4.0/gdk/x11/gdkx11surface.h:60:1: note: in expansion of macro ‘GDK_DEPRECATED_IN_4_18’
   60 | GDK_DEPRECATED_IN_4_18
      | ^~~~~~~~~~~~~~~~~~~~~~
/usr/include/glib-2.0/glib/gmacros.h:1303:22: error: expected declaration specifiers before ‘__attribute__’
 1303 | #define G_DEPRECATED __attribute__((__deprecated__))
      |                      ^~~~~~~~~~~~~
/usr/include/gtk-4.0/gdk/version/gdk-visibility.h:30:24: note: in expansion of macro ‘G_DEPRECATED’
   30 | #define GDK_DEPRECATED G_DEPRECATED _GDK_EXTERN
      |                        ^~~~~~~~~~~~
/usr/include/gtk-4.0/gdk/version/gdk-visibility.h:343:32: note: in expansion of macro ‘GDK_DEPRECATED’
  343 | #define GDK_DEPRECATED_IN_4_18 GDK_DEPRECATED
      |                                ^~~~~~~~~~~~~~
/usr/include/gtk-4.0/gdk/x11/gdkx11surface.h:64:1: note: in expansion of macro ‘GDK_DEPRECATED_IN_4_18’
   64 | GDK_DEPRECATED_IN_4_18
      | ^~~~~~~~~~~~~~~~~~~~~~
/usr/include/glib-2.0/glib/gmacros.h:1303:22: error: expected declaration specifiers before ‘__attribute__’
 1303 | #define G_DEPRECATED __attribute__((__deprecated__))
      |                      ^~~~~~~~~~~~~
/usr/include/gtk-4.0/gdk/version/gdk-visibility.h:30:24: note: in expansion of macro ‘G_DEPRECATED’
   30 | #define GDK_DEPRECATED G_DEPRECATED _GDK_EXTERN
      |                        ^~~~~~~~~~~~
/usr/include/gtk-4.0/gdk/version/gdk-visibility.h:343:32: note: in expansion of macro ‘GDK_DEPRECATED’
  343 | #define GDK_DEPRECATED_IN_4_18 GDK_DEPRECATED
      |                                ^~~~~~~~~~~~~~
/usr/include/gtk-4.0/gdk/x11/gdkx11surface.h:67:1: note: in expansion of macro ‘GDK_DEPRECATED_IN_4_18’
   67 | GDK_DEPRECATED_IN_4_18
      | ^~~~~~~~~~~~~~~~~~~~~~
/usr/include/glib-2.0/glib/gmacros.h:1303:22: error: expected declaration specifiers before ‘__attribute__’
 1303 | #define G_DEPRECATED __attribute__((__deprecated__))
      |                      ^~~~~~~~~~~~~
/usr/include/gtk-4.0/gdk/version/gdk-visibility.h:30:24: note: in expansion of macro ‘G_DEPRECATED’
   30 | #define GDK_DEPRECATED G_DEPRECATED _GDK_EXTERN
      |                        ^~~~~~~~~~~~
/usr/include/gtk-4.0/gdk/version/gdk-visibility.h:343:32: note: in expansion of macro ‘GDK_DEPRECATED’
  343 | #define GDK_DEPRECATED_IN_4_18 GDK_DEPRECATED
      |                                ^~~~~~~~~~~~~~
/usr/include/gtk-4.0/gdk/x11/gdkx11surface.h:70:1: note: in expansion of macro ‘GDK_DEPRECATED_IN_4_18’
   70 | GDK_DEPRECATED_IN_4_18
      | ^~~~~~~~~~~~~~~~~~~~~~
/usr/include/glib-2.0/glib/gmacros.h:1303:22: error: expected declaration specifiers before ‘__attribute__’
 1303 | #define G_DEPRECATED __attribute__((__deprecated__))
      |                      ^~~~~~~~~~~~~
/usr/include/gtk-4.0/gdk/version/gdk-visibility.h:30:24: note: in expansion of macro ‘G_DEPRECATED’
   30 | #define GDK_DEPRECATED G_DEPRECATED _GDK_EXTERN
      |                        ^~~~~~~~~~~~
/usr/include/gtk-4.0/gdk/version/gdk-visibility.h:343:32: note: in expansion of macro ‘GDK_DEPRECATED’
  343 | #define GDK_DEPRECATED_IN_4_18 GDK_DEPRECATED
      |                                ^~~~~~~~~~~~~~
/usr/include/gtk-4.0/gdk/x11/gdkx11surface.h:72:1: note: in expansion of macro ‘GDK_DEPRECATED_IN_4_18’
   72 | GDK_DEPRECATED_IN_4_18
      | ^~~~~~~~~~~~~~~~~~~~~~
/usr/include/glib-2.0/glib/gmacros.h:1303:22: error: expected declaration specifiers before ‘__attribute__’
 1303 | #define G_DEPRECATED __attribute__((__deprecated__))
      |                      ^~~~~~~~~~~~~
/usr/include/gtk-4.0/gdk/version/gdk-visibility.h:30:24: note: in expansion of macro ‘G_DEPRECATED’
   30 | #define GDK_DEPRECATED G_DEPRECATED _GDK_EXTERN
      |                        ^~~~~~~~~~~~
/usr/include/gtk-4.0/gdk/version/gdk-visibility.h:343:32: note: in expansion of macro ‘GDK_DEPRECATED’
  343 | #define GDK_DEPRECATED_IN_4_18 GDK_DEPRECATED
      |                                ^~~~~~~~~~~~~~
/usr/include/gtk-4.0/gdk/x11/gdkx11surface.h:76:1: note: in expansion of macro ‘GDK_DEPRECATED_IN_4_18’
   76 | GDK_DEPRECATED_IN_4_18
      | ^~~~~~~~~~~~~~~~~~~~~~
/usr/include/glib-2.0/glib/gmacros.h:1303:22: error: expected declaration specifiers before ‘__attribute__’
 1303 | #define G_DEPRECATED __attribute__((__deprecated__))
      |                      ^~~~~~~~~~~~~
/usr/include/gtk-4.0/gdk/version/gdk-visibility.h:30:24: note: in expansion of macro ‘G_DEPRECATED’
   30 | #define GDK_DEPRECATED G_DEPRECATED _GDK_EXTERN
      |                        ^~~~~~~~~~~~
/usr/include/gtk-4.0/gdk/version/gdk-visibility.h:343:32: note: in expansion of macro ‘GDK_DEPRECATED’
  343 | #define GDK_DEPRECATED_IN_4_18 GDK_DEPRECATED
      |                                ^~~~~~~~~~~~~~
/usr/include/gtk-4.0/gdk/x11/gdkx11surface.h:100:1: note: in expansion of macro ‘GDK_DEPRECATED_IN_4_18’
  100 | GDK_DEPRECATED_IN_4_18
      | ^~~~~~~~~~~~~~~~~~~~~~
/usr/include/glib-2.0/glib/gmacros.h:1303:22: error: expected declaration specifiers before ‘__attribute__’
 1303 | #define G_DEPRECATED __attribute__((__deprecated__))
      |                      ^~~~~~~~~~~~~
/usr/include/gtk-4.0/gdk/version/gdk-visibility.h:30:24: note: in expansion of macro ‘G_DEPRECATED’
   30 | #define GDK_DEPRECATED G_DEPRECATED _GDK_EXTERN
      |                        ^~~~~~~~~~~~
/usr/include/gtk-4.0/gdk/version/gdk-visibility.h:343:32: note: in expansion of macro ‘GDK_DEPRECATED’
  343 | #define GDK_DEPRECATED_IN_4_18 GDK_DEPRECATED
      |                                ^~~~~~~~~~~~~~
/usr/include/gtk-4.0/gdk/x11/gdkx11surface.h:103:1: note: in expansion of macro ‘GDK_DEPRECATED_IN_4_18’
  103 | GDK_DEPRECATED_IN_4_18
      | ^~~~~~~~~~~~~~~~~~~~~~
/usr/include/glib-2.0/glib/gmacros.h:1303:22: error: expected declaration specifiers before ‘__attribute__’
 1303 | #define G_DEPRECATED __attribute__((__deprecated__))
      |                      ^~~~~~~~~~~~~
/usr/include/gtk-4.0/gdk/version/gdk-visibility.h:30:24: note: in expansion of macro ‘G_DEPRECATED’
   30 | #define GDK_DEPRECATED G_DEPRECATED _GDK_EXTERN
      |                        ^~~~~~~~~~~~
/usr/include/gtk-4.0/gdk/version/gdk-visibility.h:343:32: note: in expansion of macro ‘GDK_DEPRECATED’
  343 | #define GDK_DEPRECATED_IN_4_18 GDK_DEPRECATED
      |                                ^~~~~~~~~~~~~~
/usr/include/gtk-4.0/gdk/x11/gdkx11surface.h:107:1: note: in expansion of macro ‘GDK_DEPRECATED_IN_4_18’
  107 | GDK_DEPRECATED_IN_4_18
      | ^~~~~~~~~~~~~~~~~~~~~~
/usr/include/glib-2.0/glib/gmacros.h:1303:22: error: expected declaration specifiers before ‘__attribute__’
 1303 | #define G_DEPRECATED __attribute__((__deprecated__))
      |                      ^~~~~~~~~~~~~
/usr/include/gtk-4.0/gdk/version/gdk-visibility.h:30:24: note: in expansion of macro ‘G_DEPRECATED’
   30 | #define GDK_DEPRECATED G_DEPRECATED _GDK_EXTERN
      |                        ^~~~~~~~~~~~
/usr/include/gtk-4.0/gdk/version/gdk-visibility.h:343:32: note: in expansion of macro ‘GDK_DEPRECATED’
  343 | #define GDK_DEPRECATED_IN_4_18 GDK_DEPRECATED
      |                                ^~~~~~~~~~~~~~
/usr/include/gtk-4.0/gdk/x11/gdkx11surface.h:110:1: note: in expansion of macro ‘GDK_DEPRECATED_IN_4_18’
  110 | GDK_DEPRECATED_IN_4_18
      | ^~~~~~~~~~~~~~~~~~~~~~
/usr/include/glib-2.0/glib/gmacros.h:1303:22: error: expected declaration specifiers before ‘__attribute__’
 1303 | #define G_DEPRECATED __attribute__((__deprecated__))
      |                      ^~~~~~~~~~~~~
/usr/include/gtk-4.0/gdk/version/gdk-visibility.h:30:24: note: in expansion of macro ‘G_DEPRECATED’
   30 | #define GDK_DEPRECATED G_DEPRECATED _GDK_EXTERN
      |                        ^~~~~~~~~~~~
/usr/include/gtk-4.0/gdk/version/gdk-visibility.h:343:32: note: in expansion of macro ‘GDK_DEPRECATED’
  343 | #define GDK_DEPRECATED_IN_4_18 GDK_DEPRECATED
      |                                ^~~~~~~~~~~~~~
/usr/include/gtk-4.0/gdk/x11/gdkx11surface.h:113:1: note: in expansion of macro ‘GDK_DEPRECATED_IN_4_18’
  113 | GDK_DEPRECATED_IN_4_18
      | ^~~~~~~~~~~~~~~~~~~~~~
/usr/include/glib-2.0/glib/gmacros.h:1303:22: error: expected declaration specifiers before ‘__attribute__’
 1303 | #define G_DEPRECATED __attribute__((__deprecated__))
      |                      ^~~~~~~~~~~~~
/usr/include/gtk-4.0/gdk/version/gdk-visibility.h:30:24: note: in expansion of macro ‘G_DEPRECATED’
   30 | #define GDK_DEPRECATED G_DEPRECATED _GDK_EXTERN
      |                        ^~~~~~~~~~~~
/usr/include/gtk-4.0/gdk/version/gdk-visibility.h:343:32: note: in expansion of macro ‘GDK_DEPRECATED’
  343 | #define GDK_DEPRECATED_IN_4_18 GDK_DEPRECATED
      |                                ^~~~~~~~~~~~~~
/usr/include/gtk-4.0/gdk/x11/gdkx11surface.h:117:1: note: in expansion of macro ‘GDK_DEPRECATED_IN_4_18’
  117 | GDK_DEPRECATED_IN_4_18
      | ^~~~~~~~~~~~~~~~~~~~~~
/usr/include/glib-2.0/glib/gmacros.h:1303:22: error: expected declaration specifiers before ‘__attribute__’
 1303 | #define G_DEPRECATED __attribute__((__deprecated__))
      |                      ^~~~~~~~~~~~~
/usr/include/gtk-4.0/gdk/version/gdk-visibility.h:30:24: note: in expansion of macro ‘G_DEPRECATED’
   30 | #define GDK_DEPRECATED G_DEPRECATED _GDK_EXTERN
      |                        ^~~~~~~~~~~~
/usr/include/gtk-4.0/gdk/version/gdk-visibility.h:343:32: note: in expansion of macro ‘GDK_DEPRECATED’
  343 | #define GDK_DEPRECATED_IN_4_18 GDK_DEPRECATED
      |                                ^~~~~~~~~~~~~~
/usr/include/gtk-4.0/gdk/x11/gdkx11surface.h:120:1: note: in expansion of macro ‘GDK_DEPRECATED_IN_4_18’
  120 | GDK_DEPRECATED_IN_4_18
      | ^~~~~~~~~~~~~~~~~~~~~~
/usr/include/glib-2.0/glib/gmacros.h:1391:20: error: expected ‘=’, ‘,’, ‘;’, ‘asm’ or ‘__attribute__’ before ‘*’ token
 1391 |   typedef TypeName *_GLIB_AUTOPTR_TYPENAME(TypeName);                                                           \
      |                    ^
/usr/include/glib-2.0/glib/gmacros.h:1415:3: note: in expansion of macro ‘_GLIB_DEFINE_AUTOPTR_CLEANUP_FUNCS’
 1415 |   _GLIB_DEFINE_AUTOPTR_CLEANUP_FUNCS(TypeName, TypeName, func)
      |   ^~~~~~~~~~~~~~~~~~~~~~~~~~~~~~~~~~
/usr/include/gtk-4.0/gdk/x11/gdkx-autocleanups.h:24:1: note: in expansion of macro ‘G_DEFINE_AUTOPTR_CLEANUP_FUNC’
   24 | G_DEFINE_AUTOPTR_CLEANUP_FUNC(GdkX11AppLaunchContext, g_object_unref)
      | ^~~~~~~~~~~~~~~~~~~~~~~~~~~~~
/usr/include/gtk-4.0/gdk/x11/gdkx-autocleanups.h:24:31: error: storage class specified for parameter ‘GdkX11AppLaunchContext_listautoptr’
   24 | G_DEFINE_AUTOPTR_CLEANUP_FUNC(GdkX11AppLaunchContext, g_object_unref)
      |                               ^~~~~~~~~~~~~~~~~~~~~~
/usr/include/glib-2.0/glib/gmacros.h:1383:48: note: in definition of macro ‘_GLIB_AUTOPTR_LIST_TYPENAME’
 1383 | #define _GLIB_AUTOPTR_LIST_TYPENAME(TypeName)  TypeName##_listautoptr
      |                                                ^~~~~~~~
/usr/include/glib-2.0/glib/gmacros.h:1415:3: note: in expansion of macro ‘_GLIB_DEFINE_AUTOPTR_CLEANUP_FUNCS’
 1415 |   _GLIB_DEFINE_AUTOPTR_CLEANUP_FUNCS(TypeName, TypeName, func)
      |   ^~~~~~~~~~~~~~~~~~~~~~~~~~~~~~~~~~
/usr/include/gtk-4.0/gdk/x11/gdkx-autocleanups.h:24:1: note: in expansion of macro ‘G_DEFINE_AUTOPTR_CLEANUP_FUNC’
   24 | G_DEFINE_AUTOPTR_CLEANUP_FUNC(GdkX11AppLaunchContext, g_object_unref)
      | ^~~~~~~~~~~~~~~~~~~~~~~~~~~~~
/usr/include/gtk-4.0/gdk/x11/gdkx-autocleanups.h:24:31: error: storage class specified for parameter ‘GdkX11AppLaunchContext_slistautoptr’
   24 | G_DEFINE_AUTOPTR_CLEANUP_FUNC(GdkX11AppLaunchContext, g_object_unref)
      |                               ^~~~~~~~~~~~~~~~~~~~~~
/usr/include/glib-2.0/glib/gmacros.h:1385:49: note: in definition of macro ‘_GLIB_AUTOPTR_SLIST_TYPENAME’
 1385 | #define _GLIB_AUTOPTR_SLIST_TYPENAME(TypeName)  TypeName##_slistautoptr
      |                                                 ^~~~~~~~
/usr/include/glib-2.0/glib/gmacros.h:1415:3: note: in expansion of macro ‘_GLIB_DEFINE_AUTOPTR_CLEANUP_FUNCS’
 1415 |   _GLIB_DEFINE_AUTOPTR_CLEANUP_FUNCS(TypeName, TypeName, func)
      |   ^~~~~~~~~~~~~~~~~~~~~~~~~~~~~~~~~~
/usr/include/gtk-4.0/gdk/x11/gdkx-autocleanups.h:24:1: note: in expansion of macro ‘G_DEFINE_AUTOPTR_CLEANUP_FUNC’
   24 | G_DEFINE_AUTOPTR_CLEANUP_FUNC(GdkX11AppLaunchContext, g_object_unref)
      | ^~~~~~~~~~~~~~~~~~~~~~~~~~~~~
/usr/include/gtk-4.0/gdk/x11/gdkx-autocleanups.h:24:31: error: storage class specified for parameter ‘GdkX11AppLaunchContext_queueautoptr’
   24 | G_DEFINE_AUTOPTR_CLEANUP_FUNC(GdkX11AppLaunchContext, g_object_unref)
      |                               ^~~~~~~~~~~~~~~~~~~~~~
/usr/include/glib-2.0/glib/gmacros.h:1387:49: note: in definition of macro ‘_GLIB_AUTOPTR_QUEUE_TYPENAME’
 1387 | #define _GLIB_AUTOPTR_QUEUE_TYPENAME(TypeName)  TypeName##_queueautoptr
      |                                                 ^~~~~~~~
/usr/include/glib-2.0/glib/gmacros.h:1415:3: note: in expansion of macro ‘_GLIB_DEFINE_AUTOPTR_CLEANUP_FUNCS’
 1415 |   _GLIB_DEFINE_AUTOPTR_CLEANUP_FUNCS(TypeName, TypeName, func)
      |   ^~~~~~~~~~~~~~~~~~~~~~~~~~~~~~~~~~
/usr/include/gtk-4.0/gdk/x11/gdkx-autocleanups.h:24:1: note: in expansion of macro ‘G_DEFINE_AUTOPTR_CLEANUP_FUNC’
   24 | G_DEFINE_AUTOPTR_CLEANUP_FUNC(GdkX11AppLaunchContext, g_object_unref)
      | ^~~~~~~~~~~~~~~~~~~~~~~~~~~~~
/usr/include/glib-2.0/glib/gmacros.h:760:3: error: expected declaration specifiers before ‘#pragma’
  760 |   _Pragma ("GCC diagnostic push")                       \
      |   ^~~~~~~
/usr/include/glib-2.0/glib/gmacros.h:1395:3: note: in expansion of macro ‘G_GNUC_BEGIN_IGNORE_DEPRECATIONS’
 1395 |   G_GNUC_BEGIN_IGNORE_DEPRECATIONS                                                                              \
      |   ^~~~~~~~~~~~~~~~~~~~~~~~~~~~~~~~
/usr/include/glib-2.0/glib/gmacros.h:1415:3: note: in expansion of macro ‘_GLIB_DEFINE_AUTOPTR_CLEANUP_FUNCS’
 1415 |   _GLIB_DEFINE_AUTOPTR_CLEANUP_FUNCS(TypeName, TypeName, func)
      |   ^~~~~~~~~~~~~~~~~~~~~~~~~~~~~~~~~~
/usr/include/gtk-4.0/gdk/x11/gdkx-autocleanups.h:24:1: note: in expansion of macro ‘G_DEFINE_AUTOPTR_CLEANUP_FUNC’
   24 | G_DEFINE_AUTOPTR_CLEANUP_FUNC(GdkX11AppLaunchContext, g_object_unref)
      | ^~~~~~~~~~~~~~~~~~~~~~~~~~~~~
/usr/include/gtk-4.0/gdk/x11/gdkx-autocleanups.h:24:31: error: expected declaration specifiers or ‘...’ before ‘GdkX11AppLaunchContext’
   24 | G_DEFINE_AUTOPTR_CLEANUP_FUNC(GdkX11AppLaunchContext, g_object_unref)
      |                               ^~~~~~~~~~~~~~~~~~~~~~
/usr/include/glib-2.0/glib/gmacros.h:1398:71: note: in definition of macro ‘_GLIB_DEFINE_AUTOPTR_CLEANUP_FUNCS’
 1398 |   static G_GNUC_UNUSED inline void _GLIB_AUTOPTR_FUNC_NAME(TypeName) (TypeName **_ptr)                          \
      |                                                                       ^~~~~~~~
/usr/include/gtk-4.0/gdk/x11/gdkx-autocleanups.h:24:1: note: in expansion of macro ‘G_DEFINE_AUTOPTR_CLEANUP_FUNC’
   24 | G_DEFINE_AUTOPTR_CLEANUP_FUNC(GdkX11AppLaunchContext, g_object_unref)
      | ^~~~~~~~~~~~~~~~~~~~~~~~~~~~~
/usr/include/glib-2.0/glib/gmacros.h:1401:5: error: expected ‘=’, ‘,’, ‘;’, ‘asm’ or ‘__attribute__’ before ‘{’ token
 1401 |     { (cleanup) ((ParentName *) _ptr); }                                                                        \
      |     ^
/usr/include/glib-2.0/glib/gmacros.h:1415:3: note: in expansion of macro ‘_GLIB_DEFINE_AUTOPTR_CLEANUP_FUNCS’
 1415 |   _GLIB_DEFINE_AUTOPTR_CLEANUP_FUNCS(TypeName, TypeName, func)
      |   ^~~~~~~~~~~~~~~~~~~~~~~~~~~~~~~~~~
/usr/include/gtk-4.0/gdk/x11/gdkx-autocleanups.h:24:1: note: in expansion of macro ‘G_DEFINE_AUTOPTR_CLEANUP_FUNC’
   24 | G_DEFINE_AUTOPTR_CLEANUP_FUNC(GdkX11AppLaunchContext, g_object_unref)
      | ^~~~~~~~~~~~~~~~~~~~~~~~~~~~~
/usr/include/glib-2.0/glib/gmacros.h:1403:5: error: expected ‘=’, ‘,’, ‘;’, ‘asm’ or ‘__attribute__’ before ‘{’ token
 1403 |     { g_list_free_full (*_l, _GLIB_AUTOPTR_DESTROY_FUNC_NAME(TypeName)); }                                      \
      |     ^
/usr/include/glib-2.0/glib/gmacros.h:1415:3: note: in expansion of macro ‘_GLIB_DEFINE_AUTOPTR_CLEANUP_FUNCS’
 1415 |   _GLIB_DEFINE_AUTOPTR_CLEANUP_FUNCS(TypeName, TypeName, func)
      |   ^~~~~~~~~~~~~~~~~~~~~~~~~~~~~~~~~~
/usr/include/gtk-4.0/gdk/x11/gdkx-autocleanups.h:24:1: note: in expansion of macro ‘G_DEFINE_AUTOPTR_CLEANUP_FUNC’
   24 | G_DEFINE_AUTOPTR_CLEANUP_FUNC(GdkX11AppLaunchContext, g_object_unref)
      | ^~~~~~~~~~~~~~~~~~~~~~~~~~~~~
/usr/include/glib-2.0/glib/gmacros.h:1405:5: error: expected ‘=’, ‘,’, ‘;’, ‘asm’ or ‘__attribute__’ before ‘{’ token
 1405 |     { g_slist_free_full (*_l, _GLIB_AUTOPTR_DESTROY_FUNC_NAME(TypeName)); }                                     \
      |     ^
/usr/include/glib-2.0/glib/gmacros.h:1415:3: note: in expansion of macro ‘_GLIB_DEFINE_AUTOPTR_CLEANUP_FUNCS’
 1415 |   _GLIB_DEFINE_AUTOPTR_CLEANUP_FUNCS(TypeName, TypeName, func)
      |   ^~~~~~~~~~~~~~~~~~~~~~~~~~~~~~~~~~
/usr/include/gtk-4.0/gdk/x11/gdkx-autocleanups.h:24:1: note: in expansion of macro ‘G_DEFINE_AUTOPTR_CLEANUP_FUNC’
   24 | G_DEFINE_AUTOPTR_CLEANUP_FUNC(GdkX11AppLaunchContext, g_object_unref)
      | ^~~~~~~~~~~~~~~~~~~~~~~~~~~~~
/usr/include/glib-2.0/glib/gmacros.h:1407:5: error: expected ‘=’, ‘,’, ‘;’, ‘asm’ or ‘__attribute__’ before ‘{’ token
 1407 |     { if (*_q) g_queue_free_full (*_q, _GLIB_AUTOPTR_DESTROY_FUNC_NAME(TypeName)); }                            \
      |     ^
/usr/include/glib-2.0/glib/gmacros.h:1415:3: note: in expansion of macro ‘_GLIB_DEFINE_AUTOPTR_CLEANUP_FUNCS’
 1415 |   _GLIB_DEFINE_AUTOPTR_CLEANUP_FUNCS(TypeName, TypeName, func)
      |   ^~~~~~~~~~~~~~~~~~~~~~~~~~~~~~~~~~
/usr/include/gtk-4.0/gdk/x11/gdkx-autocleanups.h:24:1: note: in expansion of macro ‘G_DEFINE_AUTOPTR_CLEANUP_FUNC’
   24 | G_DEFINE_AUTOPTR_CLEANUP_FUNC(GdkX11AppLaunchContext, g_object_unref)
      | ^~~~~~~~~~~~~~~~~~~~~~~~~~~~~
/usr/include/glib-2.0/glib/gmacros.h:763:3: error: expected declaration specifiers before ‘#pragma’
  763 |   _Pragma ("GCC diagnostic pop")
      |   ^~~~~~~
/usr/include/glib-2.0/glib/gmacros.h:1408:3: note: in expansion of macro ‘G_GNUC_END_IGNORE_DEPRECATIONS’
 1408 |   G_GNUC_END_IGNORE_DEPRECATIONS
      |   ^~~~~~~~~~~~~~~~~~~~~~~~~~~~~~
/usr/include/glib-2.0/glib/gmacros.h:1415:3: note: in expansion of macro ‘_GLIB_DEFINE_AUTOPTR_CLEANUP_FUNCS’
 1415 |   _GLIB_DEFINE_AUTOPTR_CLEANUP_FUNCS(TypeName, TypeName, func)
      |   ^~~~~~~~~~~~~~~~~~~~~~~~~~~~~~~~~~
/usr/include/gtk-4.0/gdk/x11/gdkx-autocleanups.h:24:1: note: in expansion of macro ‘G_DEFINE_AUTOPTR_CLEANUP_FUNC’
   24 | G_DEFINE_AUTOPTR_CLEANUP_FUNC(GdkX11AppLaunchContext, g_object_unref)
      | ^~~~~~~~~~~~~~~~~~~~~~~~~~~~~
/usr/include/gtk-4.0/gdk/x11/gdkx-autocleanups.h:25:31: error: storage class specified for parameter ‘GdkX11DeviceManagerXI2_listautoptr’
   25 | G_DEFINE_AUTOPTR_CLEANUP_FUNC(GdkX11DeviceManagerXI2, g_object_unref)
      |                               ^~~~~~~~~~~~~~~~~~~~~~
/usr/include/glib-2.0/glib/gmacros.h:1383:48: note: in definition of macro ‘_GLIB_AUTOPTR_LIST_TYPENAME’
 1383 | #define _GLIB_AUTOPTR_LIST_TYPENAME(TypeName)  TypeName##_listautoptr
      |                                                ^~~~~~~~
/usr/include/glib-2.0/glib/gmacros.h:1415:3: note: in expansion of macro ‘_GLIB_DEFINE_AUTOPTR_CLEANUP_FUNCS’
 1415 |   _GLIB_DEFINE_AUTOPTR_CLEANUP_FUNCS(TypeName, TypeName, func)
      |   ^~~~~~~~~~~~~~~~~~~~~~~~~~~~~~~~~~
/usr/include/gtk-4.0/gdk/x11/gdkx-autocleanups.h:25:1: note: in expansion of macro ‘G_DEFINE_AUTOPTR_CLEANUP_FUNC’
   25 | G_DEFINE_AUTOPTR_CLEANUP_FUNC(GdkX11DeviceManagerXI2, g_object_unref)
      | ^~~~~~~~~~~~~~~~~~~~~~~~~~~~~
/usr/include/gtk-4.0/gdk/x11/gdkx-autocleanups.h:25:31: error: storage class specified for parameter ‘GdkX11DeviceManagerXI2_slistautoptr’
   25 | G_DEFINE_AUTOPTR_CLEANUP_FUNC(GdkX11DeviceManagerXI2, g_object_unref)
      |                               ^~~~~~~~~~~~~~~~~~~~~~
/usr/include/glib-2.0/glib/gmacros.h:1385:49: note: in definition of macro ‘_GLIB_AUTOPTR_SLIST_TYPENAME’
 1385 | #define _GLIB_AUTOPTR_SLIST_TYPENAME(TypeName)  TypeName##_slistautoptr
      |                                                 ^~~~~~~~
/usr/include/glib-2.0/glib/gmacros.h:1415:3: note: in expansion of macro ‘_GLIB_DEFINE_AUTOPTR_CLEANUP_FUNCS’
 1415 |   _GLIB_DEFINE_AUTOPTR_CLEANUP_FUNCS(TypeName, TypeName, func)
      |   ^~~~~~~~~~~~~~~~~~~~~~~~~~~~~~~~~~
/usr/include/gtk-4.0/gdk/x11/gdkx-autocleanups.h:25:1: note: in expansion of macro ‘G_DEFINE_AUTOPTR_CLEANUP_FUNC’
   25 | G_DEFINE_AUTOPTR_CLEANUP_FUNC(GdkX11DeviceManagerXI2, g_object_unref)
      | ^~~~~~~~~~~~~~~~~~~~~~~~~~~~~
/usr/include/gtk-4.0/gdk/x11/gdkx-autocleanups.h:25:31: error: storage class specified for parameter ‘GdkX11DeviceManagerXI2_queueautoptr’
   25 | G_DEFINE_AUTOPTR_CLEANUP_FUNC(GdkX11DeviceManagerXI2, g_object_unref)
      |                               ^~~~~~~~~~~~~~~~~~~~~~
/usr/include/glib-2.0/glib/gmacros.h:1387:49: note: in definition of macro ‘_GLIB_AUTOPTR_QUEUE_TYPENAME’
 1387 | #define _GLIB_AUTOPTR_QUEUE_TYPENAME(TypeName)  TypeName##_queueautoptr
      |                                                 ^~~~~~~~
/usr/include/glib-2.0/glib/gmacros.h:1415:3: note: in expansion of macro ‘_GLIB_DEFINE_AUTOPTR_CLEANUP_FUNCS’
 1415 |   _GLIB_DEFINE_AUTOPTR_CLEANUP_FUNCS(TypeName, TypeName, func)
      |   ^~~~~~~~~~~~~~~~~~~~~~~~~~~~~~~~~~
/usr/include/gtk-4.0/gdk/x11/gdkx-autocleanups.h:25:1: note: in expansion of macro ‘G_DEFINE_AUTOPTR_CLEANUP_FUNC’
   25 | G_DEFINE_AUTOPTR_CLEANUP_FUNC(GdkX11DeviceManagerXI2, g_object_unref)
      | ^~~~~~~~~~~~~~~~~~~~~~~~~~~~~
/usr/include/glib-2.0/glib/gmacros.h:760:3: error: expected declaration specifiers before ‘#pragma’
  760 |   _Pragma ("GCC diagnostic push")                       \
      |   ^~~~~~~
/usr/include/glib-2.0/glib/gmacros.h:1395:3: note: in expansion of macro ‘G_GNUC_BEGIN_IGNORE_DEPRECATIONS’
 1395 |   G_GNUC_BEGIN_IGNORE_DEPRECATIONS                                                                              \
      |   ^~~~~~~~~~~~~~~~~~~~~~~~~~~~~~~~
/usr/include/glib-2.0/glib/gmacros.h:1415:3: note: in expansion of macro ‘_GLIB_DEFINE_AUTOPTR_CLEANUP_FUNCS’
 1415 |   _GLIB_DEFINE_AUTOPTR_CLEANUP_FUNCS(TypeName, TypeName, func)
      |   ^~~~~~~~~~~~~~~~~~~~~~~~~~~~~~~~~~
/usr/include/gtk-4.0/gdk/x11/gdkx-autocleanups.h:25:1: note: in expansion of macro ‘G_DEFINE_AUTOPTR_CLEANUP_FUNC’
   25 | G_DEFINE_AUTOPTR_CLEANUP_FUNC(GdkX11DeviceManagerXI2, g_object_unref)
      | ^~~~~~~~~~~~~~~~~~~~~~~~~~~~~
/usr/include/gtk-4.0/gdk/x11/gdkx-autocleanups.h:25:31: error: expected declaration specifiers or ‘...’ before ‘GdkX11DeviceManagerXI2’
   25 | G_DEFINE_AUTOPTR_CLEANUP_FUNC(GdkX11DeviceManagerXI2, g_object_unref)
      |                               ^~~~~~~~~~~~~~~~~~~~~~
/usr/include/glib-2.0/glib/gmacros.h:1398:71: note: in definition of macro ‘_GLIB_DEFINE_AUTOPTR_CLEANUP_FUNCS’
 1398 |   static G_GNUC_UNUSED inline void _GLIB_AUTOPTR_FUNC_NAME(TypeName) (TypeName **_ptr)                          \
      |                                                                       ^~~~~~~~
/usr/include/gtk-4.0/gdk/x11/gdkx-autocleanups.h:25:1: note: in expansion of macro ‘G_DEFINE_AUTOPTR_CLEANUP_FUNC’
   25 | G_DEFINE_AUTOPTR_CLEANUP_FUNC(GdkX11DeviceManagerXI2, g_object_unref)
      | ^~~~~~~~~~~~~~~~~~~~~~~~~~~~~
/usr/include/glib-2.0/glib/gmacros.h:1401:5: error: expected ‘=’, ‘,’, ‘;’, ‘asm’ or ‘__attribute__’ before ‘{’ token
 1401 |     { (cleanup) ((ParentName *) _ptr); }                                                                        \
      |     ^
/usr/include/glib-2.0/glib/gmacros.h:1415:3: note: in expansion of macro ‘_GLIB_DEFINE_AUTOPTR_CLEANUP_FUNCS’
 1415 |   _GLIB_DEFINE_AUTOPTR_CLEANUP_FUNCS(TypeName, TypeName, func)
      |   ^~~~~~~~~~~~~~~~~~~~~~~~~~~~~~~~~~
/usr/include/gtk-4.0/gdk/x11/gdkx-autocleanups.h:25:1: note: in expansion of macro ‘G_DEFINE_AUTOPTR_CLEANUP_FUNC’
   25 | G_DEFINE_AUTOPTR_CLEANUP_FUNC(GdkX11DeviceManagerXI2, g_object_unref)
      | ^~~~~~~~~~~~~~~~~~~~~~~~~~~~~
/usr/include/glib-2.0/glib/gmacros.h:1403:5: error: expected ‘=’, ‘,’, ‘;’, ‘asm’ or ‘__attribute__’ before ‘{’ token
 1403 |     { g_list_free_full (*_l, _GLIB_AUTOPTR_DESTROY_FUNC_NAME(TypeName)); }                                      \
      |     ^
/usr/include/glib-2.0/glib/gmacros.h:1415:3: note: in expansion of macro ‘_GLIB_DEFINE_AUTOPTR_CLEANUP_FUNCS’
 1415 |   _GLIB_DEFINE_AUTOPTR_CLEANUP_FUNCS(TypeName, TypeName, func)
      |   ^~~~~~~~~~~~~~~~~~~~~~~~~~~~~~~~~~
/usr/include/gtk-4.0/gdk/x11/gdkx-autocleanups.h:25:1: note: in expansion of macro ‘G_DEFINE_AUTOPTR_CLEANUP_FUNC’
   25 | G_DEFINE_AUTOPTR_CLEANUP_FUNC(GdkX11DeviceManagerXI2, g_object_unref)
      | ^~~~~~~~~~~~~~~~~~~~~~~~~~~~~
/usr/include/glib-2.0/glib/gmacros.h:1405:5: error: expected ‘=’, ‘,’, ‘;’, ‘asm’ or ‘__attribute__’ before ‘{’ token
 1405 |     { g_slist_free_full (*_l, _GLIB_AUTOPTR_DESTROY_FUNC_NAME(TypeName)); }                                     \
      |     ^
/usr/include/glib-2.0/glib/gmacros.h:1415:3: note: in expansion of macro ‘_GLIB_DEFINE_AUTOPTR_CLEANUP_FUNCS’
 1415 |   _GLIB_DEFINE_AUTOPTR_CLEANUP_FUNCS(TypeName, TypeName, func)
      |   ^~~~~~~~~~~~~~~~~~~~~~~~~~~~~~~~~~
/usr/include/gtk-4.0/gdk/x11/gdkx-autocleanups.h:25:1: note: in expansion of macro ‘G_DEFINE_AUTOPTR_CLEANUP_FUNC’
   25 | G_DEFINE_AUTOPTR_CLEANUP_FUNC(GdkX11DeviceManagerXI2, g_object_unref)
      | ^~~~~~~~~~~~~~~~~~~~~~~~~~~~~
/usr/include/glib-2.0/glib/gmacros.h:1407:5: error: expected ‘=’, ‘,’, ‘;’, ‘asm’ or ‘__attribute__’ before ‘{’ token
 1407 |     { if (*_q) g_queue_free_full (*_q, _GLIB_AUTOPTR_DESTROY_FUNC_NAME(TypeName)); }                            \
      |     ^
/usr/include/glib-2.0/glib/gmacros.h:1415:3: note: in expansion of macro ‘_GLIB_DEFINE_AUTOPTR_CLEANUP_FUNCS’
 1415 |   _GLIB_DEFINE_AUTOPTR_CLEANUP_FUNCS(TypeName, TypeName, func)
      |   ^~~~~~~~~~~~~~~~~~~~~~~~~~~~~~~~~~
/usr/include/gtk-4.0/gdk/x11/gdkx-autocleanups.h:25:1: note: in expansion of macro ‘G_DEFINE_AUTOPTR_CLEANUP_FUNC’
   25 | G_DEFINE_AUTOPTR_CLEANUP_FUNC(GdkX11DeviceManagerXI2, g_object_unref)
      | ^~~~~~~~~~~~~~~~~~~~~~~~~~~~~
/usr/include/glib-2.0/glib/gmacros.h:763:3: error: expected declaration specifiers before ‘#pragma’
  763 |   _Pragma ("GCC diagnostic pop")
      |   ^~~~~~~
/usr/include/glib-2.0/glib/gmacros.h:1408:3: note: in expansion of macro ‘G_GNUC_END_IGNORE_DEPRECATIONS’
 1408 |   G_GNUC_END_IGNORE_DEPRECATIONS
      |   ^~~~~~~~~~~~~~~~~~~~~~~~~~~~~~
/usr/include/glib-2.0/glib/gmacros.h:1415:3: note: in expansion of macro ‘_GLIB_DEFINE_AUTOPTR_CLEANUP_FUNCS’
 1415 |   _GLIB_DEFINE_AUTOPTR_CLEANUP_FUNCS(TypeName, TypeName, func)
      |   ^~~~~~~~~~~~~~~~~~~~~~~~~~~~~~~~~~
/usr/include/gtk-4.0/gdk/x11/gdkx-autocleanups.h:25:1: note: in expansion of macro ‘G_DEFINE_AUTOPTR_CLEANUP_FUNC’
   25 | G_DEFINE_AUTOPTR_CLEANUP_FUNC(GdkX11DeviceManagerXI2, g_object_unref)
      | ^~~~~~~~~~~~~~~~~~~~~~~~~~~~~
/usr/include/gtk-4.0/gdk/x11/gdkx-autocleanups.h:26:31: error: storage class specified for parameter ‘GdkX11DeviceXI2_listautoptr’
   26 | G_DEFINE_AUTOPTR_CLEANUP_FUNC(GdkX11DeviceXI2, g_object_unref)
      |                               ^~~~~~~~~~~~~~~
/usr/include/glib-2.0/glib/gmacros.h:1383:48: note: in definition of macro ‘_GLIB_AUTOPTR_LIST_TYPENAME’
 1383 | #define _GLIB_AUTOPTR_LIST_TYPENAME(TypeName)  TypeName##_listautoptr
      |                                                ^~~~~~~~
/usr/include/glib-2.0/glib/gmacros.h:1415:3: note: in expansion of macro ‘_GLIB_DEFINE_AUTOPTR_CLEANUP_FUNCS’
 1415 |   _GLIB_DEFINE_AUTOPTR_CLEANUP_FUNCS(TypeName, TypeName, func)
      |   ^~~~~~~~~~~~~~~~~~~~~~~~~~~~~~~~~~
/usr/include/gtk-4.0/gdk/x11/gdkx-autocleanups.h:26:1: note: in expansion of macro ‘G_DEFINE_AUTOPTR_CLEANUP_FUNC’
   26 | G_DEFINE_AUTOPTR_CLEANUP_FUNC(GdkX11DeviceXI2, g_object_unref)
      | ^~~~~~~~~~~~~~~~~~~~~~~~~~~~~
/usr/include/gtk-4.0/gdk/x11/gdkx-autocleanups.h:26:31: error: storage class specified for parameter ‘GdkX11DeviceXI2_slistautoptr’
   26 | G_DEFINE_AUTOPTR_CLEANUP_FUNC(GdkX11DeviceXI2, g_object_unref)
      |                               ^~~~~~~~~~~~~~~
/usr/include/glib-2.0/glib/gmacros.h:1385:49: note: in definition of macro ‘_GLIB_AUTOPTR_SLIST_TYPENAME’
 1385 | #define _GLIB_AUTOPTR_SLIST_TYPENAME(TypeName)  TypeName##_slistautoptr
      |                                                 ^~~~~~~~
/usr/include/glib-2.0/glib/gmacros.h:1415:3: note: in expansion of macro ‘_GLIB_DEFINE_AUTOPTR_CLEANUP_FUNCS’
 1415 |   _GLIB_DEFINE_AUTOPTR_CLEANUP_FUNCS(TypeName, TypeName, func)
      |   ^~~~~~~~~~~~~~~~~~~~~~~~~~~~~~~~~~
/usr/include/gtk-4.0/gdk/x11/gdkx-autocleanups.h:26:1: note: in expansion of macro ‘G_DEFINE_AUTOPTR_CLEANUP_FUNC’
   26 | G_DEFINE_AUTOPTR_CLEANUP_FUNC(GdkX11DeviceXI2, g_object_unref)
      | ^~~~~~~~~~~~~~~~~~~~~~~~~~~~~
/usr/include/gtk-4.0/gdk/x11/gdkx-autocleanups.h:26:31: error: storage class specified for parameter ‘GdkX11DeviceXI2_queueautoptr’
   26 | G_DEFINE_AUTOPTR_CLEANUP_FUNC(GdkX11DeviceXI2, g_object_unref)
      |                               ^~~~~~~~~~~~~~~
/usr/include/glib-2.0/glib/gmacros.h:1387:49: note: in definition of macro ‘_GLIB_AUTOPTR_QUEUE_TYPENAME’
 1387 | #define _GLIB_AUTOPTR_QUEUE_TYPENAME(TypeName)  TypeName##_queueautoptr
      |                                                 ^~~~~~~~
/usr/include/glib-2.0/glib/gmacros.h:1415:3: note: in expansion of macro ‘_GLIB_DEFINE_AUTOPTR_CLEANUP_FUNCS’
 1415 |   _GLIB_DEFINE_AUTOPTR_CLEANUP_FUNCS(TypeName, TypeName, func)
      |   ^~~~~~~~~~~~~~~~~~~~~~~~~~~~~~~~~~
/usr/include/gtk-4.0/gdk/x11/gdkx-autocleanups.h:26:1: note: in expansion of macro ‘G_DEFINE_AUTOPTR_CLEANUP_FUNC’
   26 | G_DEFINE_AUTOPTR_CLEANUP_FUNC(GdkX11DeviceXI2, g_object_unref)
      | ^~~~~~~~~~~~~~~~~~~~~~~~~~~~~
/usr/include/glib-2.0/glib/gmacros.h:760:3: error: expected declaration specifiers before ‘#pragma’
  760 |   _Pragma ("GCC diagnostic push")                       \
      |   ^~~~~~~
/usr/include/glib-2.0/glib/gmacros.h:1395:3: note: in expansion of macro ‘G_GNUC_BEGIN_IGNORE_DEPRECATIONS’
 1395 |   G_GNUC_BEGIN_IGNORE_DEPRECATIONS                                                                              \
      |   ^~~~~~~~~~~~~~~~~~~~~~~~~~~~~~~~
/usr/include/glib-2.0/glib/gmacros.h:1415:3: note: in expansion of macro ‘_GLIB_DEFINE_AUTOPTR_CLEANUP_FUNCS’
 1415 |   _GLIB_DEFINE_AUTOPTR_CLEANUP_FUNCS(TypeName, TypeName, func)
      |   ^~~~~~~~~~~~~~~~~~~~~~~~~~~~~~~~~~
/usr/include/gtk-4.0/gdk/x11/gdkx-autocleanups.h:26:1: note: in expansion of macro ‘G_DEFINE_AUTOPTR_CLEANUP_FUNC’
   26 | G_DEFINE_AUTOPTR_CLEANUP_FUNC(GdkX11DeviceXI2, g_object_unref)
      | ^~~~~~~~~~~~~~~~~~~~~~~~~~~~~
/usr/include/gtk-4.0/gdk/x11/gdkx-autocleanups.h:26:31: error: expected declaration specifiers or ‘...’ before ‘GdkX11DeviceXI2’
   26 | G_DEFINE_AUTOPTR_CLEANUP_FUNC(GdkX11DeviceXI2, g_object_unref)
      |                               ^~~~~~~~~~~~~~~
/usr/include/glib-2.0/glib/gmacros.h:1398:71: note: in definition of macro ‘_GLIB_DEFINE_AUTOPTR_CLEANUP_FUNCS’
 1398 |   static G_GNUC_UNUSED inline void _GLIB_AUTOPTR_FUNC_NAME(TypeName) (TypeName **_ptr)                          \
      |                                                                       ^~~~~~~~
/usr/include/gtk-4.0/gdk/x11/gdkx-autocleanups.h:26:1: note: in expansion of macro ‘G_DEFINE_AUTOPTR_CLEANUP_FUNC’
   26 | G_DEFINE_AUTOPTR_CLEANUP_FUNC(GdkX11DeviceXI2, g_object_unref)
      | ^~~~~~~~~~~~~~~~~~~~~~~~~~~~~
/usr/include/glib-2.0/glib/gmacros.h:1401:5: error: expected ‘=’, ‘,’, ‘;’, ‘asm’ or ‘__attribute__’ before ‘{’ token
 1401 |     { (cleanup) ((ParentName *) _ptr); }                                                                        \
      |     ^
/usr/include/glib-2.0/glib/gmacros.h:1415:3: note: in expansion of macro ‘_GLIB_DEFINE_AUTOPTR_CLEANUP_FUNCS’
 1415 |   _GLIB_DEFINE_AUTOPTR_CLEANUP_FUNCS(TypeName, TypeName, func)
      |   ^~~~~~~~~~~~~~~~~~~~~~~~~~~~~~~~~~
/usr/include/gtk-4.0/gdk/x11/gdkx-autocleanups.h:26:1: note: in expansion of macro ‘G_DEFINE_AUTOPTR_CLEANUP_FUNC’
   26 | G_DEFINE_AUTOPTR_CLEANUP_FUNC(GdkX11DeviceXI2, g_object_unref)
      | ^~~~~~~~~~~~~~~~~~~~~~~~~~~~~
/usr/include/glib-2.0/glib/gmacros.h:1403:5: error: expected ‘=’, ‘,’, ‘;’, ‘asm’ or ‘__attribute__’ before ‘{’ token
 1403 |     { g_list_free_full (*_l, _GLIB_AUTOPTR_DESTROY_FUNC_NAME(TypeName)); }                                      \
      |     ^
/usr/include/glib-2.0/glib/gmacros.h:1415:3: note: in expansion of macro ‘_GLIB_DEFINE_AUTOPTR_CLEANUP_FUNCS’
 1415 |   _GLIB_DEFINE_AUTOPTR_CLEANUP_FUNCS(TypeName, TypeName, func)
      |   ^~~~~~~~~~~~~~~~~~~~~~~~~~~~~~~~~~
/usr/include/gtk-4.0/gdk/x11/gdkx-autocleanups.h:26:1: note: in expansion of macro ‘G_DEFINE_AUTOPTR_CLEANUP_FUNC’
   26 | G_DEFINE_AUTOPTR_CLEANUP_FUNC(GdkX11DeviceXI2, g_object_unref)
      | ^~~~~~~~~~~~~~~~~~~~~~~~~~~~~
/usr/include/glib-2.0/glib/gmacros.h:1405:5: error: expected ‘=’, ‘,’, ‘;’, ‘asm’ or ‘__attribute__’ before ‘{’ token
 1405 |     { g_slist_free_full (*_l, _GLIB_AUTOPTR_DESTROY_FUNC_NAME(TypeName)); }                                     \
      |     ^
/usr/include/glib-2.0/glib/gmacros.h:1415:3: note: in expansion of macro ‘_GLIB_DEFINE_AUTOPTR_CLEANUP_FUNCS’
 1415 |   _GLIB_DEFINE_AUTOPTR_CLEANUP_FUNCS(TypeName, TypeName, func)
      |   ^~~~~~~~~~~~~~~~~~~~~~~~~~~~~~~~~~
/usr/include/gtk-4.0/gdk/x11/gdkx-autocleanups.h:26:1: note: in expansion of macro ‘G_DEFINE_AUTOPTR_CLEANUP_FUNC’
   26 | G_DEFINE_AUTOPTR_CLEANUP_FUNC(GdkX11DeviceXI2, g_object_unref)
      | ^~~~~~~~~~~~~~~~~~~~~~~~~~~~~
/usr/include/glib-2.0/glib/gmacros.h:1407:5: error: expected ‘=’, ‘,’, ‘;’, ‘asm’ or ‘__attribute__’ before ‘{’ token
 1407 |     { if (*_q) g_queue_free_full (*_q, _GLIB_AUTOPTR_DESTROY_FUNC_NAME(TypeName)); }                            \
      |     ^
/usr/include/glib-2.0/glib/gmacros.h:1415:3: note: in expansion of macro ‘_GLIB_DEFINE_AUTOPTR_CLEANUP_FUNCS’
 1415 |   _GLIB_DEFINE_AUTOPTR_CLEANUP_FUNCS(TypeName, TypeName, func)
      |   ^~~~~~~~~~~~~~~~~~~~~~~~~~~~~~~~~~
/usr/include/gtk-4.0/gdk/x11/gdkx-autocleanups.h:26:1: note: in expansion of macro ‘G_DEFINE_AUTOPTR_CLEANUP_FUNC’
   26 | G_DEFINE_AUTOPTR_CLEANUP_FUNC(GdkX11DeviceXI2, g_object_unref)
      | ^~~~~~~~~~~~~~~~~~~~~~~~~~~~~
/usr/include/glib-2.0/glib/gmacros.h:763:3: error: expected declaration specifiers before ‘#pragma’
  763 |   _Pragma ("GCC diagnostic pop")
      |   ^~~~~~~
/usr/include/glib-2.0/glib/gmacros.h:1408:3: note: in expansion of macro ‘G_GNUC_END_IGNORE_DEPRECATIONS’
 1408 |   G_GNUC_END_IGNORE_DEPRECATIONS
      |   ^~~~~~~~~~~~~~~~~~~~~~~~~~~~~~
/usr/include/glib-2.0/glib/gmacros.h:1415:3: note: in expansion of macro ‘_GLIB_DEFINE_AUTOPTR_CLEANUP_FUNCS’
 1415 |   _GLIB_DEFINE_AUTOPTR_CLEANUP_FUNCS(TypeName, TypeName, func)
      |   ^~~~~~~~~~~~~~~~~~~~~~~~~~~~~~~~~~
/usr/include/gtk-4.0/gdk/x11/gdkx-autocleanups.h:26:1: note: in expansion of macro ‘G_DEFINE_AUTOPTR_CLEANUP_FUNC’
   26 | G_DEFINE_AUTOPTR_CLEANUP_FUNC(GdkX11DeviceXI2, g_object_unref)
      | ^~~~~~~~~~~~~~~~~~~~~~~~~~~~~
/usr/include/gtk-4.0/gdk/x11/gdkx-autocleanups.h:27:31: error: storage class specified for parameter ‘GdkX11Display_listautoptr’
   27 | G_DEFINE_AUTOPTR_CLEANUP_FUNC(GdkX11Display, g_object_unref)
      |                               ^~~~~~~~~~~~~
/usr/include/glib-2.0/glib/gmacros.h:1383:48: note: in definition of macro ‘_GLIB_AUTOPTR_LIST_TYPENAME’
 1383 | #define _GLIB_AUTOPTR_LIST_TYPENAME(TypeName)  TypeName##_listautoptr
      |                                                ^~~~~~~~
/usr/include/glib-2.0/glib/gmacros.h:1415:3: note: in expansion of macro ‘_GLIB_DEFINE_AUTOPTR_CLEANUP_FUNCS’
 1415 |   _GLIB_DEFINE_AUTOPTR_CLEANUP_FUNCS(TypeName, TypeName, func)
      |   ^~~~~~~~~~~~~~~~~~~~~~~~~~~~~~~~~~
/usr/include/gtk-4.0/gdk/x11/gdkx-autocleanups.h:27:1: note: in expansion of macro ‘G_DEFINE_AUTOPTR_CLEANUP_FUNC’
   27 | G_DEFINE_AUTOPTR_CLEANUP_FUNC(GdkX11Display, g_object_unref)
      | ^~~~~~~~~~~~~~~~~~~~~~~~~~~~~
/usr/include/gtk-4.0/gdk/x11/gdkx-autocleanups.h:27:31: error: storage class specified for parameter ‘GdkX11Display_slistautoptr’
   27 | G_DEFINE_AUTOPTR_CLEANUP_FUNC(GdkX11Display, g_object_unref)
      |                               ^~~~~~~~~~~~~
/usr/include/glib-2.0/glib/gmacros.h:1385:49: note: in definition of macro ‘_GLIB_AUTOPTR_SLIST_TYPENAME’
 1385 | #define _GLIB_AUTOPTR_SLIST_TYPENAME(TypeName)  TypeName##_slistautoptr
      |                                                 ^~~~~~~~
/usr/include/glib-2.0/glib/gmacros.h:1415:3: note: in expansion of macro ‘_GLIB_DEFINE_AUTOPTR_CLEANUP_FUNCS’
 1415 |   _GLIB_DEFINE_AUTOPTR_CLEANUP_FUNCS(TypeName, TypeName, func)
      |   ^~~~~~~~~~~~~~~~~~~~~~~~~~~~~~~~~~
/usr/include/gtk-4.0/gdk/x11/gdkx-autocleanups.h:27:1: note: in expansion of macro ‘G_DEFINE_AUTOPTR_CLEANUP_FUNC’
   27 | G_DEFINE_AUTOPTR_CLEANUP_FUNC(GdkX11Display, g_object_unref)
      | ^~~~~~~~~~~~~~~~~~~~~~~~~~~~~
/usr/include/gtk-4.0/gdk/x11/gdkx-autocleanups.h:27:31: error: storage class specified for parameter ‘GdkX11Display_queueautoptr’
   27 | G_DEFINE_AUTOPTR_CLEANUP_FUNC(GdkX11Display, g_object_unref)
      |                               ^~~~~~~~~~~~~
/usr/include/glib-2.0/glib/gmacros.h:1387:49: note: in definition of macro ‘_GLIB_AUTOPTR_QUEUE_TYPENAME’
 1387 | #define _GLIB_AUTOPTR_QUEUE_TYPENAME(TypeName)  TypeName##_queueautoptr
      |                                                 ^~~~~~~~
/usr/include/glib-2.0/glib/gmacros.h:1415:3: note: in expansion of macro ‘_GLIB_DEFINE_AUTOPTR_CLEANUP_FUNCS’
 1415 |   _GLIB_DEFINE_AUTOPTR_CLEANUP_FUNCS(TypeName, TypeName, func)
      |   ^~~~~~~~~~~~~~~~~~~~~~~~~~~~~~~~~~
/usr/include/gtk-4.0/gdk/x11/gdkx-autocleanups.h:27:1: note: in expansion of macro ‘G_DEFINE_AUTOPTR_CLEANUP_FUNC’
   27 | G_DEFINE_AUTOPTR_CLEANUP_FUNC(GdkX11Display, g_object_unref)
      | ^~~~~~~~~~~~~~~~~~~~~~~~~~~~~
/usr/include/glib-2.0/glib/gmacros.h:760:3: error: expected declaration specifiers before ‘#pragma’
  760 |   _Pragma ("GCC diagnostic push")                       \
      |   ^~~~~~~
/usr/include/glib-2.0/glib/gmacros.h:1395:3: note: in expansion of macro ‘G_GNUC_BEGIN_IGNORE_DEPRECATIONS’
 1395 |   G_GNUC_BEGIN_IGNORE_DEPRECATIONS                                                                              \
      |   ^~~~~~~~~~~~~~~~~~~~~~~~~~~~~~~~
/usr/include/glib-2.0/glib/gmacros.h:1415:3: note: in expansion of macro ‘_GLIB_DEFINE_AUTOPTR_CLEANUP_FUNCS’
 1415 |   _GLIB_DEFINE_AUTOPTR_CLEANUP_FUNCS(TypeName, TypeName, func)
      |   ^~~~~~~~~~~~~~~~~~~~~~~~~~~~~~~~~~
/usr/include/gtk-4.0/gdk/x11/gdkx-autocleanups.h:27:1: note: in expansion of macro ‘G_DEFINE_AUTOPTR_CLEANUP_FUNC’
   27 | G_DEFINE_AUTOPTR_CLEANUP_FUNC(GdkX11Display, g_object_unref)
      | ^~~~~~~~~~~~~~~~~~~~~~~~~~~~~
/usr/include/gtk-4.0/gdk/x11/gdkx-autocleanups.h:27:31: error: expected declaration specifiers or ‘...’ before ‘GdkX11Display’
   27 | G_DEFINE_AUTOPTR_CLEANUP_FUNC(GdkX11Display, g_object_unref)
      |                               ^~~~~~~~~~~~~
/usr/include/glib-2.0/glib/gmacros.h:1398:71: note: in definition of macro ‘_GLIB_DEFINE_AUTOPTR_CLEANUP_FUNCS’
 1398 |   static G_GNUC_UNUSED inline void _GLIB_AUTOPTR_FUNC_NAME(TypeName) (TypeName **_ptr)                          \
      |                                                                       ^~~~~~~~
/usr/include/gtk-4.0/gdk/x11/gdkx-autocleanups.h:27:1: note: in expansion of macro ‘G_DEFINE_AUTOPTR_CLEANUP_FUNC’
   27 | G_DEFINE_AUTOPTR_CLEANUP_FUNC(GdkX11Display, g_object_unref)
      | ^~~~~~~~~~~~~~~~~~~~~~~~~~~~~
/usr/include/glib-2.0/glib/gmacros.h:1401:5: error: expected ‘=’, ‘,’, ‘;’, ‘asm’ or ‘__attribute__’ before ‘{’ token
 1401 |     { (cleanup) ((ParentName *) _ptr); }                                                                        \
      |     ^
/usr/include/glib-2.0/glib/gmacros.h:1415:3: note: in expansion of macro ‘_GLIB_DEFINE_AUTOPTR_CLEANUP_FUNCS’
 1415 |   _GLIB_DEFINE_AUTOPTR_CLEANUP_FUNCS(TypeName, TypeName, func)
      |   ^~~~~~~~~~~~~~~~~~~~~~~~~~~~~~~~~~
/usr/include/gtk-4.0/gdk/x11/gdkx-autocleanups.h:27:1: note: in expansion of macro ‘G_DEFINE_AUTOPTR_CLEANUP_FUNC’
   27 | G_DEFINE_AUTOPTR_CLEANUP_FUNC(GdkX11Display, g_object_unref)
      | ^~~~~~~~~~~~~~~~~~~~~~~~~~~~~
/usr/include/glib-2.0/glib/gmacros.h:1403:5: error: expected ‘=’, ‘,’, ‘;’, ‘asm’ or ‘__attribute__’ before ‘{’ token
 1403 |     { g_list_free_full (*_l, _GLIB_AUTOPTR_DESTROY_FUNC_NAME(TypeName)); }                                      \
      |     ^
/usr/include/glib-2.0/glib/gmacros.h:1415:3: note: in expansion of macro ‘_GLIB_DEFINE_AUTOPTR_CLEANUP_FUNCS’
 1415 |   _GLIB_DEFINE_AUTOPTR_CLEANUP_FUNCS(TypeName, TypeName, func)
      |   ^~~~~~~~~~~~~~~~~~~~~~~~~~~~~~~~~~
/usr/include/gtk-4.0/gdk/x11/gdkx-autocleanups.h:27:1: note: in expansion of macro ‘G_DEFINE_AUTOPTR_CLEANUP_FUNC’
   27 | G_DEFINE_AUTOPTR_CLEANUP_FUNC(GdkX11Display, g_object_unref)
      | ^~~~~~~~~~~~~~~~~~~~~~~~~~~~~
/usr/include/glib-2.0/glib/gmacros.h:1405:5: error: expected ‘=’, ‘,’, ‘;’, ‘asm’ or ‘__attribute__’ before ‘{’ token
 1405 |     { g_slist_free_full (*_l, _GLIB_AUTOPTR_DESTROY_FUNC_NAME(TypeName)); }                                     \
      |     ^
/usr/include/glib-2.0/glib/gmacros.h:1415:3: note: in expansion of macro ‘_GLIB_DEFINE_AUTOPTR_CLEANUP_FUNCS’
 1415 |   _GLIB_DEFINE_AUTOPTR_CLEANUP_FUNCS(TypeName, TypeName, func)
      |   ^~~~~~~~~~~~~~~~~~~~~~~~~~~~~~~~~~
/usr/include/gtk-4.0/gdk/x11/gdkx-autocleanups.h:27:1: note: in expansion of macro ‘G_DEFINE_AUTOPTR_CLEANUP_FUNC’
   27 | G_DEFINE_AUTOPTR_CLEANUP_FUNC(GdkX11Display, g_object_unref)
      | ^~~~~~~~~~~~~~~~~~~~~~~~~~~~~
/usr/include/glib-2.0/glib/gmacros.h:1407:5: error: expected ‘=’, ‘,’, ‘;’, ‘asm’ or ‘__attribute__’ before ‘{’ token
 1407 |     { if (*_q) g_queue_free_full (*_q, _GLIB_AUTOPTR_DESTROY_FUNC_NAME(TypeName)); }                            \
      |     ^
/usr/include/glib-2.0/glib/gmacros.h:1415:3: note: in expansion of macro ‘_GLIB_DEFINE_AUTOPTR_CLEANUP_FUNCS’
 1415 |   _GLIB_DEFINE_AUTOPTR_CLEANUP_FUNCS(TypeName, TypeName, func)
      |   ^~~~~~~~~~~~~~~~~~~~~~~~~~~~~~~~~~
/usr/include/gtk-4.0/gdk/x11/gdkx-autocleanups.h:27:1: note: in expansion of macro ‘G_DEFINE_AUTOPTR_CLEANUP_FUNC’
   27 | G_DEFINE_AUTOPTR_CLEANUP_FUNC(GdkX11Display, g_object_unref)
      | ^~~~~~~~~~~~~~~~~~~~~~~~~~~~~
/usr/include/glib-2.0/glib/gmacros.h:763:3: error: expected declaration specifiers before ‘#pragma’
  763 |   _Pragma ("GCC diagnostic pop")
      |   ^~~~~~~
/usr/include/glib-2.0/glib/gmacros.h:1408:3: note: in expansion of macro ‘G_GNUC_END_IGNORE_DEPRECATIONS’
 1408 |   G_GNUC_END_IGNORE_DEPRECATIONS
      |   ^~~~~~~~~~~~~~~~~~~~~~~~~~~~~~
/usr/include/glib-2.0/glib/gmacros.h:1415:3: note: in expansion of macro ‘_GLIB_DEFINE_AUTOPTR_CLEANUP_FUNCS’
 1415 |   _GLIB_DEFINE_AUTOPTR_CLEANUP_FUNCS(TypeName, TypeName, func)
      |   ^~~~~~~~~~~~~~~~~~~~~~~~~~~~~~~~~~
/usr/include/gtk-4.0/gdk/x11/gdkx-autocleanups.h:27:1: note: in expansion of macro ‘G_DEFINE_AUTOPTR_CLEANUP_FUNC’
   27 | G_DEFINE_AUTOPTR_CLEANUP_FUNC(GdkX11Display, g_object_unref)
      | ^~~~~~~~~~~~~~~~~~~~~~~~~~~~~
/usr/include/gtk-4.0/gdk/x11/gdkx-autocleanups.h:28:31: error: storage class specified for parameter ‘GdkX11Drag_listautoptr’
   28 | G_DEFINE_AUTOPTR_CLEANUP_FUNC(GdkX11Drag, g_object_unref)
      |                               ^~~~~~~~~~
/usr/include/glib-2.0/glib/gmacros.h:1383:48: note: in definition of macro ‘_GLIB_AUTOPTR_LIST_TYPENAME’
 1383 | #define _GLIB_AUTOPTR_LIST_TYPENAME(TypeName)  TypeName##_listautoptr
      |                                                ^~~~~~~~
/usr/include/glib-2.0/glib/gmacros.h:1415:3: note: in expansion of macro ‘_GLIB_DEFINE_AUTOPTR_CLEANUP_FUNCS’
 1415 |   _GLIB_DEFINE_AUTOPTR_CLEANUP_FUNCS(TypeName, TypeName, func)
      |   ^~~~~~~~~~~~~~~~~~~~~~~~~~~~~~~~~~
/usr/include/gtk-4.0/gdk/x11/gdkx-autocleanups.h:28:1: note: in expansion of macro ‘G_DEFINE_AUTOPTR_CLEANUP_FUNC’
   28 | G_DEFINE_AUTOPTR_CLEANUP_FUNC(GdkX11Drag, g_object_unref)
      | ^~~~~~~~~~~~~~~~~~~~~~~~~~~~~
/usr/include/gtk-4.0/gdk/x11/gdkx-autocleanups.h:28:31: error: storage class specified for parameter ‘GdkX11Drag_slistautoptr’
   28 | G_DEFINE_AUTOPTR_CLEANUP_FUNC(GdkX11Drag, g_object_unref)
      |                               ^~~~~~~~~~
/usr/include/glib-2.0/glib/gmacros.h:1385:49: note: in definition of macro ‘_GLIB_AUTOPTR_SLIST_TYPENAME’
 1385 | #define _GLIB_AUTOPTR_SLIST_TYPENAME(TypeName)  TypeName##_slistautoptr
      |                                                 ^~~~~~~~
/usr/include/glib-2.0/glib/gmacros.h:1415:3: note: in expansion of macro ‘_GLIB_DEFINE_AUTOPTR_CLEANUP_FUNCS’
 1415 |   _GLIB_DEFINE_AUTOPTR_CLEANUP_FUNCS(TypeName, TypeName, func)
      |   ^~~~~~~~~~~~~~~~~~~~~~~~~~~~~~~~~~
/usr/include/gtk-4.0/gdk/x11/gdkx-autocleanups.h:28:1: note: in expansion of macro ‘G_DEFINE_AUTOPTR_CLEANUP_FUNC’
   28 | G_DEFINE_AUTOPTR_CLEANUP_FUNC(GdkX11Drag, g_object_unref)
      | ^~~~~~~~~~~~~~~~~~~~~~~~~~~~~
/usr/include/gtk-4.0/gdk/x11/gdkx-autocleanups.h:28:31: error: storage class specified for parameter ‘GdkX11Drag_queueautoptr’
   28 | G_DEFINE_AUTOPTR_CLEANUP_FUNC(GdkX11Drag, g_object_unref)
      |                               ^~~~~~~~~~
/usr/include/glib-2.0/glib/gmacros.h:1387:49: note: in definition of macro ‘_GLIB_AUTOPTR_QUEUE_TYPENAME’
 1387 | #define _GLIB_AUTOPTR_QUEUE_TYPENAME(TypeName)  TypeName##_queueautoptr
      |                                                 ^~~~~~~~
/usr/include/glib-2.0/glib/gmacros.h:1415:3: note: in expansion of macro ‘_GLIB_DEFINE_AUTOPTR_CLEANUP_FUNCS’
 1415 |   _GLIB_DEFINE_AUTOPTR_CLEANUP_FUNCS(TypeName, TypeName, func)
      |   ^~~~~~~~~~~~~~~~~~~~~~~~~~~~~~~~~~
/usr/include/gtk-4.0/gdk/x11/gdkx-autocleanups.h:28:1: note: in expansion of macro ‘G_DEFINE_AUTOPTR_CLEANUP_FUNC’
   28 | G_DEFINE_AUTOPTR_CLEANUP_FUNC(GdkX11Drag, g_object_unref)
      | ^~~~~~~~~~~~~~~~~~~~~~~~~~~~~
/usr/include/glib-2.0/glib/gmacros.h:760:3: error: expected declaration specifiers before ‘#pragma’
  760 |   _Pragma ("GCC diagnostic push")                       \
      |   ^~~~~~~
/usr/include/glib-2.0/glib/gmacros.h:1395:3: note: in expansion of macro ‘G_GNUC_BEGIN_IGNORE_DEPRECATIONS’
 1395 |   G_GNUC_BEGIN_IGNORE_DEPRECATIONS                                                                              \
      |   ^~~~~~~~~~~~~~~~~~~~~~~~~~~~~~~~
/usr/include/glib-2.0/glib/gmacros.h:1415:3: note: in expansion of macro ‘_GLIB_DEFINE_AUTOPTR_CLEANUP_FUNCS’
 1415 |   _GLIB_DEFINE_AUTOPTR_CLEANUP_FUNCS(TypeName, TypeName, func)
      |   ^~~~~~~~~~~~~~~~~~~~~~~~~~~~~~~~~~
/usr/include/gtk-4.0/gdk/x11/gdkx-autocleanups.h:28:1: note: in expansion of macro ‘G_DEFINE_AUTOPTR_CLEANUP_FUNC’
   28 | G_DEFINE_AUTOPTR_CLEANUP_FUNC(GdkX11Drag, g_object_unref)
      | ^~~~~~~~~~~~~~~~~~~~~~~~~~~~~
/usr/include/gtk-4.0/gdk/x11/gdkx-autocleanups.h:28:31: error: expected declaration specifiers or ‘...’ before ‘GdkX11Drag’
   28 | G_DEFINE_AUTOPTR_CLEANUP_FUNC(GdkX11Drag, g_object_unref)
      |                               ^~~~~~~~~~
/usr/include/glib-2.0/glib/gmacros.h:1398:71: note: in definition of macro ‘_GLIB_DEFINE_AUTOPTR_CLEANUP_FUNCS’
 1398 |   static G_GNUC_UNUSED inline void _GLIB_AUTOPTR_FUNC_NAME(TypeName) (TypeName **_ptr)                          \
      |                                                                       ^~~~~~~~
/usr/include/gtk-4.0/gdk/x11/gdkx-autocleanups.h:28:1: note: in expansion of macro ‘G_DEFINE_AUTOPTR_CLEANUP_FUNC’
   28 | G_DEFINE_AUTOPTR_CLEANUP_FUNC(GdkX11Drag, g_object_unref)
      | ^~~~~~~~~~~~~~~~~~~~~~~~~~~~~
/usr/include/glib-2.0/glib/gmacros.h:1401:5: error: expected ‘=’, ‘,’, ‘;’, ‘asm’ or ‘__attribute__’ before ‘{’ token
 1401 |     { (cleanup) ((ParentName *) _ptr); }                                                                        \
      |     ^
/usr/include/glib-2.0/glib/gmacros.h:1415:3: note: in expansion of macro ‘_GLIB_DEFINE_AUTOPTR_CLEANUP_FUNCS’
 1415 |   _GLIB_DEFINE_AUTOPTR_CLEANUP_FUNCS(TypeName, TypeName, func)
      |   ^~~~~~~~~~~~~~~~~~~~~~~~~~~~~~~~~~
/usr/include/gtk-4.0/gdk/x11/gdkx-autocleanups.h:28:1: note: in expansion of macro ‘G_DEFINE_AUTOPTR_CLEANUP_FUNC’
   28 | G_DEFINE_AUTOPTR_CLEANUP_FUNC(GdkX11Drag, g_object_unref)
      | ^~~~~~~~~~~~~~~~~~~~~~~~~~~~~
/usr/include/glib-2.0/glib/gmacros.h:1403:5: error: expected ‘=’, ‘,’, ‘;’, ‘asm’ or ‘__attribute__’ before ‘{’ token
 1403 |     { g_list_free_full (*_l, _GLIB_AUTOPTR_DESTROY_FUNC_NAME(TypeName)); }                                      \
      |     ^
/usr/include/glib-2.0/glib/gmacros.h:1415:3: note: in expansion of macro ‘_GLIB_DEFINE_AUTOPTR_CLEANUP_FUNCS’
 1415 |   _GLIB_DEFINE_AUTOPTR_CLEANUP_FUNCS(TypeName, TypeName, func)
      |   ^~~~~~~~~~~~~~~~~~~~~~~~~~~~~~~~~~
/usr/include/gtk-4.0/gdk/x11/gdkx-autocleanups.h:28:1: note: in expansion of macro ‘G_DEFINE_AUTOPTR_CLEANUP_FUNC’
   28 | G_DEFINE_AUTOPTR_CLEANUP_FUNC(GdkX11Drag, g_object_unref)
      | ^~~~~~~~~~~~~~~~~~~~~~~~~~~~~
/usr/include/glib-2.0/glib/gmacros.h:1405:5: error: expected ‘=’, ‘,’, ‘;’, ‘asm’ or ‘__attribute__’ before ‘{’ token
 1405 |     { g_slist_free_full (*_l, _GLIB_AUTOPTR_DESTROY_FUNC_NAME(TypeName)); }                                     \
      |     ^
/usr/include/glib-2.0/glib/gmacros.h:1415:3: note: in expansion of macro ‘_GLIB_DEFINE_AUTOPTR_CLEANUP_FUNCS’
 1415 |   _GLIB_DEFINE_AUTOPTR_CLEANUP_FUNCS(TypeName, TypeName, func)
      |   ^~~~~~~~~~~~~~~~~~~~~~~~~~~~~~~~~~
/usr/include/gtk-4.0/gdk/x11/gdkx-autocleanups.h:28:1: note: in expansion of macro ‘G_DEFINE_AUTOPTR_CLEANUP_FUNC’
   28 | G_DEFINE_AUTOPTR_CLEANUP_FUNC(GdkX11Drag, g_object_unref)
      | ^~~~~~~~~~~~~~~~~~~~~~~~~~~~~
/usr/include/glib-2.0/glib/gmacros.h:1407:5: error: expected ‘=’, ‘,’, ‘;’, ‘asm’ or ‘__attribute__’ before ‘{’ token
 1407 |     { if (*_q) g_queue_free_full (*_q, _GLIB_AUTOPTR_DESTROY_FUNC_NAME(TypeName)); }                            \
      |     ^
/usr/include/glib-2.0/glib/gmacros.h:1415:3: note: in expansion of macro ‘_GLIB_DEFINE_AUTOPTR_CLEANUP_FUNCS’
 1415 |   _GLIB_DEFINE_AUTOPTR_CLEANUP_FUNCS(TypeName, TypeName, func)
      |   ^~~~~~~~~~~~~~~~~~~~~~~~~~~~~~~~~~
/usr/include/gtk-4.0/gdk/x11/gdkx-autocleanups.h:28:1: note: in expansion of macro ‘G_DEFINE_AUTOPTR_CLEANUP_FUNC’
   28 | G_DEFINE_AUTOPTR_CLEANUP_FUNC(GdkX11Drag, g_object_unref)
      | ^~~~~~~~~~~~~~~~~~~~~~~~~~~~~
/usr/include/glib-2.0/glib/gmacros.h:763:3: error: expected declaration specifiers before ‘#pragma’
  763 |   _Pragma ("GCC diagnostic pop")
      |   ^~~~~~~
/usr/include/glib-2.0/glib/gmacros.h:1408:3: note: in expansion of macro ‘G_GNUC_END_IGNORE_DEPRECATIONS’
 1408 |   G_GNUC_END_IGNORE_DEPRECATIONS
      |   ^~~~~~~~~~~~~~~~~~~~~~~~~~~~~~
/usr/include/glib-2.0/glib/gmacros.h:1415:3: note: in expansion of macro ‘_GLIB_DEFINE_AUTOPTR_CLEANUP_FUNCS’
 1415 |   _GLIB_DEFINE_AUTOPTR_CLEANUP_FUNCS(TypeName, TypeName, func)
      |   ^~~~~~~~~~~~~~~~~~~~~~~~~~~~~~~~~~
/usr/include/gtk-4.0/gdk/x11/gdkx-autocleanups.h:28:1: note: in expansion of macro ‘G_DEFINE_AUTOPTR_CLEANUP_FUNC’
   28 | G_DEFINE_AUTOPTR_CLEANUP_FUNC(GdkX11Drag, g_object_unref)
      | ^~~~~~~~~~~~~~~~~~~~~~~~~~~~~
/usr/include/gtk-4.0/gdk/x11/gdkx-autocleanups.h:29:31: error: storage class specified for parameter ‘GdkX11GLContext_listautoptr’
   29 | G_DEFINE_AUTOPTR_CLEANUP_FUNC(GdkX11GLContext, g_object_unref)
      |                               ^~~~~~~~~~~~~~~
/usr/include/glib-2.0/glib/gmacros.h:1383:48: note: in definition of macro ‘_GLIB_AUTOPTR_LIST_TYPENAME’
 1383 | #define _GLIB_AUTOPTR_LIST_TYPENAME(TypeName)  TypeName##_listautoptr
      |                                                ^~~~~~~~
/usr/include/glib-2.0/glib/gmacros.h:1415:3: note: in expansion of macro ‘_GLIB_DEFINE_AUTOPTR_CLEANUP_FUNCS’
 1415 |   _GLIB_DEFINE_AUTOPTR_CLEANUP_FUNCS(TypeName, TypeName, func)
      |   ^~~~~~~~~~~~~~~~~~~~~~~~~~~~~~~~~~
/usr/include/gtk-4.0/gdk/x11/gdkx-autocleanups.h:29:1: note: in expansion of macro ‘G_DEFINE_AUTOPTR_CLEANUP_FUNC’
   29 | G_DEFINE_AUTOPTR_CLEANUP_FUNC(GdkX11GLContext, g_object_unref)
      | ^~~~~~~~~~~~~~~~~~~~~~~~~~~~~
/usr/include/gtk-4.0/gdk/x11/gdkx-autocleanups.h:29:31: error: storage class specified for parameter ‘GdkX11GLContext_slistautoptr’
   29 | G_DEFINE_AUTOPTR_CLEANUP_FUNC(GdkX11GLContext, g_object_unref)
      |                               ^~~~~~~~~~~~~~~
/usr/include/glib-2.0/glib/gmacros.h:1385:49: note: in definition of macro ‘_GLIB_AUTOPTR_SLIST_TYPENAME’
 1385 | #define _GLIB_AUTOPTR_SLIST_TYPENAME(TypeName)  TypeName##_slistautoptr
      |                                                 ^~~~~~~~
/usr/include/glib-2.0/glib/gmacros.h:1415:3: note: in expansion of macro ‘_GLIB_DEFINE_AUTOPTR_CLEANUP_FUNCS’
 1415 |   _GLIB_DEFINE_AUTOPTR_CLEANUP_FUNCS(TypeName, TypeName, func)
      |   ^~~~~~~~~~~~~~~~~~~~~~~~~~~~~~~~~~
/usr/include/gtk-4.0/gdk/x11/gdkx-autocleanups.h:29:1: note: in expansion of macro ‘G_DEFINE_AUTOPTR_CLEANUP_FUNC’
   29 | G_DEFINE_AUTOPTR_CLEANUP_FUNC(GdkX11GLContext, g_object_unref)
      | ^~~~~~~~~~~~~~~~~~~~~~~~~~~~~
/usr/include/gtk-4.0/gdk/x11/gdkx-autocleanups.h:29:31: error: storage class specified for parameter ‘GdkX11GLContext_queueautoptr’
   29 | G_DEFINE_AUTOPTR_CLEANUP_FUNC(GdkX11GLContext, g_object_unref)
      |                               ^~~~~~~~~~~~~~~
/usr/include/glib-2.0/glib/gmacros.h:1387:49: note: in definition of macro ‘_GLIB_AUTOPTR_QUEUE_TYPENAME’
 1387 | #define _GLIB_AUTOPTR_QUEUE_TYPENAME(TypeName)  TypeName##_queueautoptr
      |                                                 ^~~~~~~~
/usr/include/glib-2.0/glib/gmacros.h:1415:3: note: in expansion of macro ‘_GLIB_DEFINE_AUTOPTR_CLEANUP_FUNCS’
 1415 |   _GLIB_DEFINE_AUTOPTR_CLEANUP_FUNCS(TypeName, TypeName, func)
      |   ^~~~~~~~~~~~~~~~~~~~~~~~~~~~~~~~~~
/usr/include/gtk-4.0/gdk/x11/gdkx-autocleanups.h:29:1: note: in expansion of macro ‘G_DEFINE_AUTOPTR_CLEANUP_FUNC’
   29 | G_DEFINE_AUTOPTR_CLEANUP_FUNC(GdkX11GLContext, g_object_unref)
      | ^~~~~~~~~~~~~~~~~~~~~~~~~~~~~
/usr/include/glib-2.0/glib/gmacros.h:760:3: error: expected declaration specifiers before ‘#pragma’
  760 |   _Pragma ("GCC diagnostic push")                       \
      |   ^~~~~~~
/usr/include/glib-2.0/glib/gmacros.h:1395:3: note: in expansion of macro ‘G_GNUC_BEGIN_IGNORE_DEPRECATIONS’
 1395 |   G_GNUC_BEGIN_IGNORE_DEPRECATIONS                                                                              \
      |   ^~~~~~~~~~~~~~~~~~~~~~~~~~~~~~~~
/usr/include/glib-2.0/glib/gmacros.h:1415:3: note: in expansion of macro ‘_GLIB_DEFINE_AUTOPTR_CLEANUP_FUNCS’
 1415 |   _GLIB_DEFINE_AUTOPTR_CLEANUP_FUNCS(TypeName, TypeName, func)
      |   ^~~~~~~~~~~~~~~~~~~~~~~~~~~~~~~~~~
/usr/include/gtk-4.0/gdk/x11/gdkx-autocleanups.h:29:1: note: in expansion of macro ‘G_DEFINE_AUTOPTR_CLEANUP_FUNC’
   29 | G_DEFINE_AUTOPTR_CLEANUP_FUNC(GdkX11GLContext, g_object_unref)
      | ^~~~~~~~~~~~~~~~~~~~~~~~~~~~~
/usr/include/gtk-4.0/gdk/x11/gdkx-autocleanups.h:29:31: error: expected declaration specifiers or ‘...’ before ‘GdkX11GLContext’
   29 | G_DEFINE_AUTOPTR_CLEANUP_FUNC(GdkX11GLContext, g_object_unref)
      |                               ^~~~~~~~~~~~~~~
/usr/include/glib-2.0/glib/gmacros.h:1398:71: note: in definition of macro ‘_GLIB_DEFINE_AUTOPTR_CLEANUP_FUNCS’
 1398 |   static G_GNUC_UNUSED inline void _GLIB_AUTOPTR_FUNC_NAME(TypeName) (TypeName **_ptr)                          \
      |                                                                       ^~~~~~~~
/usr/include/gtk-4.0/gdk/x11/gdkx-autocleanups.h:29:1: note: in expansion of macro ‘G_DEFINE_AUTOPTR_CLEANUP_FUNC’
   29 | G_DEFINE_AUTOPTR_CLEANUP_FUNC(GdkX11GLContext, g_object_unref)
      | ^~~~~~~~~~~~~~~~~~~~~~~~~~~~~
/usr/include/glib-2.0/glib/gmacros.h:1401:5: error: expected ‘=’, ‘,’, ‘;’, ‘asm’ or ‘__attribute__’ before ‘{’ token
 1401 |     { (cleanup) ((ParentName *) _ptr); }                                                                        \
      |     ^
/usr/include/glib-2.0/glib/gmacros.h:1415:3: note: in expansion of macro ‘_GLIB_DEFINE_AUTOPTR_CLEANUP_FUNCS’
 1415 |   _GLIB_DEFINE_AUTOPTR_CLEANUP_FUNCS(TypeName, TypeName, func)
      |   ^~~~~~~~~~~~~~~~~~~~~~~~~~~~~~~~~~
/usr/include/gtk-4.0/gdk/x11/gdkx-autocleanups.h:29:1: note: in expansion of macro ‘G_DEFINE_AUTOPTR_CLEANUP_FUNC’
   29 | G_DEFINE_AUTOPTR_CLEANUP_FUNC(GdkX11GLContext, g_object_unref)
      | ^~~~~~~~~~~~~~~~~~~~~~~~~~~~~
/usr/include/glib-2.0/glib/gmacros.h:1403:5: error: expected ‘=’, ‘,’, ‘;’, ‘asm’ or ‘__attribute__’ before ‘{’ token
 1403 |     { g_list_free_full (*_l, _GLIB_AUTOPTR_DESTROY_FUNC_NAME(TypeName)); }                                      \
      |     ^
/usr/include/glib-2.0/glib/gmacros.h:1415:3: note: in expansion of macro ‘_GLIB_DEFINE_AUTOPTR_CLEANUP_FUNCS’
 1415 |   _GLIB_DEFINE_AUTOPTR_CLEANUP_FUNCS(TypeName, TypeName, func)
      |   ^~~~~~~~~~~~~~~~~~~~~~~~~~~~~~~~~~
/usr/include/gtk-4.0/gdk/x11/gdkx-autocleanups.h:29:1: note: in expansion of macro ‘G_DEFINE_AUTOPTR_CLEANUP_FUNC’
   29 | G_DEFINE_AUTOPTR_CLEANUP_FUNC(GdkX11GLContext, g_object_unref)
      | ^~~~~~~~~~~~~~~~~~~~~~~~~~~~~
/usr/include/glib-2.0/glib/gmacros.h:1405:5: error: expected ‘=’, ‘,’, ‘;’, ‘asm’ or ‘__attribute__’ before ‘{’ token
 1405 |     { g_slist_free_full (*_l, _GLIB_AUTOPTR_DESTROY_FUNC_NAME(TypeName)); }                                     \
      |     ^
/usr/include/glib-2.0/glib/gmacros.h:1415:3: note: in expansion of macro ‘_GLIB_DEFINE_AUTOPTR_CLEANUP_FUNCS’
 1415 |   _GLIB_DEFINE_AUTOPTR_CLEANUP_FUNCS(TypeName, TypeName, func)
      |   ^~~~~~~~~~~~~~~~~~~~~~~~~~~~~~~~~~
/usr/include/gtk-4.0/gdk/x11/gdkx-autocleanups.h:29:1: note: in expansion of macro ‘G_DEFINE_AUTOPTR_CLEANUP_FUNC’
   29 | G_DEFINE_AUTOPTR_CLEANUP_FUNC(GdkX11GLContext, g_object_unref)
      | ^~~~~~~~~~~~~~~~~~~~~~~~~~~~~
/usr/include/glib-2.0/glib/gmacros.h:1407:5: error: expected ‘=’, ‘,’, ‘;’, ‘asm’ or ‘__attribute__’ before ‘{’ token
 1407 |     { if (*_q) g_queue_free_full (*_q, _GLIB_AUTOPTR_DESTROY_FUNC_NAME(TypeName)); }                            \
      |     ^
/usr/include/glib-2.0/glib/gmacros.h:1415:3: note: in expansion of macro ‘_GLIB_DEFINE_AUTOPTR_CLEANUP_FUNCS’
 1415 |   _GLIB_DEFINE_AUTOPTR_CLEANUP_FUNCS(TypeName, TypeName, func)
      |   ^~~~~~~~~~~~~~~~~~~~~~~~~~~~~~~~~~
/usr/include/gtk-4.0/gdk/x11/gdkx-autocleanups.h:29:1: note: in expansion of macro ‘G_DEFINE_AUTOPTR_CLEANUP_FUNC’
   29 | G_DEFINE_AUTOPTR_CLEANUP_FUNC(GdkX11GLContext, g_object_unref)
      | ^~~~~~~~~~~~~~~~~~~~~~~~~~~~~
/usr/include/glib-2.0/glib/gmacros.h:763:3: error: expected declaration specifiers before ‘#pragma’
  763 |   _Pragma ("GCC diagnostic pop")
      |   ^~~~~~~
/usr/include/glib-2.0/glib/gmacros.h:1408:3: note: in expansion of macro ‘G_GNUC_END_IGNORE_DEPRECATIONS’
 1408 |   G_GNUC_END_IGNORE_DEPRECATIONS
      |   ^~~~~~~~~~~~~~~~~~~~~~~~~~~~~~
/usr/include/glib-2.0/glib/gmacros.h:1415:3: note: in expansion of macro ‘_GLIB_DEFINE_AUTOPTR_CLEANUP_FUNCS’
 1415 |   _GLIB_DEFINE_AUTOPTR_CLEANUP_FUNCS(TypeName, TypeName, func)
      |   ^~~~~~~~~~~~~~~~~~~~~~~~~~~~~~~~~~
/usr/include/gtk-4.0/gdk/x11/gdkx-autocleanups.h:29:1: note: in expansion of macro ‘G_DEFINE_AUTOPTR_CLEANUP_FUNC’
   29 | G_DEFINE_AUTOPTR_CLEANUP_FUNC(GdkX11GLContext, g_object_unref)
      | ^~~~~~~~~~~~~~~~~~~~~~~~~~~~~
/usr/include/gtk-4.0/gdk/x11/gdkx-autocleanups.h:30:31: error: storage class specified for parameter ‘GdkX11Screen_listautoptr’
   30 | G_DEFINE_AUTOPTR_CLEANUP_FUNC(GdkX11Screen, g_object_unref)
      |                               ^~~~~~~~~~~~
/usr/include/glib-2.0/glib/gmacros.h:1383:48: note: in definition of macro ‘_GLIB_AUTOPTR_LIST_TYPENAME’
 1383 | #define _GLIB_AUTOPTR_LIST_TYPENAME(TypeName)  TypeName##_listautoptr
      |                                                ^~~~~~~~
/usr/include/glib-2.0/glib/gmacros.h:1415:3: note: in expansion of macro ‘_GLIB_DEFINE_AUTOPTR_CLEANUP_FUNCS’
 1415 |   _GLIB_DEFINE_AUTOPTR_CLEANUP_FUNCS(TypeName, TypeName, func)
      |   ^~~~~~~~~~~~~~~~~~~~~~~~~~~~~~~~~~
/usr/include/gtk-4.0/gdk/x11/gdkx-autocleanups.h:30:1: note: in expansion of macro ‘G_DEFINE_AUTOPTR_CLEANUP_FUNC’
   30 | G_DEFINE_AUTOPTR_CLEANUP_FUNC(GdkX11Screen, g_object_unref)
      | ^~~~~~~~~~~~~~~~~~~~~~~~~~~~~
/usr/include/gtk-4.0/gdk/x11/gdkx-autocleanups.h:30:31: error: storage class specified for parameter ‘GdkX11Screen_slistautoptr’
   30 | G_DEFINE_AUTOPTR_CLEANUP_FUNC(GdkX11Screen, g_object_unref)
      |                               ^~~~~~~~~~~~
/usr/include/glib-2.0/glib/gmacros.h:1385:49: note: in definition of macro ‘_GLIB_AUTOPTR_SLIST_TYPENAME’
 1385 | #define _GLIB_AUTOPTR_SLIST_TYPENAME(TypeName)  TypeName##_slistautoptr
      |                                                 ^~~~~~~~
/usr/include/glib-2.0/glib/gmacros.h:1415:3: note: in expansion of macro ‘_GLIB_DEFINE_AUTOPTR_CLEANUP_FUNCS’
 1415 |   _GLIB_DEFINE_AUTOPTR_CLEANUP_FUNCS(TypeName, TypeName, func)
      |   ^~~~~~~~~~~~~~~~~~~~~~~~~~~~~~~~~~
/usr/include/gtk-4.0/gdk/x11/gdkx-autocleanups.h:30:1: note: in expansion of macro ‘G_DEFINE_AUTOPTR_CLEANUP_FUNC’
   30 | G_DEFINE_AUTOPTR_CLEANUP_FUNC(GdkX11Screen, g_object_unref)
      | ^~~~~~~~~~~~~~~~~~~~~~~~~~~~~
/usr/include/gtk-4.0/gdk/x11/gdkx-autocleanups.h:30:31: error: storage class specified for parameter ‘GdkX11Screen_queueautoptr’
   30 | G_DEFINE_AUTOPTR_CLEANUP_FUNC(GdkX11Screen, g_object_unref)
      |                               ^~~~~~~~~~~~
/usr/include/glib-2.0/glib/gmacros.h:1387:49: note: in definition of macro ‘_GLIB_AUTOPTR_QUEUE_TYPENAME’
 1387 | #define _GLIB_AUTOPTR_QUEUE_TYPENAME(TypeName)  TypeName##_queueautoptr
      |                                                 ^~~~~~~~
/usr/include/glib-2.0/glib/gmacros.h:1415:3: note: in expansion of macro ‘_GLIB_DEFINE_AUTOPTR_CLEANUP_FUNCS’
 1415 |   _GLIB_DEFINE_AUTOPTR_CLEANUP_FUNCS(TypeName, TypeName, func)
      |   ^~~~~~~~~~~~~~~~~~~~~~~~~~~~~~~~~~
/usr/include/gtk-4.0/gdk/x11/gdkx-autocleanups.h:30:1: note: in expansion of macro ‘G_DEFINE_AUTOPTR_CLEANUP_FUNC’
   30 | G_DEFINE_AUTOPTR_CLEANUP_FUNC(GdkX11Screen, g_object_unref)
      | ^~~~~~~~~~~~~~~~~~~~~~~~~~~~~
/usr/include/glib-2.0/glib/gmacros.h:760:3: error: expected declaration specifiers before ‘#pragma’
  760 |   _Pragma ("GCC diagnostic push")                       \
      |   ^~~~~~~
/usr/include/glib-2.0/glib/gmacros.h:1395:3: note: in expansion of macro ‘G_GNUC_BEGIN_IGNORE_DEPRECATIONS’
 1395 |   G_GNUC_BEGIN_IGNORE_DEPRECATIONS                                                                              \
      |   ^~~~~~~~~~~~~~~~~~~~~~~~~~~~~~~~
/usr/include/glib-2.0/glib/gmacros.h:1415:3: note: in expansion of macro ‘_GLIB_DEFINE_AUTOPTR_CLEANUP_FUNCS’
 1415 |   _GLIB_DEFINE_AUTOPTR_CLEANUP_FUNCS(TypeName, TypeName, func)
      |   ^~~~~~~~~~~~~~~~~~~~~~~~~~~~~~~~~~
/usr/include/gtk-4.0/gdk/x11/gdkx-autocleanups.h:30:1: note: in expansion of macro ‘G_DEFINE_AUTOPTR_CLEANUP_FUNC’
   30 | G_DEFINE_AUTOPTR_CLEANUP_FUNC(GdkX11Screen, g_object_unref)
      | ^~~~~~~~~~~~~~~~~~~~~~~~~~~~~
/usr/include/gtk-4.0/gdk/x11/gdkx-autocleanups.h:30:31: error: expected declaration specifiers or ‘...’ before ‘GdkX11Screen’
   30 | G_DEFINE_AUTOPTR_CLEANUP_FUNC(GdkX11Screen, g_object_unref)
      |                               ^~~~~~~~~~~~
/usr/include/glib-2.0/glib/gmacros.h:1398:71: note: in definition of macro ‘_GLIB_DEFINE_AUTOPTR_CLEANUP_FUNCS’
 1398 |   static G_GNUC_UNUSED inline void _GLIB_AUTOPTR_FUNC_NAME(TypeName) (TypeName **_ptr)                          \
      |                                                                       ^~~~~~~~
/usr/include/gtk-4.0/gdk/x11/gdkx-autocleanups.h:30:1: note: in expansion of macro ‘G_DEFINE_AUTOPTR_CLEANUP_FUNC’
   30 | G_DEFINE_AUTOPTR_CLEANUP_FUNC(GdkX11Screen, g_object_unref)
      | ^~~~~~~~~~~~~~~~~~~~~~~~~~~~~
/usr/include/glib-2.0/glib/gmacros.h:1401:5: error: expected ‘=’, ‘,’, ‘;’, ‘asm’ or ‘__attribute__’ before ‘{’ token
 1401 |     { (cleanup) ((ParentName *) _ptr); }                                                                        \
      |     ^
/usr/include/glib-2.0/glib/gmacros.h:1415:3: note: in expansion of macro ‘_GLIB_DEFINE_AUTOPTR_CLEANUP_FUNCS’
 1415 |   _GLIB_DEFINE_AUTOPTR_CLEANUP_FUNCS(TypeName, TypeName, func)
      |   ^~~~~~~~~~~~~~~~~~~~~~~~~~~~~~~~~~
/usr/include/gtk-4.0/gdk/x11/gdkx-autocleanups.h:30:1: note: in expansion of macro ‘G_DEFINE_AUTOPTR_CLEANUP_FUNC’
   30 | G_DEFINE_AUTOPTR_CLEANUP_FUNC(GdkX11Screen, g_object_unref)
      | ^~~~~~~~~~~~~~~~~~~~~~~~~~~~~
/usr/include/glib-2.0/glib/gmacros.h:1403:5: error: expected ‘=’, ‘,’, ‘;’, ‘asm’ or ‘__attribute__’ before ‘{’ token
 1403 |     { g_list_free_full (*_l, _GLIB_AUTOPTR_DESTROY_FUNC_NAME(TypeName)); }                                      \
      |     ^
/usr/include/glib-2.0/glib/gmacros.h:1415:3: note: in expansion of macro ‘_GLIB_DEFINE_AUTOPTR_CLEANUP_FUNCS’
 1415 |   _GLIB_DEFINE_AUTOPTR_CLEANUP_FUNCS(TypeName, TypeName, func)
      |   ^~~~~~~~~~~~~~~~~~~~~~~~~~~~~~~~~~
/usr/include/gtk-4.0/gdk/x11/gdkx-autocleanups.h:30:1: note: in expansion of macro ‘G_DEFINE_AUTOPTR_CLEANUP_FUNC’
   30 | G_DEFINE_AUTOPTR_CLEANUP_FUNC(GdkX11Screen, g_object_unref)
      | ^~~~~~~~~~~~~~~~~~~~~~~~~~~~~
/usr/include/glib-2.0/glib/gmacros.h:1405:5: error: expected ‘=’, ‘,’, ‘;’, ‘asm’ or ‘__attribute__’ before ‘{’ token
 1405 |     { g_slist_free_full (*_l, _GLIB_AUTOPTR_DESTROY_FUNC_NAME(TypeName)); }                                     \
      |     ^
/usr/include/glib-2.0/glib/gmacros.h:1415:3: note: in expansion of macro ‘_GLIB_DEFINE_AUTOPTR_CLEANUP_FUNCS’
 1415 |   _GLIB_DEFINE_AUTOPTR_CLEANUP_FUNCS(TypeName, TypeName, func)
      |   ^~~~~~~~~~~~~~~~~~~~~~~~~~~~~~~~~~
/usr/include/gtk-4.0/gdk/x11/gdkx-autocleanups.h:30:1: note: in expansion of macro ‘G_DEFINE_AUTOPTR_CLEANUP_FUNC’
   30 | G_DEFINE_AUTOPTR_CLEANUP_FUNC(GdkX11Screen, g_object_unref)
      | ^~~~~~~~~~~~~~~~~~~~~~~~~~~~~
/usr/include/glib-2.0/glib/gmacros.h:1407:5: error: expected ‘=’, ‘,’, ‘;’, ‘asm’ or ‘__attribute__’ before ‘{’ token
 1407 |     { if (*_q) g_queue_free_full (*_q, _GLIB_AUTOPTR_DESTROY_FUNC_NAME(TypeName)); }                            \
      |     ^
/usr/include/glib-2.0/glib/gmacros.h:1415:3: note: in expansion of macro ‘_GLIB_DEFINE_AUTOPTR_CLEANUP_FUNCS’
 1415 |   _GLIB_DEFINE_AUTOPTR_CLEANUP_FUNCS(TypeName, TypeName, func)
      |   ^~~~~~~~~~~~~~~~~~~~~~~~~~~~~~~~~~
/usr/include/gtk-4.0/gdk/x11/gdkx-autocleanups.h:30:1: note: in expansion of macro ‘G_DEFINE_AUTOPTR_CLEANUP_FUNC’
   30 | G_DEFINE_AUTOPTR_CLEANUP_FUNC(GdkX11Screen, g_object_unref)
      | ^~~~~~~~~~~~~~~~~~~~~~~~~~~~~
/usr/include/glib-2.0/glib/gmacros.h:763:3: error: expected declaration specifiers before ‘#pragma’
  763 |   _Pragma ("GCC diagnostic pop")
      |   ^~~~~~~
/usr/include/glib-2.0/glib/gmacros.h:1408:3: note: in expansion of macro ‘G_GNUC_END_IGNORE_DEPRECATIONS’
 1408 |   G_GNUC_END_IGNORE_DEPRECATIONS
      |   ^~~~~~~~~~~~~~~~~~~~~~~~~~~~~~
/usr/include/glib-2.0/glib/gmacros.h:1415:3: note: in expansion of macro ‘_GLIB_DEFINE_AUTOPTR_CLEANUP_FUNCS’
 1415 |   _GLIB_DEFINE_AUTOPTR_CLEANUP_FUNCS(TypeName, TypeName, func)
      |   ^~~~~~~~~~~~~~~~~~~~~~~~~~~~~~~~~~
/usr/include/gtk-4.0/gdk/x11/gdkx-autocleanups.h:30:1: note: in expansion of macro ‘G_DEFINE_AUTOPTR_CLEANUP_FUNC’
   30 | G_DEFINE_AUTOPTR_CLEANUP_FUNC(GdkX11Screen, g_object_unref)
      | ^~~~~~~~~~~~~~~~~~~~~~~~~~~~~
/usr/include/gtk-4.0/gdk/x11/gdkx-autocleanups.h:31:31: error: storage class specified for parameter ‘GdkX11Surface_listautoptr’
   31 | G_DEFINE_AUTOPTR_CLEANUP_FUNC(GdkX11Surface, g_object_unref)
      |                               ^~~~~~~~~~~~~
/usr/include/glib-2.0/glib/gmacros.h:1383:48: note: in definition of macro ‘_GLIB_AUTOPTR_LIST_TYPENAME’
 1383 | #define _GLIB_AUTOPTR_LIST_TYPENAME(TypeName)  TypeName##_listautoptr
      |                                                ^~~~~~~~
/usr/include/glib-2.0/glib/gmacros.h:1415:3: note: in expansion of macro ‘_GLIB_DEFINE_AUTOPTR_CLEANUP_FUNCS’
 1415 |   _GLIB_DEFINE_AUTOPTR_CLEANUP_FUNCS(TypeName, TypeName, func)
      |   ^~~~~~~~~~~~~~~~~~~~~~~~~~~~~~~~~~
/usr/include/gtk-4.0/gdk/x11/gdkx-autocleanups.h:31:1: note: in expansion of macro ‘G_DEFINE_AUTOPTR_CLEANUP_FUNC’
   31 | G_DEFINE_AUTOPTR_CLEANUP_FUNC(GdkX11Surface, g_object_unref)
      | ^~~~~~~~~~~~~~~~~~~~~~~~~~~~~
/usr/include/gtk-4.0/gdk/x11/gdkx-autocleanups.h:31:31: error: storage class specified for parameter ‘GdkX11Surface_slistautoptr’
   31 | G_DEFINE_AUTOPTR_CLEANUP_FUNC(GdkX11Surface, g_object_unref)
      |                               ^~~~~~~~~~~~~
/usr/include/glib-2.0/glib/gmacros.h:1385:49: note: in definition of macro ‘_GLIB_AUTOPTR_SLIST_TYPENAME’
 1385 | #define _GLIB_AUTOPTR_SLIST_TYPENAME(TypeName)  TypeName##_slistautoptr
      |                                                 ^~~~~~~~
/usr/include/glib-2.0/glib/gmacros.h:1415:3: note: in expansion of macro ‘_GLIB_DEFINE_AUTOPTR_CLEANUP_FUNCS’
 1415 |   _GLIB_DEFINE_AUTOPTR_CLEANUP_FUNCS(TypeName, TypeName, func)
      |   ^~~~~~~~~~~~~~~~~~~~~~~~~~~~~~~~~~
/usr/include/gtk-4.0/gdk/x11/gdkx-autocleanups.h:31:1: note: in expansion of macro ‘G_DEFINE_AUTOPTR_CLEANUP_FUNC’
   31 | G_DEFINE_AUTOPTR_CLEANUP_FUNC(GdkX11Surface, g_object_unref)
      | ^~~~~~~~~~~~~~~~~~~~~~~~~~~~~
/usr/include/gtk-4.0/gdk/x11/gdkx-autocleanups.h:31:31: error: storage class specified for parameter ‘GdkX11Surface_queueautoptr’
   31 | G_DEFINE_AUTOPTR_CLEANUP_FUNC(GdkX11Surface, g_object_unref)
      |                               ^~~~~~~~~~~~~
/usr/include/glib-2.0/glib/gmacros.h:1387:49: note: in definition of macro ‘_GLIB_AUTOPTR_QUEUE_TYPENAME’
 1387 | #define _GLIB_AUTOPTR_QUEUE_TYPENAME(TypeName)  TypeName##_queueautoptr
      |                                                 ^~~~~~~~
/usr/include/glib-2.0/glib/gmacros.h:1415:3: note: in expansion of macro ‘_GLIB_DEFINE_AUTOPTR_CLEANUP_FUNCS’
 1415 |   _GLIB_DEFINE_AUTOPTR_CLEANUP_FUNCS(TypeName, TypeName, func)
      |   ^~~~~~~~~~~~~~~~~~~~~~~~~~~~~~~~~~
/usr/include/gtk-4.0/gdk/x11/gdkx-autocleanups.h:31:1: note: in expansion of macro ‘G_DEFINE_AUTOPTR_CLEANUP_FUNC’
   31 | G_DEFINE_AUTOPTR_CLEANUP_FUNC(GdkX11Surface, g_object_unref)
      | ^~~~~~~~~~~~~~~~~~~~~~~~~~~~~
/usr/include/glib-2.0/glib/gmacros.h:760:3: error: expected declaration specifiers before ‘#pragma’
  760 |   _Pragma ("GCC diagnostic push")                       \
      |   ^~~~~~~
/usr/include/glib-2.0/glib/gmacros.h:1395:3: note: in expansion of macro ‘G_GNUC_BEGIN_IGNORE_DEPRECATIONS’
 1395 |   G_GNUC_BEGIN_IGNORE_DEPRECATIONS                                                                              \
      |   ^~~~~~~~~~~~~~~~~~~~~~~~~~~~~~~~
/usr/include/glib-2.0/glib/gmacros.h:1415:3: note: in expansion of macro ‘_GLIB_DEFINE_AUTOPTR_CLEANUP_FUNCS’
 1415 |   _GLIB_DEFINE_AUTOPTR_CLEANUP_FUNCS(TypeName, TypeName, func)
      |   ^~~~~~~~~~~~~~~~~~~~~~~~~~~~~~~~~~
/usr/include/gtk-4.0/gdk/x11/gdkx-autocleanups.h:31:1: note: in expansion of macro ‘G_DEFINE_AUTOPTR_CLEANUP_FUNC’
   31 | G_DEFINE_AUTOPTR_CLEANUP_FUNC(GdkX11Surface, g_object_unref)
      | ^~~~~~~~~~~~~~~~~~~~~~~~~~~~~
/usr/include/gtk-4.0/gdk/x11/gdkx-autocleanups.h:31:31: error: expected declaration specifiers or ‘...’ before ‘GdkX11Surface’
   31 | G_DEFINE_AUTOPTR_CLEANUP_FUNC(GdkX11Surface, g_object_unref)
      |                               ^~~~~~~~~~~~~
/usr/include/glib-2.0/glib/gmacros.h:1398:71: note: in definition of macro ‘_GLIB_DEFINE_AUTOPTR_CLEANUP_FUNCS’
 1398 |   static G_GNUC_UNUSED inline void _GLIB_AUTOPTR_FUNC_NAME(TypeName) (TypeName **_ptr)                          \
      |                                                                       ^~~~~~~~
/usr/include/gtk-4.0/gdk/x11/gdkx-autocleanups.h:31:1: note: in expansion of macro ‘G_DEFINE_AUTOPTR_CLEANUP_FUNC’
   31 | G_DEFINE_AUTOPTR_CLEANUP_FUNC(GdkX11Surface, g_object_unref)
      | ^~~~~~~~~~~~~~~~~~~~~~~~~~~~~
/usr/include/glib-2.0/glib/gmacros.h:1401:5: error: expected ‘=’, ‘,’, ‘;’, ‘asm’ or ‘__attribute__’ before ‘{’ token
 1401 |     { (cleanup) ((ParentName *) _ptr); }                                                                        \
      |     ^
/usr/include/glib-2.0/glib/gmacros.h:1415:3: note: in expansion of macro ‘_GLIB_DEFINE_AUTOPTR_CLEANUP_FUNCS’
 1415 |   _GLIB_DEFINE_AUTOPTR_CLEANUP_FUNCS(TypeName, TypeName, func)
      |   ^~~~~~~~~~~~~~~~~~~~~~~~~~~~~~~~~~
/usr/include/gtk-4.0/gdk/x11/gdkx-autocleanups.h:31:1: note: in expansion of macro ‘G_DEFINE_AUTOPTR_CLEANUP_FUNC’
   31 | G_DEFINE_AUTOPTR_CLEANUP_FUNC(GdkX11Surface, g_object_unref)
      | ^~~~~~~~~~~~~~~~~~~~~~~~~~~~~
/usr/include/glib-2.0/glib/gmacros.h:1403:5: error: expected ‘=’, ‘,’, ‘;’, ‘asm’ or ‘__attribute__’ before ‘{’ token
 1403 |     { g_list_free_full (*_l, _GLIB_AUTOPTR_DESTROY_FUNC_NAME(TypeName)); }                                      \
      |     ^
/usr/include/glib-2.0/glib/gmacros.h:1415:3: note: in expansion of macro ‘_GLIB_DEFINE_AUTOPTR_CLEANUP_FUNCS’
 1415 |   _GLIB_DEFINE_AUTOPTR_CLEANUP_FUNCS(TypeName, TypeName, func)
      |   ^~~~~~~~~~~~~~~~~~~~~~~~~~~~~~~~~~
/usr/include/gtk-4.0/gdk/x11/gdkx-autocleanups.h:31:1: note: in expansion of macro ‘G_DEFINE_AUTOPTR_CLEANUP_FUNC’
   31 | G_DEFINE_AUTOPTR_CLEANUP_FUNC(GdkX11Surface, g_object_unref)
      | ^~~~~~~~~~~~~~~~~~~~~~~~~~~~~
/usr/include/glib-2.0/glib/gmacros.h:1405:5: error: expected ‘=’, ‘,’, ‘;’, ‘asm’ or ‘__attribute__’ before ‘{’ token
 1405 |     { g_slist_free_full (*_l, _GLIB_AUTOPTR_DESTROY_FUNC_NAME(TypeName)); }                                     \
      |     ^
/usr/include/glib-2.0/glib/gmacros.h:1415:3: note: in expansion of macro ‘_GLIB_DEFINE_AUTOPTR_CLEANUP_FUNCS’
 1415 |   _GLIB_DEFINE_AUTOPTR_CLEANUP_FUNCS(TypeName, TypeName, func)
      |   ^~~~~~~~~~~~~~~~~~~~~~~~~~~~~~~~~~
/usr/include/gtk-4.0/gdk/x11/gdkx-autocleanups.h:31:1: note: in expansion of macro ‘G_DEFINE_AUTOPTR_CLEANUP_FUNC’
   31 | G_DEFINE_AUTOPTR_CLEANUP_FUNC(GdkX11Surface, g_object_unref)
      | ^~~~~~~~~~~~~~~~~~~~~~~~~~~~~
/usr/include/glib-2.0/glib/gmacros.h:1407:5: error: expected ‘=’, ‘,’, ‘;’, ‘asm’ or ‘__attribute__’ before ‘{’ token
 1407 |     { if (*_q) g_queue_free_full (*_q, _GLIB_AUTOPTR_DESTROY_FUNC_NAME(TypeName)); }                            \
      |     ^
/usr/include/glib-2.0/glib/gmacros.h:1415:3: note: in expansion of macro ‘_GLIB_DEFINE_AUTOPTR_CLEANUP_FUNCS’
 1415 |   _GLIB_DEFINE_AUTOPTR_CLEANUP_FUNCS(TypeName, TypeName, func)
      |   ^~~~~~~~~~~~~~~~~~~~~~~~~~~~~~~~~~
/usr/include/gtk-4.0/gdk/x11/gdkx-autocleanups.h:31:1: note: in expansion of macro ‘G_DEFINE_AUTOPTR_CLEANUP_FUNC’
   31 | G_DEFINE_AUTOPTR_CLEANUP_FUNC(GdkX11Surface, g_object_unref)
      | ^~~~~~~~~~~~~~~~~~~~~~~~~~~~~
/usr/include/glib-2.0/glib/gmacros.h:763:3: error: expected declaration specifiers before ‘#pragma’
  763 |   _Pragma ("GCC diagnostic pop")
      |   ^~~~~~~
/usr/include/glib-2.0/glib/gmacros.h:1408:3: note: in expansion of macro ‘G_GNUC_END_IGNORE_DEPRECATIONS’
 1408 |   G_GNUC_END_IGNORE_DEPRECATIONS
      |   ^~~~~~~~~~~~~~~~~~~~~~~~~~~~~~
/usr/include/glib-2.0/glib/gmacros.h:1415:3: note: in expansion of macro ‘_GLIB_DEFINE_AUTOPTR_CLEANUP_FUNCS’
 1415 |   _GLIB_DEFINE_AUTOPTR_CLEANUP_FUNCS(TypeName, TypeName, func)
      |   ^~~~~~~~~~~~~~~~~~~~~~~~~~~~~~~~~~
/usr/include/gtk-4.0/gdk/x11/gdkx-autocleanups.h:31:1: note: in expansion of macro ‘G_DEFINE_AUTOPTR_CLEANUP_FUNC’
   31 | G_DEFINE_AUTOPTR_CLEANUP_FUNC(GdkX11Surface, g_object_unref)
      | ^~~~~~~~~~~~~~~~~~~~~~~~~~~~~
src/main.c:34:1: error: parameter ‘sprite_y’ is initialized
   34 | int32_t sprite_y  =   400;
      | ^~~~~~~
src/main.c:35:1: error: parameter ‘food_x’ is initialized
   35 | int32_t food_x    =     0;
      | ^~~~~~~
src/main.c:36:1: error: parameter ‘food_y’ is initialized
   36 | int32_t food_y    =     0;
      | ^~~~~~~
src/main.c:37:1: error: parameter ‘food_enabled’ is initialized
   37 | bool food_enabled = false;
      | ^~~~
src/main.c:44:39: error: expected ‘=’, ‘,’, ‘;’, ‘asm’ or ‘__attribute__’ before ‘{’ token
   44 | static GdkMonitor *pick_monitor(void) {
      |                                       ^
src/main.c:58:24: error: storage class specified for parameter ‘input_region’
   58 | static cairo_region_t *input_region = NULL;
      |                        ^~~~~~~~~~~~
src/main.c:58:1: error: parameter ‘input_region’ is initialized
   58 | static cairo_region_t *input_region = NULL;
      | ^~~~~~
src/main.c:59:31: error: storage class specified for parameter ‘tracked_rects’
   59 | static cairo_rectangle_int_t *tracked_rects = NULL;
      |                               ^~~~~~~~~~~~~
src/main.c:59:1: error: parameter ‘tracked_rects’ is initialized
   59 | static cairo_rectangle_int_t *tracked_rects = NULL;
      | ^~~~~~
src/main.c:60:16: error: storage class specified for parameter ‘tc’
   60 | static int16_t tc = 0;
      |                ^~
src/main.c:60:1: error: parameter ‘tc’ is initialized
   60 | static int16_t tc = 0;
      | ^~~~~~
src/main.c:61:20: error: storage class specified for parameter ‘surface_cache’
   61 | static GdkSurface *surface_cache;
      |                    ^~~~~~~~~~~~~
src/main.c:62:44: error: expected ‘=’, ‘,’, ‘;’, ‘asm’ or ‘__attribute__’ before ‘{’ token
   62 | static void degrli_input_region_init(void) {
      |                                            ^
src/main.c:77:60: error: expected ‘=’, ‘,’, ‘;’, ‘asm’ or ‘__attribute__’ before ‘{’ token
   77 | static void degrli_move_input_region(int16_t num_rec, ...) {
      |                                                            ^
src/main.c:129:47: error: expected ‘=’, ‘,’, ‘;’, ‘asm’ or ‘__attribute__’ before ‘{’ token
  129 | static void degrli_input_region_cleanup(void) {
      |                                               ^
src/main.c:139:16: error: storage class specified for parameter ‘ddsx’
  139 | static int32_t ddsx, ddsy;
      |                ^~~~
src/main.c:139:22: error: storage class specified for parameter ‘ddsy’
  139 | static int32_t ddsx, ddsy;
      |                      ^~~~
src/main.c:140:19: error: storage class specified for parameter ‘target_w’
  140 | static GtkWidget *target_w = NULL;
      |                   ^~~~~~~~
src/main.c:140:1: error: parameter ‘target_w’ is initialized
  140 | static GtkWidget *target_w = NULL;
      | ^~~~~~
src/main.c:143:47: error: expected ‘=’, ‘,’, ‘;’, ‘asm’ or ‘__attribute__’ before ‘{’ token
  143 |                           gpointer user_data) {
      |                                               ^
src/main.c:169:107: error: expected ‘=’, ‘,’, ‘;’, ‘asm’ or ‘__attribute__’ before ‘{’ token
  169 | static void on_drag_update(GtkGestureDrag *gesture, double offset_x, double offset_y, gpointer user_data) {
      |                                                                                                           ^
src/main.c:193:52: error: expected ‘=’, ‘,’, ‘;’, ‘asm’ or ‘__attribute__’ before ‘{’ token
  193 |                                gpointer user_data) {
      |                                                    ^
src/main.c:204:26: error: expected ‘=’, ‘,’, ‘;’, ‘asm’ or ‘__attribute__’ before ‘{’ token
  204 | static void on_r_click() { g_print("Right mouse button clicked!\n"); }
      |                          ^
src/main.c:206:63: error: expected ‘=’, ‘,’, ‘;’, ‘asm’ or ‘__attribute__’ before ‘{’ token
  206 | static void activate(GtkApplication *app, gpointer user_data) {
      |                                                               ^
src/main.c:373:23: error: expected ‘=’, ‘,’, ‘;’, ‘asm’ or ‘__attribute__’ before ‘{’ token
  373 | static void cleanup() {
      |                       ^
src/main.c:380:34: error: expected ‘=’, ‘,’, ‘;’, ‘asm’ or ‘__attribute__’ before ‘{’ token
  380 | static void cleanup_sig(int sig) {
      |                                  ^
src/main.c:384:33: error: expected ‘=’, ‘,’, ‘;’, ‘asm’ or ‘__attribute__’ before ‘{’ token
  384 | int main(int argc, char **argv) {
      |                                 ^
In file included from src/main.c:19:
src/asset.h:44:6: error: old-style parameter declarations in prototyped function definition
   44 | void asset_cleanup(void)
      |      ^~~~~~~~~~~~~
src/main.c:415: error: expected ‘{’ at end of input
make: *** [Makefile:28: dynamic.o] Error 1
